###############################################################################
#
# IAR ELF Linker V8.30.1.114/W32 for ARM                  16/Sep/2019  10:44:16
# Copyright 2007-2018 IAR Systems AB.
#
#    Output file  =  C:\Users\dima8\Desktop\test\Debug\Exe\test.out
#    Map file     =  C:\Users\dima8\Desktop\test\Debug\List\test.map
#    Command line =  
#        -f C:\Users\dima8\AppData\Local\Temp\EWD377.tmp
#        (C:\Users\dima8\Desktop\test\Debug\Obj\main.o
#        C:\Users\dima8\Desktop\test\Debug\Obj\startup_stm32f103x6.o
#        C:\Users\dima8\Desktop\test\Debug\Obj\system_stm32f1xx.o
#        --no_out_extension -o C:\Users\dima8\Desktop\test\Debug\Exe\test.out
#        --redirect _Printf=_PrintfFullNoMb --redirect _Scanf=_ScanfFullNoMb
#        --map C:\Users\dima8\Desktop\test\Debug\List\test.map --config
#        "C:\Program Files (x86)\IAR Systems\Embedded Workbench
#        8.1\arm\config\linker\ST\stm32f103x6.icf" --semihosting --entry
#        __iar_program_start --vfe --text_out locale)
#
###############################################################################

*******************************************************************************
*** RUNTIME MODEL ATTRIBUTES
***

CppFlavor       = *
__SystemLibrary = DLib
__dlib_version  = 6


*******************************************************************************
*** HEAP SELECTION
***

The basic heap was selected because no calls to memory allocation
functions were found in the application outside of system library
functions, and there are calls to deallocation functions in the
application.


*******************************************************************************
*** PLACEMENT SUMMARY
***

"A0":  place at 0x800'0000 { ro section .intvec };
"P1":  place in [from 0x800'0000 to 0x800'7fff] { ro };
define block CSTACK with size = 2K, alignment = 8 { };
define block HEAP with size = 2K, alignment = 8 { };
"P2":  place in [from 0x2000'0000 to 0x2000'27ff] {
          rw, block CSTACK, block HEAP };
initialize by copy { rw };

  Section            Kind         Address    Size  Object
  -------            ----         -------    ----  ------
"A0":                                        0xec
  .intvec            ro code   0x800'0000    0xec  startup_stm32f103x6.o [1]
                             - 0x800'00ec    0xec

"P1":                                      0x208c
  .text              ro code   0x800'00ec   0xe26  xprintffull_nomb.o [2]
  .text              ro code   0x800'0f14    0x16  strchr.o [4]
  .text              ro code   0x800'0f2c    0x40  xfail_s.o [2]
  .text              ro code   0x800'0f6c    0x36  strlen.o [4]
  .text              ro code   0x800'0fa4    0x58  memchr.o [4]
  .text              ro code   0x800'0ffc   0x230  I64DivMod.o [4]
  .text              ro code   0x800'122c   0x1a2  DblMul.o [3]
  .text              ro code   0x800'13d0    0xa6  ABImemcpy.o [4]
  .text              ro code   0x800'1478    0x70  frexp.o [3]
  .text              ro code   0x800'14e8    0x2e  DblCmpLe.o [3]
  .text              ro code   0x800'1518    0x2e  DblCmpGe.o [3]
  .text              ro code   0x800'1548   0x13a  ldexp.o [3]
  .text              ro code   0x800'1684    0x3a  DblToS32.o [3]
  .text              ro code   0x800'16c0    0x22  S32ToDbl.o [3]
  .text              ro code   0x800'16e4    0xe2  DblSub.o [3]
  .text              ro code   0x800'17c8   0x246  DblDiv.o [3]
  .text              ro code   0x800'1a10    0x28  DblToU32.o [3]
  .text              ro code   0x800'1a38    0x1a  U32ToDbl.o [3]
  .text              ro code   0x800'1a52     0x6  abort.o [2]
  .text              ro code   0x800'1a58     0x2  I64DivZer.o [4]
  .text              ro code   0x800'1a5c   0x16a  DblAdd.o [3]
  .text              ro code   0x800'1bc8    0x14  exit.o [5]
  .text              ro code   0x800'1bdc    0x80  iarttio.o [5]
  .text              ro code   0x800'1c5c    0x3c  XShttio.o [2]
  .text              ro code   0x800'1c98   0x20c  main.o [1]
  .text              ro code   0x800'1ea4    0x28  printf.o [2]
  .text              ro code   0x800'1ecc    0x58  system_stm32f1xx.o [1]
  .text              ro code   0x800'1f24    0x38  packbits_init_single.o [4]
  .text              ro code   0x800'1f5c    0x28  data_init.o [4]
  .text              ro code   0x800'1f84    0x22  iarwrite.o [5]
  .iar.init_table    const     0x800'1fa8    0x10  - Linker created -
  .text              ro code   0x800'1fb8    0x20  putchar.o [2]
  .text              ro code   0x800'1fd8    0x10  write.o [5]
  .text              ro code   0x800'1fe8    0x1e  dwrite.o [5]
  .text              ro code   0x800'2006    0x20  iarwstd.o [5]
  .text              ro code   0x800'2028    0x1e  cmain.o [4]
  .text              ro code   0x800'2046     0x4  low_level_init.o [2]
  .text              ro code   0x800'204a     0x4  exit.o [2]
  .text              ro code   0x800'2050     0xa  cexit.o [4]
  .text              ro code   0x800'205a    0x16  xprout.o [2]
  .text              ro code   0x800'2070    0x10  startup_stm32f103x6.o [1]
  .text              ro code   0x800'2080     0xc  cstartup_M.o [4]
  .rodata            const     0x800'208c     0x8  main.o [1]
  .rodata            const     0x800'2094     0x8  main.o [1]
  .rodata            const     0x800'209c     0x8  main.o [1]
  .rodata            const     0x800'20a4     0x8  main.o [1]
  .rodata            const     0x800'20ac     0x8  main.o [1]
  .rodata            const     0x800'20b4     0x8  main.o [1]
  .text              ro code   0x800'20bc     0x4  startup_stm32f103x6.o [1]
  .text              ro code   0x800'20c0     0x4  startup_stm32f103x6.o [1]
  .text              ro code   0x800'20c4     0x4  startup_stm32f103x6.o [1]
  .text              ro code   0x800'20c8     0x4  startup_stm32f103x6.o [1]
  .text              ro code   0x800'20cc     0x4  startup_stm32f103x6.o [1]
  .text              ro code   0x800'20d0     0x4  startup_stm32f103x6.o [1]
  .text              ro code   0x800'20d4     0x4  startup_stm32f103x6.o [1]
  .text              ro code   0x800'20d8     0x4  startup_stm32f103x6.o [1]
  .text              ro code   0x800'20dc     0x4  startup_stm32f103x6.o [1]
  .text              ro code   0x800'20e0     0x4  startup_stm32f103x6.o [1]
  .text              ro code   0x800'20e4     0x4  startup_stm32f103x6.o [1]
  .text              ro code   0x800'20e8     0x4  startup_stm32f103x6.o [1]
  .text              ro code   0x800'20ec     0x4  startup_stm32f103x6.o [1]
  .text              ro code   0x800'20f0     0x4  startup_stm32f103x6.o [1]
  .text              ro code   0x800'20f4     0x4  startup_stm32f103x6.o [1]
  .text              ro code   0x800'20f8     0x4  startup_stm32f103x6.o [1]
  .text              ro code   0x800'20fc     0x4  startup_stm32f103x6.o [1]
  .text              ro code   0x800'2100     0x4  startup_stm32f103x6.o [1]
  .text              ro code   0x800'2104     0x4  startup_stm32f103x6.o [1]
  .text              ro code   0x800'2108     0x4  startup_stm32f103x6.o [1]
  .text              ro code   0x800'210c     0x4  startup_stm32f103x6.o [1]
  .text              ro code   0x800'2110     0x4  startup_stm32f103x6.o [1]
  .text              ro code   0x800'2114     0x4  startup_stm32f103x6.o [1]
  .text              ro code   0x800'2118     0x4  startup_stm32f103x6.o [1]
  .text              ro code   0x800'211c     0x4  startup_stm32f103x6.o [1]
  .text              ro code   0x800'2120     0x4  startup_stm32f103x6.o [1]
  .text              ro code   0x800'2124     0x4  startup_stm32f103x6.o [1]
  .text              ro code   0x800'2128     0x4  startup_stm32f103x6.o [1]
  .text              ro code   0x800'212c     0x4  startup_stm32f103x6.o [1]
  .text              ro code   0x800'2130     0x4  startup_stm32f103x6.o [1]
  .text              ro code   0x800'2134     0x4  startup_stm32f103x6.o [1]
  .text              ro code   0x800'2138     0x4  startup_stm32f103x6.o [1]
  .text              ro code   0x800'213c     0x4  startup_stm32f103x6.o [1]
  .text              ro code   0x800'2140     0x4  startup_stm32f103x6.o [1]
  .text              ro code   0x800'2144     0x4  startup_stm32f103x6.o [1]
  .text              ro code   0x800'2148     0x4  startup_stm32f103x6.o [1]
  .text              ro code   0x800'214c     0x4  startup_stm32f103x6.o [1]
  .text              ro code   0x800'2150     0x4  startup_stm32f103x6.o [1]
  .text              ro code   0x800'2154     0x4  startup_stm32f103x6.o [1]
  .text              ro code   0x800'2158     0x4  startup_stm32f103x6.o [1]
  .text              ro code   0x800'215c     0x4  startup_stm32f103x6.o [1]
  .text              ro code   0x800'2160     0x4  startup_stm32f103x6.o [1]
  .text              ro code   0x800'2164     0x4  startup_stm32f103x6.o [1]
  .text              ro code   0x800'2168     0x4  startup_stm32f103x6.o [1]
  .text              ro code   0x800'216c     0x4  startup_stm32f103x6.o [1]
  .rodata            const     0x800'2170     0x0  packbits_init_single.o [4]
  Initializer bytes  const     0x800'2170     0x8  <for P2-1>
                             - 0x800'2178  0x208c

"P2", part 1 of 2:                           0x15
  P2-1                        0x2000'0000    0x15  <Init block>
    .data            inited   0x2000'0000     0x4  main.o [1]
    .data            inited   0x2000'0004     0x8  XShttio.o [2]
    .bss             inited   0x2000'000c     0x4  main.o [1]
    .bss             inited   0x2000'0010     0x4  xfail_s.o [2]
    .bss             inited   0x2000'0014     0x1  XShttio.o [2]
                            - 0x2000'0015    0x15

"P2", part 2 of 2:                          0x800
  CSTACK                      0x2000'0018   0x800  <Block>
    CSTACK           uninit   0x2000'0018   0x800  <Block tail>
                            - 0x2000'0818   0x800

Unused ranges:

         From           To    Size
         ----           --    ----
   0x800'2178   0x800'7fff  0x5e88
  0x2000'0015  0x2000'0017     0x3
  0x2000'0818  0x2000'27ff  0x1fe8


*******************************************************************************
*** INIT TABLE
***

          Address      Size
          -------      ----
Copy/packbits (__iar_packbits_init_single3)
    1 source range, total size 0x8 (38% of destination):
           0x800'2170   0x8
    1 destination range, total size 0x15:
          0x2000'0000  0x15



*******************************************************************************
*** MODULE SUMMARY
***

    Module                  ro code  ro data  rw data
    ------                  -------  -------  -------
command line/config:
    -------------------------------------------------
    Total:

C:\Users\dima8\Desktop\test\Debug\Obj: [1]
    main.o                      524       51        8
    startup_stm32f103x6.o       432
    system_stm32f1xx.o           88
    -------------------------------------------------
    Total:                    1 044       51        8

dl7M_tln.a: [2]
    XShttio.o                    60        4        9
    abort.o                       6
    exit.o                        4
    low_level_init.o              4
    printf.o                     40
    putchar.o                    32
    xfail_s.o                    64        1        4
    xprintffull_nomb.o        3 622
    xprout.o                     22
    -------------------------------------------------
    Total:                    3 854        5       13

m7M_tl.a: [3]
    DblAdd.o                    362
    DblCmpGe.o                   46
    DblCmpLe.o                   46
    DblDiv.o                    582
    DblMul.o                    418
    DblSub.o                    226
    DblToS32.o                   58
    DblToU32.o                   40
    S32ToDbl.o                   34
    U32ToDbl.o                   26
    frexp.o                     112
    ldexp.o                     314
    -------------------------------------------------
    Total:                    2 264

rt7M_tl.a: [4]
    ABImemcpy.o                 166
    I64DivMod.o                 560
    I64DivZer.o                   2
    cexit.o                      10
    cmain.o                      30
    cstartup_M.o                 12
    data_init.o                  40
    memchr.o                     88
    packbits_init_single.o       56
    strchr.o                     22
    strlen.o                     54
    -------------------------------------------------
    Total:                    1 040

shb_l.a: [5]
    dwrite.o                     30
    exit.o                       20
    iarttio.o                   128
    iarwrite.o                   34
    iarwstd.o                    32
    write.o                      16
    -------------------------------------------------
    Total:                      260

    Gaps                         32        2
    Linker created                        16    2 048
-----------------------------------------------------
    Grand Total:              8 494       74    2 069


*******************************************************************************
*** ENTRY LIST
***

Entry                       Address   Size  Type      Object
-----                       -------   ----  ----      ------
.iar.init_table$$Base    0x800'1fa8          --   Gb  - Linker created -
.iar.init_table$$Limit   0x800'1fb8          --   Gb  - Linker created -
?main                    0x800'2029         Code  Gb  cmain.o [4]
CSTACK$$Base            0x2000'0018          --   Gb  - Linker created -
CSTACK$$Limit           0x2000'0818          --   Gb  - Linker created -
EXTI0_IRQHandler         0x800'1e09   0x26  Code  Gb  main.o [1]
LoadInt                  0x800'029b   0x7a  Code  Lc  xprintffull_nomb.o [2]
OFF                      0x800'1d99   0x14  Code  Gb  main.o [1]
ON                       0x800'1dad   0x14  Code  Gb  main.o [1]
PortInit                 0x800'1cd9   0xc0  Code  Gb  main.o [1]
Region$$Table$$Base      0x800'1fa8          --   Gb  - Linker created -
Region$$Table$$Limit     0x800'1fb8          --   Gb  - Linker created -
SystemInit               0x800'1ecd   0x3e  Code  Gb  system_stm32f1xx.o [1]
TIM2_IRQHandler          0x800'1dc1   0x48  Code  Gb  main.o [1]
_GenldFullNoMb           0x800'0c11  0x274  Code  Lc  xprintffull_nomb.o [2]
_LdtobFullNoMb           0x800'07e5  0x400  Code  Lc  xprintffull_nomb.o [2]
_LitobFullNoMb           0x800'068d  0x112  Code  Lc  xprintffull_nomb.o [2]
_PrintfFullNoMb          0x800'00ed  0x19e  Code  Gb  xprintffull_nomb.o [2]
_Prout                   0x800'205b   0x16  Code  Gb  xprout.o [2]
_PutcharsFullNoMb        0x800'0e85   0x2e  Code  Lc  xprintffull_nomb.o [2]
_PutfldFullNoMb          0x800'0315  0x26c  Code  Lc  xprintffull_nomb.o [2]
_PuttxtFullNoMb          0x800'0581  0x10c  Code  Lc  xprintffull_nomb.o [2]
__NVIC_EnableIRQ         0x800'1c99   0x1c  Code  Lc  main.o [1]
__NVIC_SetPriority       0x800'1cb5   0x24  Code  Lc  main.o [1]
__aeabi_cdcmple          0x800'14e9         Code  Gb  DblCmpLe.o [3]
__aeabi_cdrcmple         0x800'1519         Code  Gb  DblCmpGe.o [3]
__aeabi_d2iz             0x800'1685         Code  Gb  DblToS32.o [3]
__aeabi_d2uiz            0x800'1a11         Code  Gb  DblToU32.o [3]
__aeabi_ddiv             0x800'17c9         Code  Gb  DblDiv.o [3]
__aeabi_dmul             0x800'122d         Code  Gb  DblMul.o [3]
__aeabi_dsub             0x800'16e5         Code  Gb  DblSub.o [3]
__aeabi_i2d              0x800'16c1         Code  Gb  S32ToDbl.o [3]
__aeabi_ldiv0            0x800'1a59         Code  Gb  I64DivZer.o [4]
__aeabi_memcpy           0x800'13d1         Code  Gb  ABImemcpy.o [4]
__aeabi_memcpy4          0x800'13f1         Code  Gb  ABImemcpy.o [4]
__aeabi_memcpy8          0x800'13f1         Code  Gb  ABImemcpy.o [4]
__aeabi_ui2d             0x800'1a39         Code  Gb  U32ToDbl.o [3]
__aeabi_uldivmod         0x800'0ffd         Code  Gb  I64DivMod.o [4]
__cmain                  0x800'2029         Code  Gb  cmain.o [4]
__dwrite                 0x800'1fe9   0x1e  Code  Gb  dwrite.o [5]
__exit                   0x800'1bc9   0x14  Code  Gb  exit.o [5]
__iar_Fail_s             0x800'0f2d   0x1c  Code  Gb  xfail_s.o [2]
__iar_Memchr             0x800'0fa5         Code  Gb  memchr.o [4]
__iar_Strchr             0x800'0f15         Code  Gb  strchr.o [4]
__iar_close_ttio         0x800'1bdd   0x2e  Code  Gb  iarttio.o [5]
__iar_dadd               0x800'16f5         Code  Gb  DblSub.o [3]
__iar_data_init3         0x800'1f5d   0x28  Code  Gb  data_init.o [4]
__iar_dsub               0x800'1a5d         Code  Gb  DblAdd.o [3]
__iar_dsubStart          0x800'1a6f         Code  Gb  DblAdd.o [3]
__iar_frexp              0x800'1485         Code  Gb  frexp.o [3]
__iar_frexp64            0x800'1479         Code  Gb  frexp.o [3]
__iar_frexpl             0x800'1485         Code  Gb  frexp.o [3]
__iar_get_ttio           0x800'1c0d   0x4c  Code  Gb  iarttio.o [5]
__iar_ldexp64            0x800'1549         Code  Gb  ldexp.o [3]
__iar_lookup_ttioh       0x800'1c8b    0x4  Code  Gb  XShttio.o [2]
__iar_packbits_init_single3
                         0x800'1f25   0x38  Code  Gb  packbits_init_single.o [4]
__iar_program_start      0x800'2081         Code  Gb  cstartup_M.o [4]
__iar_scalbln64          0x800'1549         Code  Gb  ldexp.o [3]
__iar_scalbn64           0x800'1549         Code  Gb  ldexp.o [3]
__iar_sh_stdout          0x800'2007   0x20  Code  Gb  iarwstd.o [5]
__iar_sh_write           0x800'1f85   0x22  Code  Gb  iarwrite.o [5]
__iar_ttio_guard_lock    0x800'1c5d   0x1e  Code  Gb  XShttio.o [2]
__iar_ttio_guard_unlock
                         0x800'1c7b   0x10  Code  Gb  XShttio.o [2]
__iar_ttio_handles      0x2000'0004    0x8  Data  Lc  XShttio.o [2]
__low_level_init         0x800'2047    0x4  Code  Gb  low_level_init.o [2]
__vector_table           0x800'0000         Data  Gb  startup_stm32f103x6.o [1]
__write                  0x800'1fd9   0x10  Code  Gb  write.o [5]
_call_main               0x800'2035         Code  Gb  cmain.o [4]
_exit                    0x800'2051         Code  Gb  cexit.o [4]
_main                    0x800'2043         Code  Gb  cmain.o [4]
abort                    0x800'1a53    0x6  Code  Gb  abort.o [2]
exit                     0x800'204b    0x4  Code  Gb  exit.o [2]
frexp                    0x800'1479         Code  Gb  frexp.o [3]
frexpl                   0x800'1479         Code  Gb  frexp.o [3]
ldexp                    0x800'1549         Code  Gb  ldexp.o [3]
ldexpl                   0x800'1549         Code  Gb  ldexp.o [3]
main                     0x800'1e2f    0xe  Code  Gb  main.o [1]
memchr                   0x800'0fa5         Code  Gb  memchr.o [4]
printf                   0x800'1ea5   0x28  Code  Gb  printf.o [2]
putchar                  0x800'1fb9   0x20  Code  Gb  putchar.o [2]
scalbln                  0x800'1549         Code  Gb  ldexp.o [3]
scalblnl                 0x800'1549         Code  Gb  ldexp.o [3]
scalbn                   0x800'1549         Code  Gb  ldexp.o [3]
scalbnl                  0x800'1549         Code  Gb  ldexp.o [3]
scale                    0x800'079f   0x46  Code  Lc  xprintffull_nomb.o [2]
sec_hand                0x2000'0010    0x4  Data  Lc  xfail_s.o [2]
strchr                   0x800'0f15         Code  Gb  strchr.o [4]
strlen                   0x800'0f6d         Code  Gb  strlen.o [4]
test_count              0x2000'000c    0x4  Data  Gb  main.o [1]
ttio_guard              0x2000'0014    0x1  Data  Lc  XShttio.o [2]
val                     0x2000'0000    0x4  Data  Gb  main.o [1]


[1] = C:\Users\dima8\Desktop\test\Debug\Obj
[2] = dl7M_tln.a
[3] = m7M_tl.a
[4] = rt7M_tl.a
[5] = shb_l.a

  8 494 bytes of readonly  code memory
     74 bytes of readonly  data memory
  2 069 bytes of readwrite data memory

Errors: none
Warnings: none
