data.c:190:6:initConstants	8	static
data.c:225:6:initChoseProcess	16	static
data.c:233:6:initProcess1	8	static
data.c:255:6:initProcess1Next	16	static
data.c:283:6:initProcess2	16	static
data.c:298:6:initProcess2Next	24	static
data.c:326:6:generateExtraData	8	static
data.c:340:6:restoreProcess1	8	static
data.c:359:6:setPasswordProcess1	16	static
data.c:382:6:setPasswordProcess1Next	16	static
data.c:420:6:setPasswordProcess1Up	8	static
data.c:433:6:setPasswordProcess1Down	8	static
data.c:445:6:setPasswordProcess2	16	static
data.c:465:7:setPasswordProcess2Next	16	static
data.c:524:6:setProtectTypeProcess1	16	static
data.c:535:6:setProtectTypeProcess1Next	8	static
data.c:541:6:setProtectTypeProcess1Up	8	static
data.c:572:6:setProtectTypeProcess1Down	8	static
data.c:605:6:sendAllData	80	static
data.c:620:6:addDataBlock	112	dynamic
data.c:637:6:initMenu	104	dynamic
data.c:651:6:updateScreen	16	static
data.c:674:6:chooseMainMenu	8	static
data.c:687:6:settingsMenu	16	static
data.c:698:6:settingsMenuUp	8	static
data.c:732:6:settingsMenuDown	8	static
data.c:767:6:settingsMenuSelect	8	static
data.c:790:6:resetDeviceMenu	8	static
data.c:801:6:passwordChangeMenu	8	static
data.c:811:6:exportModeMenu	8	static
data.c:823:6:stringToStruct	16	static
data.c:831:6:structToString	16	static
data.c:839:6:visualizeStruct	16	static
data.c:853:6:writeToEeprom	40	static
data.c:867:6:readFromEeprom	40	static
