data.c:6:6:deviceIsntInit	8	static
data.c:16:6:uploadIsInit	8	static
data.c:20:6:downloadIsInit	8	static
data.c:29:6:uploadSecureOpt	8	static
data.c:33:6:downloadSecureOpt	8	static
data.c:40:6:uploadPassword	8	static
data.c:44:6:downloadPassword	8	static
data.c:55:6:uploadPCIDcount	8	static
data.c:59:6:downloadPCIDcount	8	static
data.c:66:6:uploadDataCount	8	static
data.c:70:6:downloadDataCount	8	static
data.c:76:6:uploadIsfirstPC	8	static
data.c:80:6:downloadIsfirstPCt	8	static
data.c:89:6:uploadaddDeviceEnable	8	static
data.c:93:6:downloadaddDeviceEnable	8	static
data.c:97:6:uploadPCIDmas	4	static
data.c:109:6:downloadPCIDmas	4	static
data.c:250:6:initConstants	8	static
data.c:294:6:initChoseProcess	16	static
data.c:301:6:initProcess1	8	static
data.c:322:6:initProcess1Next	16	static
data.c:347:6:initProcess2	16	static
data.c:362:6:initProcess2Next	24	static
data.c:388:6:generateExtraData	8	static
data.c:410:6:clearDevice	8	static
data.c:444:6:restoreProcess1	8	static
data.c:462:6:setPasswordProcess1	16	static
data.c:481:6:setPasswordProcess1Next	16	static
data.c:516:6:setPasswordProcess1Up	8	static
data.c:527:6:setPasswordProcess1Down	8	static
data.c:537:6:setPasswordProcess2	16	static
data.c:556:6:setPasswordProcess2Next	16	static
data.c:654:6:setProtectTypeProcess1	16	static
data.c:687:6:setProtectTypeProcess1Next	8	static
data.c:706:6:setProtectTypeProcess1Up	8	static
data.c:736:6:setProtectTypeProcess1Down	8	static
data.c:766:6:sendAllData	80	static
data.c:779:6:addDataBlock	112	dynamic
data.c:796:6:initMenu	104	dynamic
data.c:808:6:updateScreen	16	static
data.c:823:6:chooseMainMenu	8	static
data.c:833:6:settingsMenu	16	static
data.c:871:6:settingsMenuUp	8	static
data.c:908:6:settingsMenuDown	8	static
data.c:945:6:settingsMenuSelect	8	static
data.c:969:6:resetDeviceMenu	16	static
data.c:983:6:changeProtectionMenu	8	static
data.c:992:6:passwordChangeMenu	8	static
data.c:1001:6:exportModeMenu	8	static
data.c:1013:6:dataControlMenu	24	static
data.c:1062:6:dataControlMenuDown	8	static
data.c:1099:6:dataControlMenuUp	8	static
data.c:1136:6:dataControlMenuSelect	8	static
data.c:1159:6:stringToStruct	16	static
data.c:1166:6:structToString	16	static
data.c:1173:6:visualizeStruct	16	static
data.c:1185:6:writeToEeprom	40	static
data.c:1198:6:readFromEeprom	40	static
