main.c:152:5:main	312	dynamic
main.c:688:6:SystemClock_Config	80	static
main.c:727:13:MX_CRC_Init	8	static
main.c:753:13:MX_CRYP_Init	8	static
main.c:783:13:MX_HASH_Init	8	static
main.c:809:13:MX_I2C1_Init	8	static
main.c:843:13:MX_RNG_Init	8	static
main.c:869:13:MX_TIM6_Init	16	static
main.c:907:13:MX_GPIO_Init	48	static
main.c:930:6:HAL_GPIO_EXTI_Callback	16	static
main.c:950:6:leftButtonActions	8	static
main.c:995:6:rightButtonActions	8	static
main.c:1036:6:bothButtonActions	8	static
main.c:1072:6:generatePassFrase	16	static
main.c:1087:6:generateRandomNumbers	24	static
main.c:1148:6:Error_Handler	4	static
