main.c:198:5:main	24	static
main.c:428:6:SystemClock_Config	80	static
main.c:467:13:MX_CRC_Init	8	static
main.c:493:13:MX_CRYP_Init	8	static
main.c:523:13:MX_HASH_Init	8	static
main.c:549:13:MX_I2C1_Init	8	static
main.c:583:13:MX_RNG_Init	8	static
main.c:609:13:MX_TIM6_Init	16	static
main.c:647:13:MX_GPIO_Init	48	static
main.c:670:6:HAL_GPIO_EXTI_Callback	16	static
main.c:692:6:leftButtonActions	8	static
main.c:736:6:rightButtonActions	8	static
main.c:778:6:bothButtonActions	8	static
main.c:820:6:generatePassFrase	24	static
main.c:846:6:Error_Handler	4	static
