stm32f2xx_hal_cryp.c:2421:26:CRYP_WaitOnOFNEFlag	16	static
stm32f2xx_hal_cryp.c:2351:13:CRYP_SetKey	0	static
stm32f2xx_hal_cryp.c:373:19:HAL_CRYP_SetConfig	16	static
stm32f2xx_hal_cryp.c:437:19:HAL_CRYP_GetConfig	8	static
stm32f2xx_hal_cryp.c:485:13:HAL_CRYP_MspInit	0	static
stm32f2xx_hal_cryp.c:260:19:HAL_CRYP_Init	8	static
stm32f2xx_hal_cryp.c:501:13:HAL_CRYP_MspDeInit	0	static
stm32f2xx_hal_cryp.c:324:19:HAL_CRYP_DeInit	16	static
stm32f2xx_hal_cryp.c:969:19:HAL_CRYP_Encrypt_IT	16	static
stm32f2xx_hal_cryp.c:1076:19:HAL_CRYP_Decrypt_IT	24	static
stm32f2xx_hal_cryp.c:1452:10:HAL_CRYP_GetError	0	static
stm32f2xx_hal_cryp.c:1463:23:HAL_CRYP_GetState	0	static
stm32f2xx_hal_cryp.c:1474:13:HAL_CRYP_InCpltCallback	0	static
stm32f2xx_hal_cryp.c:2031:13:CRYP_DMAInCplt	8	static
stm32f2xx_hal_cryp.c:1490:13:HAL_CRYP_OutCpltCallback	0	static
stm32f2xx_hal_cryp.c:2054:13:CRYP_DMAOutCplt	8	static
stm32f2xx_hal_cryp.c:1506:14:HAL_CRYP_ErrorCallback	0	static
stm32f2xx_hal_cryp.c:1531:26:CRYP_TDES_Process	24	static
stm32f2xx_hal_cryp.c:2175:13:CRYP_AES_ProcessData	8	static
stm32f2xx_hal_cryp.c:735:19:HAL_CRYP_Encrypt	16	static
stm32f2xx_hal_cryp.c:852:19:HAL_CRYP_Decrypt	24	static
stm32f2xx_hal_cryp.c:2116:13:CRYP_SetDMAConfig	24	static
stm32f2xx_hal_cryp.c:1183:19:HAL_CRYP_Encrypt_DMA	16	static
stm32f2xx_hal_cryp.c:1303:19:HAL_CRYP_Decrypt_DMA	24	static
stm32f2xx_hal_cryp.c:2087:13:CRYP_DMAError	8	static
stm32f2xx_hal_cryp.c:1426:6:HAL_CRYP_IRQHandler	16	static
