Archive member included to satisfy reference by file (symbol)

c:/st/stm32cubeide_1.3.0/stm32cubeide/plugins/com.st.stm32cube.ide.mcu.externaltools.gnu-tools-for-stm32.7-2018-q2-update.win32_1.0.0.201904181610/tools/bin/../lib/gcc/arm-none-eabi/7.3.1/../../../../arm-none-eabi/lib/thumb/v7-m\libc_nano.a(lib_a-errno.o)
                              Core/Src/syscalls.o (__errno)
c:/st/stm32cubeide_1.3.0/stm32cubeide/plugins/com.st.stm32cube.ide.mcu.externaltools.gnu-tools-for-stm32.7-2018-q2-update.win32_1.0.0.201904181610/tools/bin/../lib/gcc/arm-none-eabi/7.3.1/../../../../arm-none-eabi/lib/thumb/v7-m\libc_nano.a(lib_a-exit.o)
                              c:/st/stm32cubeide_1.3.0/stm32cubeide/plugins/com.st.stm32cube.ide.mcu.externaltools.gnu-tools-for-stm32.7-2018-q2-update.win32_1.0.0.201904181610/tools/bin/../lib/gcc/arm-none-eabi/7.3.1/../../../../arm-none-eabi/lib/thumb/v7-m/crt0.o (exit)
c:/st/stm32cubeide_1.3.0/stm32cubeide/plugins/com.st.stm32cube.ide.mcu.externaltools.gnu-tools-for-stm32.7-2018-q2-update.win32_1.0.0.201904181610/tools/bin/../lib/gcc/arm-none-eabi/7.3.1/../../../../arm-none-eabi/lib/thumb/v7-m\libc_nano.a(lib_a-impure.o)
                              c:/st/stm32cubeide_1.3.0/stm32cubeide/plugins/com.st.stm32cube.ide.mcu.externaltools.gnu-tools-for-stm32.7-2018-q2-update.win32_1.0.0.201904181610/tools/bin/../lib/gcc/arm-none-eabi/7.3.1/../../../../arm-none-eabi/lib/thumb/v7-m\libc_nano.a(lib_a-exit.o) (_global_impure_ptr)
c:/st/stm32cubeide_1.3.0/stm32cubeide/plugins/com.st.stm32cube.ide.mcu.externaltools.gnu-tools-for-stm32.7-2018-q2-update.win32_1.0.0.201904181610/tools/bin/../lib/gcc/arm-none-eabi/7.3.1/../../../../arm-none-eabi/lib/thumb/v7-m\libc_nano.a(lib_a-init.o)
                              c:/st/stm32cubeide_1.3.0/stm32cubeide/plugins/com.st.stm32cube.ide.mcu.externaltools.gnu-tools-for-stm32.7-2018-q2-update.win32_1.0.0.201904181610/tools/bin/../lib/gcc/arm-none-eabi/7.3.1/../../../../arm-none-eabi/lib/thumb/v7-m/crt0.o (__libc_init_array)
c:/st/stm32cubeide_1.3.0/stm32cubeide/plugins/com.st.stm32cube.ide.mcu.externaltools.gnu-tools-for-stm32.7-2018-q2-update.win32_1.0.0.201904181610/tools/bin/../lib/gcc/arm-none-eabi/7.3.1/../../../../arm-none-eabi/lib/thumb/v7-m\libc_nano.a(lib_a-malloc.o)
                              Middlewares/ST/STM32_USB_Device_Library/Class/CDC/Src/usbd_cdc.o (malloc)
c:/st/stm32cubeide_1.3.0/stm32cubeide/plugins/com.st.stm32cube.ide.mcu.externaltools.gnu-tools-for-stm32.7-2018-q2-update.win32_1.0.0.201904181610/tools/bin/../lib/gcc/arm-none-eabi/7.3.1/../../../../arm-none-eabi/lib/thumb/v7-m\libc_nano.a(lib_a-memcpy-stub.o)
                              Core/Src/data.o (memcpy)
c:/st/stm32cubeide_1.3.0/stm32cubeide/plugins/com.st.stm32cube.ide.mcu.externaltools.gnu-tools-for-stm32.7-2018-q2-update.win32_1.0.0.201904181610/tools/bin/../lib/gcc/arm-none-eabi/7.3.1/../../../../arm-none-eabi/lib/thumb/v7-m\libc_nano.a(lib_a-memset.o)
                              c:/st/stm32cubeide_1.3.0/stm32cubeide/plugins/com.st.stm32cube.ide.mcu.externaltools.gnu-tools-for-stm32.7-2018-q2-update.win32_1.0.0.201904181610/tools/bin/../lib/gcc/arm-none-eabi/7.3.1/../../../../arm-none-eabi/lib/thumb/v7-m/crt0.o (memset)
c:/st/stm32cubeide_1.3.0/stm32cubeide/plugins/com.st.stm32cube.ide.mcu.externaltools.gnu-tools-for-stm32.7-2018-q2-update.win32_1.0.0.201904181610/tools/bin/../lib/gcc/arm-none-eabi/7.3.1/../../../../arm-none-eabi/lib/thumb/v7-m\libc_nano.a(lib_a-nano-freer.o)
                              c:/st/stm32cubeide_1.3.0/stm32cubeide/plugins/com.st.stm32cube.ide.mcu.externaltools.gnu-tools-for-stm32.7-2018-q2-update.win32_1.0.0.201904181610/tools/bin/../lib/gcc/arm-none-eabi/7.3.1/../../../../arm-none-eabi/lib/thumb/v7-m\libc_nano.a(lib_a-malloc.o) (_free_r)
c:/st/stm32cubeide_1.3.0/stm32cubeide/plugins/com.st.stm32cube.ide.mcu.externaltools.gnu-tools-for-stm32.7-2018-q2-update.win32_1.0.0.201904181610/tools/bin/../lib/gcc/arm-none-eabi/7.3.1/../../../../arm-none-eabi/lib/thumb/v7-m\libc_nano.a(lib_a-nano-mallocr.o)
                              c:/st/stm32cubeide_1.3.0/stm32cubeide/plugins/com.st.stm32cube.ide.mcu.externaltools.gnu-tools-for-stm32.7-2018-q2-update.win32_1.0.0.201904181610/tools/bin/../lib/gcc/arm-none-eabi/7.3.1/../../../../arm-none-eabi/lib/thumb/v7-m\libc_nano.a(lib_a-malloc.o) (_malloc_r)
c:/st/stm32cubeide_1.3.0/stm32cubeide/plugins/com.st.stm32cube.ide.mcu.externaltools.gnu-tools-for-stm32.7-2018-q2-update.win32_1.0.0.201904181610/tools/bin/../lib/gcc/arm-none-eabi/7.3.1/../../../../arm-none-eabi/lib/thumb/v7-m\libc_nano.a(lib_a-sbrkr.o)
                              c:/st/stm32cubeide_1.3.0/stm32cubeide/plugins/com.st.stm32cube.ide.mcu.externaltools.gnu-tools-for-stm32.7-2018-q2-update.win32_1.0.0.201904181610/tools/bin/../lib/gcc/arm-none-eabi/7.3.1/../../../../arm-none-eabi/lib/thumb/v7-m\libc_nano.a(lib_a-nano-mallocr.o) (_sbrk_r)
[...]
Memory Configuration

Name             Origin             Length             Attributes
RAM              0x0000000020000000 0x0000000000020000 xrw
FLASH            0x0000000008000000 0x0000000000080000 xr
*default*        0x0000000000000000 0xffffffffffffffff

Linker script and memory map

LOAD c:/st/stm32cubeide_1.3.0/stm32cubeide/plugins/com.st.stm32cube.ide.mcu.externaltools.gnu-tools-for-stm32.7-2018-q2-update.win32_1.0.0.201904181610/tools/bin/../lib/gcc/arm-none-eabi/7.3.1/thumb/v7-m/crti.o
LOAD c:/st/stm32cubeide_1.3.0/stm32cubeide/plugins/com.st.stm32cube.ide.mcu.externaltools.gnu-tools-for-stm32.7-2018-q2-update.win32_1.0.0.201904181610/tools/bin/../lib/gcc/arm-none-eabi/7.3.1/thumb/v7-m/crtbegin.o
LOAD c:/st/stm32cubeide_1.3.0/stm32cubeide/plugins/com.st.stm32cube.ide.mcu.externaltools.gnu-tools-for-stm32.7-2018-q2-update.win32_1.0.0.201904181610/tools/bin/../lib/gcc/arm-none-eabi/7.3.1/../../../../arm-none-eabi/lib/thumb/v7-m/crt0.o
LOAD Core/Src/data.o
LOAD Core/Src/fonts.o
LOAD Core/Src/main.o
LOAD Core/Src/menu.o
LOAD Core/Src/ssd1306.o
LOAD Core/Src/stm32f2xx_hal_msp.o
LOAD Core/Src/stm32f2xx_it.o
LOAD Core/Src/syscalls.o
LOAD Core/Src/sysmem.o
LOAD Core/Src/system_stm32f2xx.o
LOAD Core/Startup/startup_stm32f215retx.o
LOAD Drivers/STM32F2xx_HAL_Driver/Src/stm32f2xx_hal.o
LOAD Drivers/STM32F2xx_HAL_Driver/Src/stm32f2xx_hal_cortex.o
LOAD Drivers/STM32F2xx_HAL_Driver/Src/stm32f2xx_hal_crc.o
LOAD Drivers/STM32F2xx_HAL_Driver/Src/stm32f2xx_hal_cryp.o
LOAD Drivers/STM32F2xx_HAL_Driver/Src/stm32f2xx_hal_dma.o
LOAD Drivers/STM32F2xx_HAL_Driver/Src/stm32f2xx_hal_dma_ex.o
LOAD Drivers/STM32F2xx_HAL_Driver/Src/stm32f2xx_hal_exti.o
LOAD Drivers/STM32F2xx_HAL_Driver/Src/stm32f2xx_hal_flash.o
LOAD Drivers/STM32F2xx_HAL_Driver/Src/stm32f2xx_hal_flash_ex.o
LOAD Drivers/STM32F2xx_HAL_Driver/Src/stm32f2xx_hal_gpio.o
LOAD Drivers/STM32F2xx_HAL_Driver/Src/stm32f2xx_hal_hash.o
LOAD Drivers/STM32F2xx_HAL_Driver/Src/stm32f2xx_hal_i2c.o
LOAD Drivers/STM32F2xx_HAL_Driver/Src/stm32f2xx_hal_pcd.o
LOAD Drivers/STM32F2xx_HAL_Driver/Src/stm32f2xx_hal_pcd_ex.o
LOAD Drivers/STM32F2xx_HAL_Driver/Src/stm32f2xx_hal_pwr.o
LOAD Drivers/STM32F2xx_HAL_Driver/Src/stm32f2xx_hal_pwr_ex.o
LOAD Drivers/STM32F2xx_HAL_Driver/Src/stm32f2xx_hal_rcc.o
LOAD Drivers/STM32F2xx_HAL_Driver/Src/stm32f2xx_hal_rcc_ex.o
LOAD Drivers/STM32F2xx_HAL_Driver/Src/stm32f2xx_hal_rng.o
LOAD Drivers/STM32F2xx_HAL_Driver/Src/stm32f2xx_hal_tim.o
LOAD Drivers/STM32F2xx_HAL_Driver/Src/stm32f2xx_hal_tim_ex.o
LOAD Drivers/STM32F2xx_HAL_Driver/Src/stm32f2xx_ll_usb.o
LOAD Middlewares/ST/STM32_USB_Device_Library/Class/CDC/Src/usbd_cdc.o
LOAD Middlewares/ST/STM32_USB_Device_Library/Core/Src/usbd_core.o
LOAD Middlewares/ST/STM32_USB_Device_Library/Core/Src/usbd_ctlreq.o
LOAD Middlewares/ST/STM32_USB_Device_Library/Core/Src/usbd_ioreq.o
LOAD USB_DEVICE/App/usb_device.o
LOAD USB_DEVICE/App/usbd_cdc_if.o
LOAD USB_DEVICE/App/usbd_desc.o
LOAD USB_DEVICE/Target/usbd_conf.o
START GROUP
LOAD c:/st/stm32cubeide_1.3.0/stm32cubeide/plugins/com.st.stm32cube.ide.mcu.externaltools.gnu-tools-for-stm32.7-2018-q2-update.win32_1.0.0.201904181610/tools/bin/../lib/gcc/arm-none-eabi/7.3.1/../../../../arm-none-eabi/lib/thumb/v7-m\libstdc++_nano.a
LOAD c:/st/stm32cubeide_1.3.0/stm32cubeide/plugins/com.st.stm32cube.ide.mcu.externaltools.gnu-tools-for-stm32.7-2018-q2-update.win32_1.0.0.201904181610/tools/bin/../lib/gcc/arm-none-eabi/7.3.1/../../../../arm-none-eabi/lib/thumb/v7-m\libsupc++_nano.a
END GROUP
LOAD c:/st/stm32cubeide_1.3.0/stm32cubeide/plugins/com.st.stm32cube.ide.mcu.externaltools.gnu-tools-for-stm32.7-2018-q2-update.win32_1.0.0.201904181610/tools/bin/../lib/gcc/arm-none-eabi/7.3.1/../../../../arm-none-eabi/lib/thumb/v7-m\libstdc++_nano.a
LOAD c:/st/stm32cubeide_1.3.0/stm32cubeide/plugins/com.st.stm32cube.ide.mcu.externaltools.gnu-tools-for-stm32.7-2018-q2-update.win32_1.0.0.201904181610/tools/bin/../lib/gcc/arm-none-eabi/7.3.1/../../../../arm-none-eabi/lib/thumb/v7-m\libm.a
LOAD c:/st/stm32cubeide_1.3.0/stm32cubeide/plugins/com.st.stm32cube.ide.mcu.externaltools.gnu-tools-for-stm32.7-2018-q2-update.win32_1.0.0.201904181610/tools/bin/../lib/gcc/arm-none-eabi/7.3.1/../../../../arm-none-eabi/lib/thumb/v7-m\libc_nano.a
START GROUP
LOAD c:/st/stm32cubeide_1.3.0/stm32cubeide/plugins/com.st.stm32cube.ide.mcu.externaltools.gnu-tools-for-stm32.7-2018-q2-update.win32_1.0.0.201904181610/tools/bin/../lib/gcc/arm-none-eabi/7.3.1/thumb/v7-m\libgcc.a
LOAD c:/st/stm32cubeide_1.3.0/stm32cubeide/plugins/com.st.stm32cube.ide.mcu.externaltools.gnu-tools-for-stm32.7-2018-q2-update.win32_1.0.0.201904181610/tools/bin/../lib/gcc/arm-none-eabi/7.3.1/../../../../arm-none-eabi/lib/thumb/v7-m\libc_nano.a
END GROUP
START GROUP
LOAD c:/st/stm32cubeide_1.3.0/stm32cubeide/plugins/com.st.stm32cube.ide.mcu.externaltools.gnu-tools-for-stm32.7-2018-q2-update.win32_1.0.0.201904181610/tools/bin/../lib/gcc/arm-none-eabi/7.3.1/thumb/v7-m\libgcc.a
LOAD c:/st/stm32cubeide_1.3.0/stm32cubeide/plugins/com.st.stm32cube.ide.mcu.externaltools.gnu-tools-for-stm32.7-2018-q2-update.win32_1.0.0.201904181610/tools/bin/../lib/gcc/arm-none-eabi/7.3.1/../../../../arm-none-eabi/lib/thumb/v7-m\libc_nano.a
LOAD c:/st/stm32cubeide_1.3.0/stm32cubeide/plugins/com.st.stm32cube.ide.mcu.externaltools.gnu-tools-for-stm32.7-2018-q2-update.win32_1.0.0.201904181610/tools/bin/../lib/gcc/arm-none-eabi/7.3.1/../../../../arm-none-eabi/lib/thumb/v7-m\libnosys.a
END GROUP
START GROUP
LOAD c:/st/stm32cubeide_1.3.0/stm32cubeide/plugins/com.st.stm32cube.ide.mcu.externaltools.gnu-tools-for-stm32.7-2018-q2-update.win32_1.0.0.201904181610/tools/bin/../lib/gcc/arm-none-eabi/7.3.1/thumb/v7-m\libgcc.a
LOAD c:/st/stm32cubeide_1.3.0/stm32cubeide/plugins/com.st.stm32cube.ide.mcu.externaltools.gnu-tools-for-stm32.7-2018-q2-update.win32_1.0.0.201904181610/tools/bin/../lib/gcc/arm-none-eabi/7.3.1/../../../../arm-none-eabi/lib/thumb/v7-m\libc_nano.a
LOAD c:/st/stm32cubeide_1.3.0/stm32cubeide/plugins/com.st.stm32cube.ide.mcu.externaltools.gnu-tools-for-stm32.7-2018-q2-update.win32_1.0.0.201904181610/tools/bin/../lib/gcc/arm-none-eabi/7.3.1/../../../../arm-none-eabi/lib/thumb/v7-m\libnosys.a
END GROUP
LOAD c:/st/stm32cubeide_1.3.0/stm32cubeide/plugins/com.st.stm32cube.ide.mcu.externaltools.gnu-tools-for-stm32.7-2018-q2-update.win32_1.0.0.201904181610/tools/bin/../lib/gcc/arm-none-eabi/7.3.1/thumb/v7-m/crtend.o
LOAD c:/st/stm32cubeide_1.3.0/stm32cubeide/plugins/com.st.stm32cube.ide.mcu.externaltools.gnu-tools-for-stm32.7-2018-q2-update.win32_1.0.0.201904181610/tools/bin/../lib/gcc/arm-none-eabi/7.3.1/thumb/v7-m/crtn.o
                0x0000000020020000                _estack = (ORIGIN (RAM) + LENGTH (RAM))
                0x0000000000000200                _Min_Heap_Size = 0x200
                0x0000000000000400                _Min_Stack_Size = 0x400

.isr_vector     0x0000000008000000      0x184
                0x0000000008000000                . = ALIGN (0x4)
 *(.isr_vector)
 .isr_vector    0x0000000008000000      0x184 Core/Startup/startup_stm32f215retx.o
                0x0000000008000000                g_pfnVectors
                0x0000000008000184                . = ALIGN (0x4)

.text           0x0000000008000184     0x5c68
                0x0000000008000184                . = ALIGN (0x4)
 *(.text)
 .text          0x0000000008000184       0x40 c:/st/stm32cubeide_1.3.0/stm32cubeide/plugins/com.st.stm32cube.ide.mcu.externaltools.gnu-tools-for-stm32.7-2018-q2-update.win32_1.0.0.201904181610/tools/bin/../lib/gcc/arm-none-eabi/7.3.1/thumb/v7-m/crtbegin.o
 .text          0x00000000080001c4       0x30 c:/st/stm32cubeide_1.3.0/stm32cubeide/plugins/com.st.stm32cube.ide.mcu.externaltools.gnu-tools-for-stm32.7-2018-q2-update.win32_1.0.0.201904181610/tools/bin/../lib/gcc/arm-none-eabi/7.3.1/thumb/v7-m\libgcc.a(_aeabi_uldivmod.o)
                0x00000000080001c4                __aeabi_uldivmod
 .text          0x00000000080001f4      0x2d0 c:/st/stm32cubeide_1.3.0/stm32cubeide/plugins/com.st.stm32cube.ide.mcu.externaltools.gnu-tools-for-stm32.7-2018-q2-update.win32_1.0.0.201904181610/tools/bin/../lib/gcc/arm-none-eabi/7.3.1/thumb/v7-m\libgcc.a(_udivmoddi4.o)
                0x00000000080001f4                __udivmoddi4
 .text          0x00000000080004c4        0x4 c:/st/stm32cubeide_1.3.0/stm32cubeide/plugins/com.st.stm32cube.ide.mcu.externaltools.gnu-tools-for-stm32.7-2018-q2-update.win32_1.0.0.201904181610/tools/bin/../lib/gcc/arm-none-eabi/7.3.1/thumb/v7-m\libgcc.a(_dvmd_tls.o)
                0x00000000080004c4                __aeabi_idiv0
                0x00000000080004c4                __aeabi_ldiv0
 *(.text*)
 .text.initConstants
                0x00000000080004c8       0xc4 Core/Src/data.o
                0x00000000080004c8                initConstants
 .text.initChoseProcess
                0x000000000800058c       0x3c Core/Src/data.o
                0x000000000800058c                initChoseProcess
 .text.initProcess1
                0x00000000080005c8       0xac Core/Src/data.o
                0x00000000080005c8                initProcess1
 .text.initProcess2
                0x0000000008000674       0x84 Core/Src/data.o
                0x0000000008000674                initProcess2
 .text.initProcess1Next
                0x00000000080006f8       0x90 Core/Src/data.o
                0x00000000080006f8                initProcess1Next
 .text.restoreProcess1
                0x0000000008000788       0x94 Core/Src/data.o
                0x0000000008000788                restoreProcess1
 .text.setPasswordProcess1
                0x000000000800081c       0xd0 Core/Src/data.o
                0x000000000800081c                setPasswordProcess1
 .text.generateExtraData
                0x00000000080008ec       0x38 Core/Src/data.o
                0x00000000080008ec                generateExtraData
 .text.initProcess2Next
                0x0000000008000924       0xb4 Core/Src/data.o
                0x0000000008000924                initProcess2Next
 .text.setPasswordProcess1Up
                0x00000000080009d8       0x48 Core/Src/data.o
                0x00000000080009d8                setPasswordProcess1Up
 .text.setPasswordProcess1Down
                0x0000000008000a20       0x48 Core/Src/data.o
                0x0000000008000a20                setPasswordProcess1Down
 .text.setPasswordProcess2
                0x0000000008000a68       0xd4 Core/Src/data.o
                0x0000000008000a68                setPasswordProcess2
 .text.setPasswordProcess1Next
                0x0000000008000b3c       0xd8 Core/Src/data.o
                0x0000000008000b3c                setPasswordProcess1Next
 .text.setProtectTypeProcess1
                0x0000000008000c14       0xd8 Core/Src/data.o
                0x0000000008000c14                setProtectTypeProcess1
 .text.setPasswordProcess2Next
                0x0000000008000cec      0x12c Core/Src/data.o
                0x0000000008000cec                setPasswordProcess2Next
 .text.setProtectTypeProcess1Up
                0x0000000008000e18       0x90 Core/Src/data.o
                0x0000000008000e18                setProtectTypeProcess1Up
 .text.setProtectTypeProcess1Down
                0x0000000008000ea8       0x90 Core/Src/data.o
                0x0000000008000ea8                setProtectTypeProcess1Down
 .text.settingsMenu
                0x0000000008000f38       0xd8 Core/Src/data.o
                0x0000000008000f38                settingsMenu
 .text.settingsMenuUp
                0x0000000008001010       0x90 Core/Src/data.o
                0x0000000008001010                settingsMenuUp
 .text.settingsMenuDown
                0x00000000080010a0       0x90 Core/Src/data.o
                0x00000000080010a0                settingsMenuDown
 .text.resetDeviceMenu
                0x0000000008001130       0x40 Core/Src/data.o
                0x0000000008001130                resetDeviceMenu
 .text.passwordChangeMenu
                0x0000000008001170       0x40 Core/Src/data.o
                0x0000000008001170                passwordChangeMenu
 .text.exportModeMenu
                0x00000000080011b0       0x40 Core/Src/data.o
                0x00000000080011b0                exportModeMenu
 .text.dataControlMenu
                0x00000000080011f0       0xf8 Core/Src/data.o
                0x00000000080011f0                dataControlMenu
 .text.chooseMainMenu
                0x00000000080012e8       0x28 Core/Src/data.o
                0x00000000080012e8                chooseMainMenu
 .text.dataControlMenuDown
                0x0000000008001310       0xa8 Core/Src/data.o
                0x0000000008001310                dataControlMenuDown
 .text.dataControlMenuUp
                0x00000000080013b8       0xa8 Core/Src/data.o
                0x00000000080013b8                dataControlMenuUp
 .text.stringToStruct
                0x0000000008001460       0x5c Core/Src/data.o
                0x0000000008001460                stringToStruct
 .text.visualizeStruct
                0x00000000080014bc       0x58 Core/Src/data.o
                0x00000000080014bc                visualizeStruct
 .text.updateScreen
                0x0000000008001514       0x6c Core/Src/data.o
                0x0000000008001514                updateScreen
 .text.settingsMenuSelect
                0x0000000008001580       0x3c Core/Src/data.o
                0x0000000008001580                settingsMenuSelect
 .text.dataControlMenuSelect
                0x00000000080015bc       0x28 Core/Src/data.o
                0x00000000080015bc                dataControlMenuSelect
 .text.readFromEeprom
                0x00000000080015e4       0x48 Core/Src/data.o
                0x00000000080015e4                readFromEeprom
 .text.initMenu
                0x000000000800162c       0x90 Core/Src/data.o
                0x000000000800162c                initMenu
 .text.setProtectTypeProcess1Next
                0x00000000080016bc       0x2c Core/Src/data.o
                0x00000000080016bc                setProtectTypeProcess1Next
 .text.SystemClock_Config
                0x00000000080016e8       0x5a Core/Src/main.o
                0x00000000080016e8                SystemClock_Config
 *fill*         0x0000000008001742        0x2 
 .text.HAL_GPIO_EXTI_Callback
                0x0000000008001744       0x6c Core/Src/main.o
                0x0000000008001744                HAL_GPIO_EXTI_Callback
 .text.leftButtonActions
                0x00000000080017b0       0xe0 Core/Src/main.o
                0x00000000080017b0                leftButtonActions
 .text.rightButtonActions
                0x0000000008001890       0xf0 Core/Src/main.o
                0x0000000008001890                rightButtonActions
 .text.bothButtonActions
                0x0000000008001980       0xd8 Core/Src/main.o
                0x0000000008001980                bothButtonActions
 .text.generateRandomNumbers
                0x0000000008001a58       0xd0 Core/Src/main.o
                0x0000000008001a58                generateRandomNumbers
 .text.generatePassFrase
                0x0000000008001b28       0x64 Core/Src/main.o
                0x0000000008001b28                generatePassFrase
 .text.startup.main
                0x0000000008001b8c      0x194 Core/Src/main.o
                0x0000000008001b8c                main
 .text.Error_Handler
                0x0000000008001d20        0x2 Core/Src/main.o
                0x0000000008001d20                Error_Handler
 *fill*         0x0000000008001d22        0x2 
 .text.ssd1306_WriteCommand
                0x0000000008001d24       0x28 Core/Src/ssd1306.o
 .text.ssd1306_Fill
                0x0000000008001d4c       0x1c Core/Src/ssd1306.o
                0x0000000008001d4c                ssd1306_Fill
 .text.ssd1306_UpdateScreen
                0x0000000008001d68       0x4c Core/Src/ssd1306.o
                0x0000000008001d68                ssd1306_UpdateScreen
 .text.ssd1306_Init
                0x0000000008001db4       0xcc Core/Src/ssd1306.o
                0x0000000008001db4                ssd1306_Init
 .text.ssd1306_DrawPixel
                0x0000000008001e80       0x40 Core/Src/ssd1306.o
                0x0000000008001e80                ssd1306_DrawPixel
 .text.ssd1306_WriteChar
                0x0000000008001ec0       0x9c Core/Src/ssd1306.o
                0x0000000008001ec0                ssd1306_WriteChar
 .text.ssd1306_WriteString
                0x0000000008001f5c       0x2a Core/Src/ssd1306.o
                0x0000000008001f5c                ssd1306_WriteString
 *fill*         0x0000000008001f86        0x2 
 .text.ssd1306_SetCursor
                0x0000000008001f88        0xc Core/Src/ssd1306.o
                0x0000000008001f88                ssd1306_SetCursor
 .text.ssd1306_Write_To_Bufer
                0x0000000008001f94       0x60 Core/Src/ssd1306.o
                0x0000000008001f94                ssd1306_Write_To_Bufer
 .text.ssd1306_WriteStringUint
                0x0000000008001ff4      0x110 Core/Src/ssd1306.o
                0x0000000008001ff4                ssd1306_WriteStringUint
 .text.HAL_MspInit
                0x0000000008002104       0x38 Core/Src/stm32f2xx_hal_msp.o
                0x0000000008002104                HAL_MspInit
 .text.HAL_CRC_MspInit
                0x000000000800213c       0x30 Core/Src/stm32f2xx_hal_msp.o
                0x000000000800213c                HAL_CRC_MspInit
 .text.HAL_CRYP_MspInit
                0x000000000800216c       0x30 Core/Src/stm32f2xx_hal_msp.o
                0x000000000800216c                HAL_CRYP_MspInit
 .text.HAL_HASH_MspInit
                0x000000000800219c       0x24 Core/Src/stm32f2xx_hal_msp.o
                0x000000000800219c                HAL_HASH_MspInit
 .text.HAL_I2C_MspInit
                0x00000000080021c0       0x70 Core/Src/stm32f2xx_hal_msp.o
                0x00000000080021c0                HAL_I2C_MspInit
 .text.HAL_RNG_MspInit
                0x0000000008002230       0x30 Core/Src/stm32f2xx_hal_msp.o
                0x0000000008002230                HAL_RNG_MspInit
 .text.HAL_TIM_Base_MspInit
                0x0000000008002260       0x44 Core/Src/stm32f2xx_hal_msp.o
                0x0000000008002260                HAL_TIM_Base_MspInit
 .text.NMI_Handler
                0x00000000080022a4        0x2 Core/Src/stm32f2xx_it.o
                0x00000000080022a4                NMI_Handler
 .text.HardFault_Handler
                0x00000000080022a6        0x2 Core/Src/stm32f2xx_it.o
                0x00000000080022a6                HardFault_Handler
 .text.MemManage_Handler
                0x00000000080022a8        0x2 Core/Src/stm32f2xx_it.o
                0x00000000080022a8                MemManage_Handler
 .text.BusFault_Handler
                0x00000000080022aa        0x2 Core/Src/stm32f2xx_it.o
                0x00000000080022aa                BusFault_Handler
 .text.UsageFault_Handler
                0x00000000080022ac        0x2 Core/Src/stm32f2xx_it.o
                0x00000000080022ac                UsageFault_Handler
 .text.SVC_Handler
                0x00000000080022ae        0x2 Core/Src/stm32f2xx_it.o
                0x00000000080022ae                SVC_Handler
 .text.DebugMon_Handler
                0x00000000080022b0        0x2 Core/Src/stm32f2xx_it.o
                0x00000000080022b0                DebugMon_Handler
 .text.PendSV_Handler
                0x00000000080022b2        0x2 Core/Src/stm32f2xx_it.o
                0x00000000080022b2                PendSV_Handler
 .text.SysTick_Handler
                0x00000000080022b4        0x4 Core/Src/stm32f2xx_it.o
                0x00000000080022b4                SysTick_Handler
 .text.EXTI9_5_IRQHandler
                0x00000000080022b8       0x16 Core/Src/stm32f2xx_it.o
                0x00000000080022b8                EXTI9_5_IRQHandler
 *fill*         0x00000000080022ce        0x2 
 .text.TIM6_DAC_IRQHandler
                0x00000000080022d0       0x64 Core/Src/stm32f2xx_it.o
                0x00000000080022d0                TIM6_DAC_IRQHandler
 .text.OTG_FS_IRQHandler
                0x0000000008002334        0xc Core/Src/stm32f2xx_it.o
                0x0000000008002334                OTG_FS_IRQHandler
 .text._sbrk    0x0000000008002340       0x34 Core/Src/sysmem.o
                0x0000000008002340                _sbrk
 .text.SystemInit
                0x0000000008002374       0x40 Core/Src/system_stm32f2xx.o
                0x0000000008002374                SystemInit
 .text.Reset_Handler
                0x00000000080023b4       0x50 Core/Startup/startup_stm32f215retx.o
                0x00000000080023b4                Reset_Handler
 .text.Default_Handler
                0x0000000008002404        0x2 Core/Startup/startup_stm32f215retx.o
                0x0000000008002404                RTC_Alarm_IRQHandler
                0x0000000008002404                HASH_RNG_IRQHandler
                0x0000000008002404                EXTI2_IRQHandler
                0x0000000008002404                TIM8_CC_IRQHandler
                0x0000000008002404                TIM1_CC_IRQHandler
                0x0000000008002404                DMA2_Stream5_IRQHandler
                0x0000000008002404                DMA1_Stream5_IRQHandler
                0x0000000008002404                PVD_IRQHandler
                0x0000000008002404                SDIO_IRQHandler
                0x0000000008002404                TAMP_STAMP_IRQHandler
                0x0000000008002404                CAN2_RX1_IRQHandler
                0x0000000008002404                EXTI3_IRQHandler
                0x0000000008002404                TIM8_TRG_COM_TIM14_IRQHandler
                0x0000000008002404                TIM1_UP_TIM10_IRQHandler
                0x0000000008002404                TIM8_UP_TIM13_IRQHandler
                0x0000000008002404                I2C3_ER_IRQHandler
                0x0000000008002404                EXTI0_IRQHandler
                0x0000000008002404                I2C2_EV_IRQHandler
                0x0000000008002404                DMA1_Stream2_IRQHandler
                0x0000000008002404                CAN1_RX0_IRQHandler
                0x0000000008002404                OTG_HS_WKUP_IRQHandler
                0x0000000008002404                CAN2_SCE_IRQHandler
                0x0000000008002404                DMA2_Stream2_IRQHandler
                0x0000000008002404                SPI1_IRQHandler
                0x0000000008002404                TIM1_BRK_TIM9_IRQHandler
                0x0000000008002404                CAN2_RX0_IRQHandler
                0x0000000008002404                DMA2_Stream3_IRQHandler
                0x0000000008002404                USART6_IRQHandler
                0x0000000008002404                USART3_IRQHandler
                0x0000000008002404                CRYP_IRQHandler
                0x0000000008002404                CAN1_RX1_IRQHandler
                0x0000000008002404                UART5_IRQHandler
                0x0000000008002404                DMA2_Stream0_IRQHandler
                0x0000000008002404                TIM4_IRQHandler
                0x0000000008002404                I2C1_EV_IRQHandler
                0x0000000008002404                DMA1_Stream6_IRQHandler
                0x0000000008002404                DMA1_Stream1_IRQHandler
                0x0000000008002404                UART4_IRQHandler
                0x0000000008002404                TIM3_IRQHandler
                0x0000000008002404                RCC_IRQHandler
                0x0000000008002404                TIM8_BRK_TIM12_IRQHandler
                0x0000000008002404                Default_Handler
                0x0000000008002404                EXTI15_10_IRQHandler
                0x0000000008002404                ADC_IRQHandler
                0x0000000008002404                DMA1_Stream7_IRQHandler
                0x0000000008002404                TIM7_IRQHandler
                0x0000000008002404                CAN2_TX_IRQHandler
                0x0000000008002404                TIM5_IRQHandler
                0x0000000008002404                DMA2_Stream7_IRQHandler
                0x0000000008002404                I2C3_EV_IRQHandler
                0x0000000008002404                RTC_WKUP_IRQHandler
                0x0000000008002404                SPI2_IRQHandler
                0x0000000008002404                OTG_HS_EP1_IN_IRQHandler
                0x0000000008002404                DMA1_Stream0_IRQHandler
                0x0000000008002404                CAN1_TX_IRQHandler
                0x0000000008002404                EXTI4_IRQHandler
                0x0000000008002404                FSMC_IRQHandler
                0x0000000008002404                OTG_HS_EP1_OUT_IRQHandler
                0x0000000008002404                WWDG_IRQHandler
                0x0000000008002404                TIM2_IRQHandler
                0x0000000008002404                OTG_FS_WKUP_IRQHandler
                0x0000000008002404                TIM1_TRG_COM_TIM11_IRQHandler
                0x0000000008002404                OTG_HS_IRQHandler
                0x0000000008002404                EXTI1_IRQHandler
                0x0000000008002404                USART2_IRQHandler
                0x0000000008002404                I2C2_ER_IRQHandler
                0x0000000008002404                DMA2_Stream1_IRQHandler
                0x0000000008002404                CAN1_SCE_IRQHandler
                0x0000000008002404                FLASH_IRQHandler
                0x0000000008002404                DMA2_Stream4_IRQHandler
                0x0000000008002404                USART1_IRQHandler
                0x0000000008002404                SPI3_IRQHandler
                0x0000000008002404                DMA1_Stream4_IRQHandler
                0x0000000008002404                I2C1_ER_IRQHandler
                0x0000000008002404                DMA2_Stream6_IRQHandler
                0x0000000008002404                DMA1_Stream3_IRQHandler
 *fill*         0x0000000008002406        0x2 
 .text.HAL_InitTick
                0x0000000008002408       0x48 Drivers/STM32F2xx_HAL_Driver/Src/stm32f2xx_hal.o
                0x0000000008002408                HAL_InitTick
 .text.HAL_Init
                0x0000000008002450       0x34 Drivers/STM32F2xx_HAL_Driver/Src/stm32f2xx_hal.o
                0x0000000008002450                HAL_Init
 .text.HAL_IncTick
                0x0000000008002484       0x18 Drivers/STM32F2xx_HAL_Driver/Src/stm32f2xx_hal.o
                0x0000000008002484                HAL_IncTick
 .text.HAL_GetTick
                0x000000000800249c        0xc Drivers/STM32F2xx_HAL_Driver/Src/stm32f2xx_hal.o
                0x000000000800249c                HAL_GetTick
 .text.HAL_Delay
                0x00000000080024a8       0x28 Drivers/STM32F2xx_HAL_Driver/Src/stm32f2xx_hal.o
                0x00000000080024a8                HAL_Delay
 .text.HAL_NVIC_SetPriorityGrouping
                0x00000000080024d0       0x24 Drivers/STM32F2xx_HAL_Driver/Src/stm32f2xx_hal_cortex.o
                0x00000000080024d0                HAL_NVIC_SetPriorityGrouping
 .text.HAL_NVIC_SetPriority
                0x00000000080024f4       0x68 Drivers/STM32F2xx_HAL_Driver/Src/stm32f2xx_hal_cortex.o
                0x00000000080024f4                HAL_NVIC_SetPriority
 .text.HAL_NVIC_EnableIRQ
                0x000000000800255c       0x1c Drivers/STM32F2xx_HAL_Driver/Src/stm32f2xx_hal_cortex.o
                0x000000000800255c                HAL_NVIC_EnableIRQ
 .text.HAL_SYSTICK_Config
                0x0000000008002578       0x2c Drivers/STM32F2xx_HAL_Driver/Src/stm32f2xx_hal_cortex.o
                0x0000000008002578                HAL_SYSTICK_Config
 .text.HAL_CRC_Init
                0x00000000080025a4       0x20 Drivers/STM32F2xx_HAL_Driver/Src/stm32f2xx_hal_crc.o
                0x00000000080025a4                HAL_CRC_Init
 .text.HAL_CRYP_Init
                0x00000000080025c4       0x40 Drivers/STM32F2xx_HAL_Driver/Src/stm32f2xx_hal_cryp.o
                0x00000000080025c4                HAL_CRYP_Init
 .text.HAL_GPIO_Init
                0x0000000008002604      0x1c8 Drivers/STM32F2xx_HAL_Driver/Src/stm32f2xx_hal_gpio.o
                0x0000000008002604                HAL_GPIO_Init
 .text.HAL_GPIO_EXTI_IRQHandler
                0x00000000080027cc       0x18 Drivers/STM32F2xx_HAL_Driver/Src/stm32f2xx_hal_gpio.o
                0x00000000080027cc                HAL_GPIO_EXTI_IRQHandler
 .text.HAL_HASH_Init
                0x00000000080027e4       0x54 Drivers/STM32F2xx_HAL_Driver/Src/stm32f2xx_hal_hash.o
                0x00000000080027e4                HAL_HASH_Init
 .text.I2C_IsAcknowledgeFailed
                0x0000000008002838       0x32 Drivers/STM32F2xx_HAL_Driver/Src/stm32f2xx_hal_i2c.o
 .text.I2C_WaitOnMasterAddressFlagUntilTimeout
                0x000000000800286a       0x74 Drivers/STM32F2xx_HAL_Driver/Src/stm32f2xx_hal_i2c.o
 .text.I2C_WaitOnBTFFlagUntilTimeout
                0x00000000080028de       0x4c Drivers/STM32F2xx_HAL_Driver/Src/stm32f2xx_hal_i2c.o
 .text.I2C_WaitOnRXNEFlagUntilTimeout
                0x000000000800292a       0x5e Drivers/STM32F2xx_HAL_Driver/Src/stm32f2xx_hal_i2c.o
 .text.I2C_WaitOnFlagUntilTimeout
                0x0000000008002988       0x62 Drivers/STM32F2xx_HAL_Driver/Src/stm32f2xx_hal_i2c.o
 .text.I2C_WaitOnTXEFlagUntilTimeout
                0x00000000080029ea       0x4c Drivers/STM32F2xx_HAL_Driver/Src/stm32f2xx_hal_i2c.o
 *fill*         0x0000000008002a36        0x2 
 .text.I2C_RequestMemoryWrite
                0x0000000008002a38       0xac Drivers/STM32F2xx_HAL_Driver/Src/stm32f2xx_hal_i2c.o
 .text.I2C_RequestMemoryRead
                0x0000000008002ae4       0xfc Drivers/STM32F2xx_HAL_Driver/Src/stm32f2xx_hal_i2c.o
 .text.HAL_I2C_Init
                0x0000000008002be0      0x158 Drivers/STM32F2xx_HAL_Driver/Src/stm32f2xx_hal_i2c.o
                0x0000000008002be0                HAL_I2C_Init
 .text.HAL_I2C_Mem_Write
                0x0000000008002d38      0x120 Drivers/STM32F2xx_HAL_Driver/Src/stm32f2xx_hal_i2c.o
                0x0000000008002d38                HAL_I2C_Mem_Write
 .text.HAL_I2C_Mem_Read
                0x0000000008002e58      0x218 Drivers/STM32F2xx_HAL_Driver/Src/stm32f2xx_hal_i2c.o
                0x0000000008002e58                HAL_I2C_Mem_Read
 .text.HAL_I2C_IsDeviceReady
                0x0000000008003070      0x160 Drivers/STM32F2xx_HAL_Driver/Src/stm32f2xx_hal_i2c.o
                0x0000000008003070                HAL_I2C_IsDeviceReady
 .text.HAL_PCD_Init
                0x00000000080031d0      0x10e Drivers/STM32F2xx_HAL_Driver/Src/stm32f2xx_hal_pcd.o
                0x00000000080031d0                HAL_PCD_Init
 .text.HAL_PCD_Start
                0x00000000080032de       0x2a Drivers/STM32F2xx_HAL_Driver/Src/stm32f2xx_hal_pcd.o
                0x00000000080032de                HAL_PCD_Start
 .text.HAL_PCD_IRQHandler
                0x0000000008003308      0x574 Drivers/STM32F2xx_HAL_Driver/Src/stm32f2xx_hal_pcd.o
                0x0000000008003308                HAL_PCD_IRQHandler
 .text.HAL_PCD_SetAddress
                0x000000000800387c       0x28 Drivers/STM32F2xx_HAL_Driver/Src/stm32f2xx_hal_pcd.o
                0x000000000800387c                HAL_PCD_SetAddress
 .text.HAL_PCD_EP_Open
                0x00000000080038a4       0x66 Drivers/STM32F2xx_HAL_Driver/Src/stm32f2xx_hal_pcd.o
                0x00000000080038a4                HAL_PCD_EP_Open
 .text.HAL_PCD_EP_Close
                0x000000000800390a       0x52 Drivers/STM32F2xx_HAL_Driver/Src/stm32f2xx_hal_pcd.o
                0x000000000800390a                HAL_PCD_EP_Close
 .text.HAL_PCD_EP_Receive
                0x000000000800395c       0x46 Drivers/STM32F2xx_HAL_Driver/Src/stm32f2xx_hal_pcd.o
                0x000000000800395c                HAL_PCD_EP_Receive
 .text.HAL_PCD_EP_GetRxCount
                0x00000000080039a2       0x10 Drivers/STM32F2xx_HAL_Driver/Src/stm32f2xx_hal_pcd.o
                0x00000000080039a2                HAL_PCD_EP_GetRxCount
 .text.HAL_PCD_EP_Transmit
                0x00000000080039b2       0x40 Drivers/STM32F2xx_HAL_Driver/Src/stm32f2xx_hal_pcd.o
                0x00000000080039b2                HAL_PCD_EP_Transmit
 .text.HAL_PCD_EP_SetStall
                0x00000000080039f2       0x70 Drivers/STM32F2xx_HAL_Driver/Src/stm32f2xx_hal_pcd.o
                0x00000000080039f2                HAL_PCD_EP_SetStall
 .text.HAL_PCD_EP_ClrStall
                0x0000000008003a62       0x62 Drivers/STM32F2xx_HAL_Driver/Src/stm32f2xx_hal_pcd.o
                0x0000000008003a62                HAL_PCD_EP_ClrStall
 .text.HAL_PCDEx_SetTxFiFo
                0x0000000008003ac4       0x40 Drivers/STM32F2xx_HAL_Driver/Src/stm32f2xx_hal_pcd_ex.o
                0x0000000008003ac4                HAL_PCDEx_SetTxFiFo
 .text.HAL_PCDEx_SetRxFiFo
                0x0000000008003b04        0x8 Drivers/STM32F2xx_HAL_Driver/Src/stm32f2xx_hal_pcd_ex.o
                0x0000000008003b04                HAL_PCDEx_SetRxFiFo
 .text.HAL_RCC_OscConfig
                0x0000000008003b0c      0x344 Drivers/STM32F2xx_HAL_Driver/Src/stm32f2xx_hal_rcc.o
                0x0000000008003b0c                HAL_RCC_OscConfig
 .text.HAL_RCC_GetSysClockFreq
                0x0000000008003e50       0x5c Drivers/STM32F2xx_HAL_Driver/Src/stm32f2xx_hal_rcc.o
                0x0000000008003e50                HAL_RCC_GetSysClockFreq
 .text.HAL_RCC_ClockConfig
                0x0000000008003eac      0x13c Drivers/STM32F2xx_HAL_Driver/Src/stm32f2xx_hal_rcc.o
                0x0000000008003eac                HAL_RCC_ClockConfig
 .text.HAL_RCC_GetHCLKFreq
                0x0000000008003fe8        0xc Drivers/STM32F2xx_HAL_Driver/Src/stm32f2xx_hal_rcc.o
                0x0000000008003fe8                HAL_RCC_GetHCLKFreq
 .text.HAL_RCC_GetPCLK1Freq
                0x0000000008003ff4       0x30 Drivers/STM32F2xx_HAL_Driver/Src/stm32f2xx_hal_rcc.o
                0x0000000008003ff4                HAL_RCC_GetPCLK1Freq
 .text.HAL_RNG_Init
                0x0000000008004024       0x30 Drivers/STM32F2xx_HAL_Driver/Src/stm32f2xx_hal_rng.o
                0x0000000008004024                HAL_RNG_Init
 .text.HAL_RNG_GenerateRandomNumber
                0x0000000008004054       0x5c Drivers/STM32F2xx_HAL_Driver/Src/stm32f2xx_hal_rng.o
                0x0000000008004054                HAL_RNG_GenerateRandomNumber
 .text.HAL_RNG_GetRandomNumber
                0x00000000080040b0       0x16 Drivers/STM32F2xx_HAL_Driver/Src/stm32f2xx_hal_rng.o
                0x00000000080040b0                HAL_RNG_GetRandomNumber
 .text.HAL_TIM_Base_Start
                0x00000000080040c6       0x24 Drivers/STM32F2xx_HAL_Driver/Src/stm32f2xx_hal_tim.o
                0x00000000080040c6                HAL_TIM_Base_Start
 .text.HAL_TIM_Base_Stop
                0x00000000080040ea       0x2e Drivers/STM32F2xx_HAL_Driver/Src/stm32f2xx_hal_tim.o
                0x00000000080040ea                HAL_TIM_Base_Stop
 .text.HAL_TIM_Base_Start_IT
                0x0000000008004118       0x20 Drivers/STM32F2xx_HAL_Driver/Src/stm32f2xx_hal_tim.o
                0x0000000008004118                HAL_TIM_Base_Start_IT
 .text.HAL_TIM_PeriodElapsedCallback
                0x0000000008004138        0x2 Drivers/STM32F2xx_HAL_Driver/Src/stm32f2xx_hal_tim.o
                0x0000000008004138                HAL_TIM_PeriodElapsedCallback
 .text.HAL_TIM_OC_DelayElapsedCallback
                0x000000000800413a        0x2 Drivers/STM32F2xx_HAL_Driver/Src/stm32f2xx_hal_tim.o
                0x000000000800413a                HAL_TIM_OC_DelayElapsedCallback
 .text.HAL_TIM_IC_CaptureCallback
                0x000000000800413c        0x2 Drivers/STM32F2xx_HAL_Driver/Src/stm32f2xx_hal_tim.o
                0x000000000800413c                HAL_TIM_IC_CaptureCallback
 .text.HAL_TIM_PWM_PulseFinishedCallback
                0x000000000800413e        0x2 Drivers/STM32F2xx_HAL_Driver/Src/stm32f2xx_hal_tim.o
                0x000000000800413e                HAL_TIM_PWM_PulseFinishedCallback
 .text.HAL_TIM_TriggerCallback
                0x0000000008004140        0x2 Drivers/STM32F2xx_HAL_Driver/Src/stm32f2xx_hal_tim.o
                0x0000000008004140                HAL_TIM_TriggerCallback
 .text.HAL_TIM_IRQHandler
                0x0000000008004142      0x144 Drivers/STM32F2xx_HAL_Driver/Src/stm32f2xx_hal_tim.o
                0x0000000008004142                HAL_TIM_IRQHandler
 *fill*         0x0000000008004286        0x2 
 .text.TIM_Base_SetConfig
                0x0000000008004288       0xcc Drivers/STM32F2xx_HAL_Driver/Src/stm32f2xx_hal_tim.o
                0x0000000008004288                TIM_Base_SetConfig
 .text.HAL_TIM_Base_Init
                0x0000000008004354       0x34 Drivers/STM32F2xx_HAL_Driver/Src/stm32f2xx_hal_tim.o
                0x0000000008004354                HAL_TIM_Base_Init
 .text.HAL_TIMEx_MasterConfigSynchronization
                0x0000000008004388       0x3c Drivers/STM32F2xx_HAL_Driver/Src/stm32f2xx_hal_tim_ex.o
                0x0000000008004388                HAL_TIMEx_MasterConfigSynchronization
 .text.HAL_TIMEx_CommutCallback
                0x00000000080043c4        0x2 Drivers/STM32F2xx_HAL_Driver/Src/stm32f2xx_hal_tim_ex.o
                0x00000000080043c4                HAL_TIMEx_CommutCallback
 .text.HAL_TIMEx_BreakCallback
                0x00000000080043c6        0x2 Drivers/STM32F2xx_HAL_Driver/Src/stm32f2xx_hal_tim_ex.o
                0x00000000080043c6                HAL_TIMEx_BreakCallback
 .text.USB_CoreReset
                0x00000000080043c8       0x30 Drivers/STM32F2xx_HAL_Driver/Src/stm32f2xx_ll_usb.o
 .text.USB_CoreInit
                0x00000000080043f8       0x74 Drivers/STM32F2xx_HAL_Driver/Src/stm32f2xx_ll_usb.o
                0x00000000080043f8                USB_CoreInit
 .text.USB_SetTurnaroundTime
                0x000000000800446c       0xe8 Drivers/STM32F2xx_HAL_Driver/Src/stm32f2xx_ll_usb.o
                0x000000000800446c                USB_SetTurnaroundTime
 .text.USB_EnableGlobalInt
                0x0000000008004554        0xc Drivers/STM32F2xx_HAL_Driver/Src/stm32f2xx_ll_usb.o
                0x0000000008004554                USB_EnableGlobalInt
 .text.USB_DisableGlobalInt
                0x0000000008004560        0xc Drivers/STM32F2xx_HAL_Driver/Src/stm32f2xx_ll_usb.o
                0x0000000008004560                USB_DisableGlobalInt
 .text.USB_SetCurrentMode
                0x000000000800456c       0x2e Drivers/STM32F2xx_HAL_Driver/Src/stm32f2xx_ll_usb.o
                0x000000000800456c                USB_SetCurrentMode
 *fill*         0x000000000800459a        0x2 
 .text.USB_FlushTxFifo
                0x000000000800459c       0x24 Drivers/STM32F2xx_HAL_Driver/Src/stm32f2xx_ll_usb.o
                0x000000000800459c                USB_FlushTxFifo
 .text.USB_FlushRxFifo
                0x00000000080045c0       0x20 Drivers/STM32F2xx_HAL_Driver/Src/stm32f2xx_ll_usb.o
                0x00000000080045c0                USB_FlushRxFifo
 .text.USB_SetDevSpeed
                0x00000000080045e0        0xe Drivers/STM32F2xx_HAL_Driver/Src/stm32f2xx_ll_usb.o
                0x00000000080045e0                USB_SetDevSpeed
 *fill*         0x00000000080045ee        0x2 
 .text.USB_DevInit
                0x00000000080045f0      0x188 Drivers/STM32F2xx_HAL_Driver/Src/stm32f2xx_ll_usb.o
                0x00000000080045f0                USB_DevInit
 .text.USB_GetDevSpeed
                0x0000000008004778       0x16 Drivers/STM32F2xx_HAL_Driver/Src/stm32f2xx_ll_usb.o
                0x0000000008004778                USB_GetDevSpeed
 .text.USB_ActivateEndpoint
                0x000000000800478e       0x7c Drivers/STM32F2xx_HAL_Driver/Src/stm32f2xx_ll_usb.o
                0x000000000800478e                USB_ActivateEndpoint
 *fill*         0x000000000800480a        0x2 
 .text.USB_DeactivateEndpoint
                0x000000000800480c       0x60 Drivers/STM32F2xx_HAL_Driver/Src/stm32f2xx_ll_usb.o
                0x000000000800480c                USB_DeactivateEndpoint
 .text.USB_EP0StartXfer
                0x000000000800486c       0xe8 Drivers/STM32F2xx_HAL_Driver/Src/stm32f2xx_ll_usb.o
                0x000000000800486c                USB_EP0StartXfer
 .text.USB_WritePacket
                0x0000000008004954       0x28 Drivers/STM32F2xx_HAL_Driver/Src/stm32f2xx_ll_usb.o
                0x0000000008004954                USB_WritePacket
 .text.USB_EPStartXfer
                0x000000000800497c      0x1b0 Drivers/STM32F2xx_HAL_Driver/Src/stm32f2xx_ll_usb.o
                0x000000000800497c                USB_EPStartXfer
 .text.USB_ReadPacket
                0x0000000008004b2c       0x1c Drivers/STM32F2xx_HAL_Driver/Src/stm32f2xx_ll_usb.o
                0x0000000008004b2c                USB_ReadPacket
 .text.USB_EPSetStall
                0x0000000008004b48       0x56 Drivers/STM32F2xx_HAL_Driver/Src/stm32f2xx_ll_usb.o
                0x0000000008004b48                USB_EPSetStall
 .text.USB_EPClearStall
                0x0000000008004b9e       0x52 Drivers/STM32F2xx_HAL_Driver/Src/stm32f2xx_ll_usb.o
                0x0000000008004b9e                USB_EPClearStall
 .text.USB_SetDevAddress
                0x0000000008004bf0       0x20 Drivers/STM32F2xx_HAL_Driver/Src/stm32f2xx_ll_usb.o
                0x0000000008004bf0                USB_SetDevAddress
 .text.USB_DevConnect
                0x0000000008004c10       0x18 Drivers/STM32F2xx_HAL_Driver/Src/stm32f2xx_ll_usb.o
                0x0000000008004c10                USB_DevConnect
 .text.USB_DevDisconnect
                0x0000000008004c28       0x18 Drivers/STM32F2xx_HAL_Driver/Src/stm32f2xx_ll_usb.o
                0x0000000008004c28                USB_DevDisconnect
 .text.USB_ReadInterrupts
                0x0000000008004c40        0x8 Drivers/STM32F2xx_HAL_Driver/Src/stm32f2xx_ll_usb.o
                0x0000000008004c40                USB_ReadInterrupts
 .text.USB_ReadDevAllOutEpInterrupt
                0x0000000008004c48       0x10 Drivers/STM32F2xx_HAL_Driver/Src/stm32f2xx_ll_usb.o
                0x0000000008004c48                USB_ReadDevAllOutEpInterrupt
 .text.USB_ReadDevAllInEpInterrupt
                0x0000000008004c58       0x10 Drivers/STM32F2xx_HAL_Driver/Src/stm32f2xx_ll_usb.o
                0x0000000008004c58                USB_ReadDevAllInEpInterrupt
 .text.USB_ReadDevOutEPInterrupt
                0x0000000008004c68       0x12 Drivers/STM32F2xx_HAL_Driver/Src/stm32f2xx_ll_usb.o
                0x0000000008004c68                USB_ReadDevOutEPInterrupt
 .text.USB_ReadDevInEPInterrupt
                0x0000000008004c7a       0x24 Drivers/STM32F2xx_HAL_Driver/Src/stm32f2xx_ll_usb.o
                0x0000000008004c7a                USB_ReadDevInEPInterrupt
 .text.USB_GetMode
                0x0000000008004c9e        0x8 Drivers/STM32F2xx_HAL_Driver/Src/stm32f2xx_ll_usb.o
                0x0000000008004c9e                USB_GetMode
 .text.USB_ActivateSetup
                0x0000000008004ca6       0x36 Drivers/STM32F2xx_HAL_Driver/Src/stm32f2xx_ll_usb.o
                0x0000000008004ca6                USB_ActivateSetup
 .text.USB_EP0_OutStart
                0x0000000008004cdc       0x4c Drivers/STM32F2xx_HAL_Driver/Src/stm32f2xx_ll_usb.o
                0x0000000008004cdc                USB_EP0_OutStart
 .text.USBD_CDC_EP0_RxReady
                0x0000000008004d28       0x28 Middlewares/ST/STM32_USB_Device_Library/Class/CDC/Src/usbd_cdc.o
 .text.USBD_CDC_GetFSCfgDesc
                0x0000000008004d50        0xc Middlewares/ST/STM32_USB_Device_Library/Class/CDC/Src/usbd_cdc.o
 .text.USBD_CDC_GetHSCfgDesc
                0x0000000008004d5c        0xc Middlewares/ST/STM32_USB_Device_Library/Class/CDC/Src/usbd_cdc.o
 .text.USBD_CDC_GetOtherSpeedCfgDesc
                0x0000000008004d68        0xc Middlewares/ST/STM32_USB_Device_Library/Class/CDC/Src/usbd_cdc.o
 .text.USBD_CDC_GetDeviceQualifierDescriptor
                0x0000000008004d74        0xc Middlewares/ST/STM32_USB_Device_Library/Class/CDC/Src/usbd_cdc.o
                0x0000000008004d74                USBD_CDC_GetDeviceQualifierDescriptor
 .text.USBD_CDC_DataOut
                0x0000000008004d80       0x2e Middlewares/ST/STM32_USB_Device_Library/Class/CDC/Src/usbd_cdc.o
 .text.USBD_CDC_DataIn
                0x0000000008004dae       0x42 Middlewares/ST/STM32_USB_Device_Library/Class/CDC/Src/usbd_cdc.o
 .text.USBD_CDC_Setup
                0x0000000008004df0       0xbc Middlewares/ST/STM32_USB_Device_Library/Class/CDC/Src/usbd_cdc.o
 .text.USBD_CDC_DeInit
                0x0000000008004eac       0x42 Middlewares/ST/STM32_USB_Device_Library/Class/CDC/Src/usbd_cdc.o
 .text.USBD_CDC_Init
                0x0000000008004eee       0xa6 Middlewares/ST/STM32_USB_Device_Library/Class/CDC/Src/usbd_cdc.o
 .text.USBD_CDC_RegisterInterface
                0x0000000008004f94        0xe Middlewares/ST/STM32_USB_Device_Library/Class/CDC/Src/usbd_cdc.o
                0x0000000008004f94                USBD_CDC_RegisterInterface
 .text.USBD_CDC_SetTxBuffer
                0x0000000008004fa2       0x10 Middlewares/ST/STM32_USB_Device_Library/Class/CDC/Src/usbd_cdc.o
                0x0000000008004fa2                USBD_CDC_SetTxBuffer
 .text.USBD_CDC_SetRxBuffer
                0x0000000008004fb2        0xc Middlewares/ST/STM32_USB_Device_Library/Class/CDC/Src/usbd_cdc.o
                0x0000000008004fb2                USBD_CDC_SetRxBuffer
 .text.USBD_CDC_TransmitPacket
                0x0000000008004fbe       0x32 Middlewares/ST/STM32_USB_Device_Library/Class/CDC/Src/usbd_cdc.o
                0x0000000008004fbe                USBD_CDC_TransmitPacket
 .text.USBD_CDC_ReceivePacket
                0x0000000008004ff0       0x26 Middlewares/ST/STM32_USB_Device_Library/Class/CDC/Src/usbd_cdc.o
                0x0000000008004ff0                USBD_CDC_ReceivePacket
 .text.USBD_Init
                0x0000000008005016       0x2a Middlewares/ST/STM32_USB_Device_Library/Core/Src/usbd_core.o
                0x0000000008005016                USBD_Init
 .text.USBD_RegisterClass
                0x0000000008005040        0xe Middlewares/ST/STM32_USB_Device_Library/Core/Src/usbd_core.o
                0x0000000008005040                USBD_RegisterClass
 .text.USBD_Start
                0x000000000800504e        0xa Middlewares/ST/STM32_USB_Device_Library/Core/Src/usbd_core.o
                0x000000000800504e                USBD_Start
 .text.USBD_SetClassConfig
                0x0000000008005058       0x16 Middlewares/ST/STM32_USB_Device_Library/Core/Src/usbd_core.o
                0x0000000008005058                USBD_SetClassConfig
 .text.USBD_ClrClassConfig
                0x000000000800506e        0xe Middlewares/ST/STM32_USB_Device_Library/Core/Src/usbd_core.o
                0x000000000800506e                USBD_ClrClassConfig
 .text.USBD_LL_SetupStage
                0x000000000800507c       0x5a Middlewares/ST/STM32_USB_Device_Library/Core/Src/usbd_core.o
                0x000000000800507c                USBD_LL_SetupStage
 .text.USBD_LL_DataOutStage
                0x00000000080050d6       0x74 Middlewares/ST/STM32_USB_Device_Library/Core/Src/usbd_core.o
                0x00000000080050d6                USBD_LL_DataOutStage
 .text.USBD_LL_DataInStage
                0x000000000800514a       0xb6 Middlewares/ST/STM32_USB_Device_Library/Core/Src/usbd_core.o
                0x000000000800514a                USBD_LL_DataInStage
 .text.USBD_LL_Reset
                0x0000000008005200       0x4e Middlewares/ST/STM32_USB_Device_Library/Core/Src/usbd_core.o
                0x0000000008005200                USBD_LL_Reset
 .text.USBD_LL_SetSpeed
                0x000000000800524e        0x6 Middlewares/ST/STM32_USB_Device_Library/Core/Src/usbd_core.o
                0x000000000800524e                USBD_LL_SetSpeed
 .text.USBD_LL_Suspend
                0x0000000008005254       0x12 Middlewares/ST/STM32_USB_Device_Library/Core/Src/usbd_core.o
                0x0000000008005254                USBD_LL_Suspend
 .text.USBD_LL_Resume
                0x0000000008005266       0x14 Middlewares/ST/STM32_USB_Device_Library/Core/Src/usbd_core.o
                0x0000000008005266                USBD_LL_Resume
 .text.USBD_LL_SOF
                0x000000000800527a       0x18 Middlewares/ST/STM32_USB_Device_Library/Core/Src/usbd_core.o
                0x000000000800527a                USBD_LL_SOF
 .text.USBD_LL_IsoINIncomplete
                0x0000000008005292        0x4 Middlewares/ST/STM32_USB_Device_Library/Core/Src/usbd_core.o
                0x0000000008005292                USBD_LL_IsoINIncomplete
 .text.USBD_LL_IsoOUTIncomplete
                0x0000000008005296        0x4 Middlewares/ST/STM32_USB_Device_Library/Core/Src/usbd_core.o
                0x0000000008005296                USBD_LL_IsoOUTIncomplete
 .text.USBD_LL_DevConnected
                0x000000000800529a        0x4 Middlewares/ST/STM32_USB_Device_Library/Core/Src/usbd_core.o
                0x000000000800529a                USBD_LL_DevConnected
 .text.USBD_LL_DevDisconnected
                0x000000000800529e       0x16 Middlewares/ST/STM32_USB_Device_Library/Core/Src/usbd_core.o
                0x000000000800529e                USBD_LL_DevDisconnected
 .text.USBD_CtlError.constprop.1
                0x00000000080052b4       0x16 Middlewares/ST/STM32_USB_Device_Library/Core/Src/usbd_ctlreq.o
 *fill*         0x00000000080052ca        0x2 
 .text.USBD_StdDevReq
                0x00000000080052cc      0x248 Middlewares/ST/STM32_USB_Device_Library/Core/Src/usbd_ctlreq.o
                0x00000000080052cc                USBD_StdDevReq
 .text.USBD_StdItfReq
                0x0000000008005514       0x4a Middlewares/ST/STM32_USB_Device_Library/Core/Src/usbd_ctlreq.o
                0x0000000008005514                USBD_StdItfReq
 .text.USBD_StdEPReq
                0x000000000800555e      0x112 Middlewares/ST/STM32_USB_Device_Library/Core/Src/usbd_ctlreq.o
                0x000000000800555e                USBD_StdEPReq
 .text.USBD_ParseSetupRequest
                0x0000000008005670       0x28 Middlewares/ST/STM32_USB_Device_Library/Core/Src/usbd_ctlreq.o
                0x0000000008005670                USBD_ParseSetupRequest
 .text.USBD_CtlError
                0x0000000008005698       0x16 Middlewares/ST/STM32_USB_Device_Library/Core/Src/usbd_ctlreq.o
                0x0000000008005698                USBD_CtlError
 .text.USBD_GetString
                0x00000000080056ae       0x38 Middlewares/ST/STM32_USB_Device_Library/Core/Src/usbd_ctlreq.o
                0x00000000080056ae                USBD_GetString
 .text.USBD_CtlSendData
                0x00000000080056e6       0x1a Middlewares/ST/STM32_USB_Device_Library/Core/Src/usbd_ioreq.o
                0x00000000080056e6                USBD_CtlSendData
 .text.USBD_CtlContinueSendData
                0x0000000008005700       0x10 Middlewares/ST/STM32_USB_Device_Library/Core/Src/usbd_ioreq.o
                0x0000000008005700                USBD_CtlContinueSendData
 .text.USBD_CtlPrepareRx
                0x0000000008005710       0x1e Middlewares/ST/STM32_USB_Device_Library/Core/Src/usbd_ioreq.o
                0x0000000008005710                USBD_CtlPrepareRx
 .text.USBD_CtlContinueRx
                0x000000000800572e       0x10 Middlewares/ST/STM32_USB_Device_Library/Core/Src/usbd_ioreq.o
                0x000000000800572e                USBD_CtlContinueRx
 .text.USBD_CtlSendStatus
                0x000000000800573e       0x16 Middlewares/ST/STM32_USB_Device_Library/Core/Src/usbd_ioreq.o
                0x000000000800573e                USBD_CtlSendStatus
 .text.USBD_CtlReceiveStatus
                0x0000000008005754       0x16 Middlewares/ST/STM32_USB_Device_Library/Core/Src/usbd_ioreq.o
                0x0000000008005754                USBD_CtlReceiveStatus
 *fill*         0x000000000800576a        0x2 
 .text.MX_USB_DEVICE_Init
                0x000000000800576c       0x50 USB_DEVICE/App/usb_device.o
                0x000000000800576c                MX_USB_DEVICE_Init
 .text.CDC_DeInit_FS
                0x00000000080057bc        0x4 USB_DEVICE/App/usbd_cdc_if.o
 .text.CDC_Control_FS
                0x00000000080057c0        0x4 USB_DEVICE/App/usbd_cdc_if.o
 .text.CDC_Receive_FS
                0x00000000080057c4       0x30 USB_DEVICE/App/usbd_cdc_if.o
 .text.CDC_Init_FS
                0x00000000080057f4       0x28 USB_DEVICE/App/usbd_cdc_if.o
 .text.CDC_Transmit_FS
                0x000000000800581c       0x2c USB_DEVICE/App/usbd_cdc_if.o
                0x000000000800581c                CDC_Transmit_FS
 .text.USBD_FS_DeviceDescriptor
                0x0000000008005848        0xc USB_DEVICE/App/usbd_desc.o
                0x0000000008005848                USBD_FS_DeviceDescriptor
 .text.USBD_FS_LangIDStrDescriptor
                0x0000000008005854        0xc USB_DEVICE/App/usbd_desc.o
                0x0000000008005854                USBD_FS_LangIDStrDescriptor
 .text.IntToUnicode
                0x0000000008005860       0x2a USB_DEVICE/App/usbd_desc.o
 *fill*         0x000000000800588a        0x2 
 .text.USBD_FS_SerialStrDescriptor
                0x000000000800588c       0x40 USB_DEVICE/App/usbd_desc.o
                0x000000000800588c                USBD_FS_SerialStrDescriptor
 .text.USBD_FS_ManufacturerStrDescriptor
                0x00000000080058cc       0x1c USB_DEVICE/App/usbd_desc.o
                0x00000000080058cc                USBD_FS_ManufacturerStrDescriptor
 .text.USBD_FS_ProductStrDescriptor
                0x00000000080058e8       0x1c USB_DEVICE/App/usbd_desc.o
                0x00000000080058e8                USBD_FS_ProductStrDescriptor
 .text.USBD_FS_ConfigStrDescriptor
                0x0000000008005904       0x1c USB_DEVICE/App/usbd_desc.o
                0x0000000008005904                USBD_FS_ConfigStrDescriptor
 .text.USBD_FS_InterfaceStrDescriptor
                0x0000000008005920       0x1c USB_DEVICE/App/usbd_desc.o
                0x0000000008005920                USBD_FS_InterfaceStrDescriptor
 .text.HAL_PCD_MspInit
                0x000000000800593c       0x84 USB_DEVICE/Target/usbd_conf.o
                0x000000000800593c                HAL_PCD_MspInit
 .text.HAL_PCD_SetupStageCallback
                0x00000000080059c0        0xc USB_DEVICE/Target/usbd_conf.o
                0x00000000080059c0                HAL_PCD_SetupStageCallback
 .text.HAL_PCD_DataOutStageCallback
                0x00000000080059cc       0x12 USB_DEVICE/Target/usbd_conf.o
                0x00000000080059cc                HAL_PCD_DataOutStageCallback
 .text.HAL_PCD_DataInStageCallback
                0x00000000080059de       0x10 USB_DEVICE/Target/usbd_conf.o
                0x00000000080059de                HAL_PCD_DataInStageCallback
 .text.HAL_PCD_SOFCallback
                0x00000000080059ee        0x8 USB_DEVICE/Target/usbd_conf.o
                0x00000000080059ee                HAL_PCD_SOFCallback
 .text.HAL_PCD_ResetCallback
                0x00000000080059f6       0x26 USB_DEVICE/Target/usbd_conf.o
                0x00000000080059f6                HAL_PCD_ResetCallback
 .text.HAL_PCD_SuspendCallback
                0x0000000008005a1c       0x30 USB_DEVICE/Target/usbd_conf.o
                0x0000000008005a1c                HAL_PCD_SuspendCallback
 .text.HAL_PCD_ResumeCallback
                0x0000000008005a4c        0x8 USB_DEVICE/Target/usbd_conf.o
                0x0000000008005a4c                HAL_PCD_ResumeCallback
 .text.HAL_PCD_ISOOUTIncompleteCallback
                0x0000000008005a54        0x8 USB_DEVICE/Target/usbd_conf.o
                0x0000000008005a54                HAL_PCD_ISOOUTIncompleteCallback
 .text.HAL_PCD_ISOINIncompleteCallback
                0x0000000008005a5c        0x8 USB_DEVICE/Target/usbd_conf.o
                0x0000000008005a5c                HAL_PCD_ISOINIncompleteCallback
 .text.HAL_PCD_ConnectCallback
                0x0000000008005a64        0x8 USB_DEVICE/Target/usbd_conf.o
                0x0000000008005a64                HAL_PCD_ConnectCallback
 .text.HAL_PCD_DisconnectCallback
                0x0000000008005a6c        0x8 USB_DEVICE/Target/usbd_conf.o
                0x0000000008005a6c                HAL_PCD_DisconnectCallback
 .text.USBD_LL_Init
                0x0000000008005a74       0x5c USB_DEVICE/Target/usbd_conf.o
                0x0000000008005a74                USBD_LL_Init
 .text.USBD_LL_Start
                0x0000000008005ad0       0x1c USB_DEVICE/Target/usbd_conf.o
                0x0000000008005ad0                USBD_LL_Start
 .text.USBD_LL_OpenEP
                0x0000000008005aec       0x20 USB_DEVICE/Target/usbd_conf.o
                0x0000000008005aec                USBD_LL_OpenEP
 .text.USBD_LL_CloseEP
                0x0000000008005b0c       0x1c USB_DEVICE/Target/usbd_conf.o
                0x0000000008005b0c                USBD_LL_CloseEP
 .text.USBD_LL_StallEP
                0x0000000008005b28       0x1c USB_DEVICE/Target/usbd_conf.o
                0x0000000008005b28                USBD_LL_StallEP
 .text.USBD_LL_ClearStallEP
                0x0000000008005b44       0x1c USB_DEVICE/Target/usbd_conf.o
                0x0000000008005b44                USBD_LL_ClearStallEP
 .text.USBD_LL_IsStallEP
                0x0000000008005b60       0x24 USB_DEVICE/Target/usbd_conf.o
                0x0000000008005b60                USBD_LL_IsStallEP
 .text.USBD_LL_SetUSBAddress
                0x0000000008005b84       0x1c USB_DEVICE/Target/usbd_conf.o
                0x0000000008005b84                USBD_LL_SetUSBAddress
 .text.USBD_LL_Transmit
                0x0000000008005ba0       0x1c USB_DEVICE/Target/usbd_conf.o
                0x0000000008005ba0                USBD_LL_Transmit
 .text.USBD_LL_PrepareReceive
                0x0000000008005bbc       0x1c USB_DEVICE/Target/usbd_conf.o
                0x0000000008005bbc                USBD_LL_PrepareReceive
 .text.USBD_LL_GetRxDataSize
                0x0000000008005bd8        0x8 USB_DEVICE/Target/usbd_conf.o
                0x0000000008005bd8                USBD_LL_GetRxDataSize
 .text.__errno  0x0000000008005be0        0xc c:/st/stm32cubeide_1.3.0/stm32cubeide/plugins/com.st.stm32cube.ide.mcu.externaltools.gnu-tools-for-stm32.7-2018-q2-update.win32_1.0.0.201904181610/tools/bin/../lib/gcc/arm-none-eabi/7.3.1/../../../../arm-none-eabi/lib/thumb/v7-m\libc_nano.a(lib_a-errno.o)
                0x0000000008005be0                __errno
 .text.__libc_init_array
                0x0000000008005bec       0x48 c:/st/stm32cubeide_1.3.0/stm32cubeide/plugins/com.st.stm32cube.ide.mcu.externaltools.gnu-tools-for-stm32.7-2018-q2-update.win32_1.0.0.201904181610/tools/bin/../lib/gcc/arm-none-eabi/7.3.1/../../../../arm-none-eabi/lib/thumb/v7-m\libc_nano.a(lib_a-init.o)
                0x0000000008005bec                __libc_init_array
 .text.malloc   0x0000000008005c34       0x10 c:/st/stm32cubeide_1.3.0/stm32cubeide/plugins/com.st.stm32cube.ide.mcu.externaltools.gnu-tools-for-stm32.7-2018-q2-update.win32_1.0.0.201904181610/tools/bin/../lib/gcc/arm-none-eabi/7.3.1/../../../../arm-none-eabi/lib/thumb/v7-m\libc_nano.a(lib_a-malloc.o)
                0x0000000008005c34                malloc
 .text.free     0x0000000008005c44       0x10 c:/st/stm32cubeide_1.3.0/stm32cubeide/plugins/com.st.stm32cube.ide.mcu.externaltools.gnu-tools-for-stm32.7-2018-q2-update.win32_1.0.0.201904181610/tools/bin/../lib/gcc/arm-none-eabi/7.3.1/../../../../arm-none-eabi/lib/thumb/v7-m\libc_nano.a(lib_a-malloc.o)
                0x0000000008005c44                free
 .text.memset   0x0000000008005c54       0x10 c:/st/stm32cubeide_1.3.0/stm32cubeide/plugins/com.st.stm32cube.ide.mcu.externaltools.gnu-tools-for-stm32.7-2018-q2-update.win32_1.0.0.201904181610/tools/bin/../lib/gcc/arm-none-eabi/7.3.1/../../../../arm-none-eabi/lib/thumb/v7-m\libc_nano.a(lib_a-memset.o)
                0x0000000008005c54                memset
 .text._free_r  0x0000000008005c64       0x98 c:/st/stm32cubeide_1.3.0/stm32cubeide/plugins/com.st.stm32cube.ide.mcu.externaltools.gnu-tools-for-stm32.7-2018-q2-update.win32_1.0.0.201904181610/tools/bin/../lib/gcc/arm-none-eabi/7.3.1/../../../../arm-none-eabi/lib/thumb/v7-m\libc_nano.a(lib_a-nano-freer.o)
                0x0000000008005c64                _free_r
 .text._malloc_r
                0x0000000008005cfc       0xb4 c:/st/stm32cubeide_1.3.0/stm32cubeide/plugins/com.st.stm32cube.ide.mcu.externaltools.gnu-tools-for-stm32.7-2018-q2-update.win32_1.0.0.201904181610/tools/bin/../lib/gcc/arm-none-eabi/7.3.1/../../../../arm-none-eabi/lib/thumb/v7-m\libc_nano.a(lib_a-nano-mallocr.o)
                0x0000000008005cfc                _malloc_r
 .text._sbrk_r  0x0000000008005db0       0x20 c:/st/stm32cubeide_1.3.0/stm32cubeide/plugins/com.st.stm32cube.ide.mcu.externaltools.gnu-tools-for-stm32.7-2018-q2-update.win32_1.0.0.201904181610/tools/bin/../lib/gcc/arm-none-eabi/7.3.1/../../../../arm-none-eabi/lib/thumb/v7-m\libc_nano.a(lib_a-sbrkr.o)
                0x0000000008005db0                _sbrk_r
 .text.__malloc_lock
                0x0000000008005dd0        0x2 c:/st/stm32cubeide_1.3.0/stm32cubeide/plugins/com.st.stm32cube.ide.mcu.externaltools.gnu-tools-for-stm32.7-2018-q2-update.win32_1.0.0.201904181610/tools/bin/../lib/gcc/arm-none-eabi/7.3.1/../../../../arm-none-eabi/lib/thumb/v7-m\libc_nano.a(lib_a-mlock.o)
                0x0000000008005dd0                __malloc_lock
 .text.__malloc_unlock
                0x0000000008005dd2        0x2 c:/st/stm32cubeide_1.3.0/stm32cubeide/plugins/com.st.stm32cube.ide.mcu.externaltools.gnu-tools-for-stm32.7-2018-q2-update.win32_1.0.0.201904181610/tools/bin/../lib/gcc/arm-none-eabi/7.3.1/../../../../arm-none-eabi/lib/thumb/v7-m\libc_nano.a(lib_a-mlock.o)
                0x0000000008005dd2                __malloc_unlock
 *(.glue_7)
 .glue_7        0x0000000008005dd4        0x0 linker stubs
 *(.glue_7t)
 .glue_7t       0x0000000008005dd4        0x0 linker stubs
 *(.eh_frame)
 .eh_frame      0x0000000008005dd4        0x0 c:/st/stm32cubeide_1.3.0/stm32cubeide/plugins/com.st.stm32cube.ide.mcu.externaltools.gnu-tools-for-stm32.7-2018-q2-update.win32_1.0.0.201904181610/tools/bin/../lib/gcc/arm-none-eabi/7.3.1/thumb/v7-m/crtbegin.o
 *(.init)
 .init          0x0000000008005dd4        0x4 c:/st/stm32cubeide_1.3.0/stm32cubeide/plugins/com.st.stm32cube.ide.mcu.externaltools.gnu-tools-for-stm32.7-2018-q2-update.win32_1.0.0.201904181610/tools/bin/../lib/gcc/arm-none-eabi/7.3.1/thumb/v7-m/crti.o
                0x0000000008005dd4                _init
 .init          0x0000000008005dd8        0x8 c:/st/stm32cubeide_1.3.0/stm32cubeide/plugins/com.st.stm32cube.ide.mcu.externaltools.gnu-tools-for-stm32.7-2018-q2-update.win32_1.0.0.201904181610/tools/bin/../lib/gcc/arm-none-eabi/7.3.1/thumb/v7-m/crtn.o
 *(.fini)
 .fini          0x0000000008005de0        0x4 c:/st/stm32cubeide_1.3.0/stm32cubeide/plugins/com.st.stm32cube.ide.mcu.externaltools.gnu-tools-for-stm32.7-2018-q2-update.win32_1.0.0.201904181610/tools/bin/../lib/gcc/arm-none-eabi/7.3.1/thumb/v7-m/crti.o
                0x0000000008005de0                _fini
 .fini          0x0000000008005de4        0x8 c:/st/stm32cubeide_1.3.0/stm32cubeide/plugins/com.st.stm32cube.ide.mcu.externaltools.gnu-tools-for-stm32.7-2018-q2-update.win32_1.0.0.201904181610/tools/bin/../lib/gcc/arm-none-eabi/7.3.1/thumb/v7-m/crtn.o
                0x0000000008005dec                . = ALIGN (0x4)
                0x0000000008005dec                _etext = .

.vfp11_veneer   0x0000000008005dec        0x0
 .vfp11_veneer  0x0000000008005dec        0x0 linker stubs

.v4_bx          0x0000000008005dec        0x0
 .v4_bx         0x0000000008005dec        0x0 linker stubs

.iplt           0x0000000008005dec        0x0
 .iplt          0x0000000008005dec        0x0 c:/st/stm32cubeide_1.3.0/stm32cubeide/plugins/com.st.stm32cube.ide.mcu.externaltools.gnu-tools-for-stm32.7-2018-q2-update.win32_1.0.0.201904181610/tools/bin/../lib/gcc/arm-none-eabi/7.3.1/thumb/v7-m/crtbegin.o

.rodata         0x0000000008005dec     0x2938
                0x0000000008005dec                . = ALIGN (0x4)
 *(.rodata)
 *(.rodata*)
 .rodata.dataControlMenu.str1.1
                0x0000000008005dec       0x3c Core/Src/data.o
 .rodata.exportModeMenu.str1.1
                0x0000000008005e28        0xc Core/Src/data.o
 .rodata.generateExtraData.str1.1
                0x0000000008005e34       0x13 Core/Src/data.o
 .rodata.initProcess1.str1.1
                0x0000000008005e47       0x82 Core/Src/data.o
 .rodata.initProcess1Next.str1.1
                0x0000000008005ec9        0x6 Core/Src/data.o
 .rodata.initProcess2.str1.1
                0x0000000008005ecf       0x17 Core/Src/data.o
 .rodata.passwordChangeMenu.str1.1
                0x0000000008005ee6       0x10 Core/Src/data.o
 .rodata.resetDeviceMenu.str1.1
                0x0000000008005ef6        0xd Core/Src/data.o
 .rodata.restoreProcess1.str1.1
                0x0000000008005f03       0x3d Core/Src/data.o
 .rodata.setPasswordProcess1.str1.1
                0x0000000008005f40       0x1b Core/Src/data.o
 .rodata.setPasswordProcess2.str1.1
                0x0000000008005f5b       0x10 Core/Src/data.o
 .rodata.setProtectTypeProcess1.str1.1
                0x0000000008005f6b       0x57 Core/Src/data.o
 .rodata.settingsMenu.str1.1
                0x0000000008005fc2       0x4f Core/Src/data.o
 .rodata.settingsMenuDown.str1.1
                0x0000000008006011       0x11 Core/Src/data.o
 .rodata.Font16x26
                0x0000000008006022     0x134c Core/Src/fonts.o
 .rodata.Font7x10
                0x000000000800736e      0x76c Core/Src/fonts.o
 .rodata.bothButtonActions.str1.1
                0x0000000008007ada        0x2 Core/Src/main.o
 .rodata.generatePassFrase.str1.1
                0x0000000008007adc        0x2 Core/Src/main.o
 .rodata.leftButtonActions.str1.1
                0x0000000008007adc        0x2 Core/Src/main.o
 *fill*         0x0000000008007ade        0x2 
 .rodata.pKeyCRYP
                0x0000000008007ae0       0x18 Core/Src/main.o
 .rodata.rightButtonActions.str1.1
                0x0000000008007af8        0x2 Core/Src/main.o
 .rodata.str1.1
                0x0000000008007afa      0xbb8 Core/Src/main.o
 .rodata.ssd1306_WriteStringUint.str1.1
                0x00000000080086b2       0x14 Core/Src/ssd1306.o
 .rodata.AHBPrescTable
                0x00000000080086c6       0x10 Core/Src/system_stm32f2xx.o
                0x00000000080086c6                AHBPrescTable
 .rodata.APBPrescTable
                0x00000000080086d6        0x8 Core/Src/system_stm32f2xx.o
                0x00000000080086d6                APBPrescTable
 .rodata.USBD_FS_ConfigStrDescriptor.str1.1
                0x00000000080086de        0xb USB_DEVICE/App/usbd_desc.o
 .rodata.USBD_FS_InterfaceStrDescriptor.str1.1
                0x00000000080086e9        0xe USB_DEVICE/App/usbd_desc.o
 .rodata.USBD_FS_ManufacturerStrDescriptor.str1.1
                0x00000000080086f7       0x13 USB_DEVICE/App/usbd_desc.o
 .rodata.USBD_FS_ProductStrDescriptor.str1.1
                0x000000000800870a       0x16 USB_DEVICE/App/usbd_desc.o
 .rodata.CSWTCH.21
                0x0000000008008720        0x4 USB_DEVICE/Target/usbd_conf.o
                0x0000000008008724                . = ALIGN (0x4)

.ARM.extab      0x0000000008008724        0x0
                0x0000000008008724                . = ALIGN (0x4)
 *(.ARM.extab* .gnu.linkonce.armextab.*)
                0x0000000008008724                . = ALIGN (0x4)

.ARM            0x0000000008008724        0x8
                0x0000000008008724                . = ALIGN (0x4)
                0x0000000008008724                __exidx_start = .
 *(.ARM.exidx*)
 .ARM.exidx     0x0000000008008724        0x8 c:/st/stm32cubeide_1.3.0/stm32cubeide/plugins/com.st.stm32cube.ide.mcu.externaltools.gnu-tools-for-stm32.7-2018-q2-update.win32_1.0.0.201904181610/tools/bin/../lib/gcc/arm-none-eabi/7.3.1/thumb/v7-m\libgcc.a(_udivmoddi4.o)
                0x000000000800872c                __exidx_end = .
                0x000000000800872c                . = ALIGN (0x4)

.rel.dyn        0x000000000800872c        0x0
 .rel.iplt      0x000000000800872c        0x0 c:/st/stm32cubeide_1.3.0/stm32cubeide/plugins/com.st.stm32cube.ide.mcu.externaltools.gnu-tools-for-stm32.7-2018-q2-update.win32_1.0.0.201904181610/tools/bin/../lib/gcc/arm-none-eabi/7.3.1/thumb/v7-m/crtbegin.o

.preinit_array  0x000000000800872c        0x0
                0x000000000800872c                . = ALIGN (0x4)
                0x000000000800872c                PROVIDE (__preinit_array_start = .)
 *(.preinit_array*)
                0x000000000800872c                PROVIDE (__preinit_array_end = .)
                0x000000000800872c                . = ALIGN (0x4)

.init_array     0x000000000800872c        0x4
                0x000000000800872c                . = ALIGN (0x4)
                0x000000000800872c                PROVIDE (__init_array_start = .)
 *(SORT_BY_NAME(.init_array.*))
 *(.init_array*)
 .init_array    0x000000000800872c        0x4 c:/st/stm32cubeide_1.3.0/stm32cubeide/plugins/com.st.stm32cube.ide.mcu.externaltools.gnu-tools-for-stm32.7-2018-q2-update.win32_1.0.0.201904181610/tools/bin/../lib/gcc/arm-none-eabi/7.3.1/thumb/v7-m/crtbegin.o
                0x0000000008008730                PROVIDE (__init_array_end = .)
                0x0000000008008730                . = ALIGN (0x4)

.fini_array     0x0000000008008730        0x4
                0x0000000008008730                . = ALIGN (0x4)
                [!provide]                        PROVIDE (__fini_array_start = .)
 *(SORT_BY_NAME(.fini_array.*))
 *(.fini_array*)
 .fini_array    0x0000000008008730        0x4 c:/st/stm32cubeide_1.3.0/stm32cubeide/plugins/com.st.stm32cube.ide.mcu.externaltools.gnu-tools-for-stm32.7-2018-q2-update.win32_1.0.0.201904181610/tools/bin/../lib/gcc/arm-none-eabi/7.3.1/thumb/v7-m/crtbegin.o
                [!provide]                        PROVIDE (__fini_array_end = .)
                0x0000000008008734                . = ALIGN (0x4)
                0x0000000008008734                _sidata = LOADADDR (.data)

.data           0x0000000020000000      0xb08 load address 0x0000000008008734
                0x0000000020000000                . = ALIGN (0x4)
                0x0000000020000000                _sdata = .
 *(.data)
 *(.data*)
 .data.cancel   0x0000000020000000        0x8 Core/Src/data.o
                0x0000000020000000                cancel
 .data.devAddr  0x0000000020000008        0x4 Core/Src/data.o
                0x0000000020000008                devAddr
 .data.downwd   0x000000002000000c       0x10 Core/Src/data.o
                0x000000002000000c                downwd
 .data.gear     0x000000002000001c       0x80 Core/Src/data.o
                0x000000002000001c                gear
 .data.line     0x000000002000009c        0x8 Core/Src/data.o
                0x000000002000009c                line
 .data.linebold
                0x00000000200000a4        0x8 Core/Src/data.o
                0x00000000200000a4                linebold
 .data.newDev   0x00000000200000ac       0x40 Core/Src/data.o
                0x00000000200000ac                newDev
 .data.ok       0x00000000200000ec        0x8 Core/Src/data.o
                0x00000000200000ec                ok
 .data.restoreDev
                0x00000000200000f4       0x40 Core/Src/data.o
                0x00000000200000f4                restoreDev
 .data.startaddressfordata
                0x0000000020000134        0x4 Core/Src/data.o
                0x0000000020000134                startaddressfordata
 .data.upwd     0x0000000020000138       0x10 Core/Src/data.o
                0x0000000020000138                upwd
 .data.Font_16x26
                0x0000000020000148        0x8 Core/Src/fonts.o
                0x0000000020000148                Font_16x26
 .data.Font_7x10
                0x0000000020000150        0x8 Core/Src/fonts.o
                0x0000000020000150                Font_7x10
 .data.wordsForPassFrase
                0x0000000020000158      0x7d0 Core/Src/main.o
                0x0000000020000158                wordsForPassFrase
 .data.SystemCoreClock
                0x0000000020000928        0x4 Core/Src/system_stm32f2xx.o
                0x0000000020000928                SystemCoreClock
 .data.uwTickFreq
                0x000000002000092c        0x1 Drivers/STM32F2xx_HAL_Driver/Src/stm32f2xx_hal.o
                0x000000002000092c                uwTickFreq
 *fill*         0x000000002000092d        0x3 
 .data.uwTickPrio
                0x0000000020000930        0x4 Drivers/STM32F2xx_HAL_Driver/Src/stm32f2xx_hal.o
                0x0000000020000930                uwTickPrio
 .data.USBD_CDC
                0x0000000020000934       0x38 Middlewares/ST/STM32_USB_Device_Library/Class/CDC/Src/usbd_cdc.o
                0x0000000020000934                USBD_CDC
 .data.USBD_CDC_CfgFSDesc
                0x000000002000096c       0x43 Middlewares/ST/STM32_USB_Device_Library/Class/CDC/Src/usbd_cdc.o
                0x000000002000096c                USBD_CDC_CfgFSDesc
 *fill*         0x00000000200009af        0x1 
 .data.USBD_CDC_CfgHSDesc
                0x00000000200009b0       0x43 Middlewares/ST/STM32_USB_Device_Library/Class/CDC/Src/usbd_cdc.o
                0x00000000200009b0                USBD_CDC_CfgHSDesc
 *fill*         0x00000000200009f3        0x1 
 .data.USBD_CDC_DeviceQualifierDesc
                0x00000000200009f4        0xa Middlewares/ST/STM32_USB_Device_Library/Class/CDC/Src/usbd_cdc.o
 *fill*         0x00000000200009fe        0x2 
 .data.USBD_CDC_OtherSpeedCfgDesc
                0x0000000020000a00       0x43 Middlewares/ST/STM32_USB_Device_Library/Class/CDC/Src/usbd_cdc.o
                0x0000000020000a00                USBD_CDC_OtherSpeedCfgDesc
 *fill*         0x0000000020000a43        0x1 
 .data.USBD_Interface_fops_FS
                0x0000000020000a44       0x10 USB_DEVICE/App/usbd_cdc_if.o
                0x0000000020000a44                USBD_Interface_fops_FS
 .data.FS_Desc  0x0000000020000a54       0x1c USB_DEVICE/App/usbd_desc.o
                0x0000000020000a54                FS_Desc
 .data.USBD_FS_DeviceDesc
                0x0000000020000a70       0x12 USB_DEVICE/App/usbd_desc.o
                0x0000000020000a70                USBD_FS_DeviceDesc
 *fill*         0x0000000020000a82        0x2 
 .data.USBD_LangIDDesc
                0x0000000020000a84        0x4 USB_DEVICE/App/usbd_desc.o
                0x0000000020000a84                USBD_LangIDDesc
 .data.USBD_StringSerial
                0x0000000020000a88       0x1a USB_DEVICE/App/usbd_desc.o
                0x0000000020000a88                USBD_StringSerial
 *fill*         0x0000000020000aa2        0x2 
 .data._impure_ptr
                0x0000000020000aa4        0x4 c:/st/stm32cubeide_1.3.0/stm32cubeide/plugins/com.st.stm32cube.ide.mcu.externaltools.gnu-tools-for-stm32.7-2018-q2-update.win32_1.0.0.201904181610/tools/bin/../lib/gcc/arm-none-eabi/7.3.1/../../../../arm-none-eabi/lib/thumb/v7-m\libc_nano.a(lib_a-impure.o)
                0x0000000020000aa4                _impure_ptr
 .data.impure_data
                0x0000000020000aa8       0x60 c:/st/stm32cubeide_1.3.0/stm32cubeide/plugins/com.st.stm32cube.ide.mcu.externaltools.gnu-tools-for-stm32.7-2018-q2-update.win32_1.0.0.201904181610/tools/bin/../lib/gcc/arm-none-eabi/7.3.1/../../../../arm-none-eabi/lib/thumb/v7-m\libc_nano.a(lib_a-impure.o)
                0x0000000020000b08                . = ALIGN (0x4)
                0x0000000020000b08                _edata = .

.igot.plt       0x0000000020000b08        0x0 load address 0x000000000800923c
 .igot.plt      0x0000000020000b08        0x0 c:/st/stm32cubeide_1.3.0/stm32cubeide/plugins/com.st.stm32cube.ide.mcu.externaltools.gnu-tools-for-stm32.7-2018-q2-update.win32_1.0.0.201904181610/tools/bin/../lib/gcc/arm-none-eabi/7.3.1/thumb/v7-m/crtbegin.o
                0x0000000020000b08                . = ALIGN (0x4)

.bss            0x0000000020000b08     0x1e0c load address 0x000000000800923c
                0x0000000020000b08                _sbss = .
                0x0000000020000b08                __bss_start__ = _sbss
 *(.bss)
 .bss           0x0000000020000b08       0x1c c:/st/stm32cubeide_1.3.0/stm32cubeide/plugins/com.st.stm32cube.ide.mcu.externaltools.gnu-tools-for-stm32.7-2018-q2-update.win32_1.0.0.201904181610/tools/bin/../lib/gcc/arm-none-eabi/7.3.1/thumb/v7-m/crtbegin.o
 *(.bss*)
 .bss.SSD1306   0x0000000020000b24        0x6 Core/Src/ssd1306.o
 .bss.SSD1306_Buffer
                0x0000000020000b2a      0x410 Core/Src/ssd1306.o
 *fill*         0x0000000020000f3a        0x2 
 .bss.heap_end.5149
                0x0000000020000f3c        0x4 Core/Src/sysmem.o
 .bss.cfgidx.9249
                0x0000000020000f40        0x1 Middlewares/ST/STM32_USB_Device_Library/Core/Src/usbd_ctlreq.o
 *fill*         0x0000000020000f41        0x3 
 .bss.__malloc_free_list
                0x0000000020000f44        0x4 c:/st/stm32cubeide_1.3.0/stm32cubeide/plugins/com.st.stm32cube.ide.mcu.externaltools.gnu-tools-for-stm32.7-2018-q2-update.win32_1.0.0.201904181610/tools/bin/../lib/gcc/arm-none-eabi/7.3.1/../../../../arm-none-eabi/lib/thumb/v7-m\libc_nano.a(lib_a-nano-mallocr.o)
                0x0000000020000f44                __malloc_free_list
 .bss.__malloc_sbrk_start
                0x0000000020000f48        0x4 c:/st/stm32cubeide_1.3.0/stm32cubeide/plugins/com.st.stm32cube.ide.mcu.externaltools.gnu-tools-for-stm32.7-2018-q2-update.win32_1.0.0.201904181610/tools/bin/../lib/gcc/arm-none-eabi/7.3.1/../../../../arm-none-eabi/lib/thumb/v7-m\libc_nano.a(lib_a-nano-mallocr.o)
                0x0000000020000f48                __malloc_sbrk_start
 *(COMMON)
 COMMON         0x0000000020000f4c      0x150 Core/Src/data.o
                0x0000000020000f4c                password
                0x0000000020000f58                setPasswordStep1
                0x0000000020000f5c                datasettingsStatus
                0x0000000020000f60                isInit
                0x0000000020000f64                menu
                0x0000000020000f6c                setProtectTypeStep2
                0x0000000020000f70                passFrase
                0x0000000020000fa0                setProtectTypeStep1
                0x0000000020000fa4                RNGNumbers
                0x0000000020000fbc                isUSBBusy
                0x0000000020000fc0                settingsStatus
                0x0000000020000fc4                initStatus
                0x0000000020000fc8                restoreStatusStep2
                0x0000000020000fcc                initStatusStep1
                0x0000000020000fd0                pointer
                0x0000000020000fd2                dataReciveBufer
                0x0000000020001052                bothButtonStatus
                0x0000000020001054                restoreStatus
                0x0000000020001058                leftButtonStatus
                0x000000002000105c                restoreStatusStep1
                0x0000000020001060                dataControlMenuStatus
                0x0000000020001064                setPasswordStep2
                0x0000000020001068                rightButtonStatus
                0x000000002000106a                updownpointer
                0x000000002000106c                tim6_counter
                0x0000000020001070                settingsMenuStatus
                0x0000000020001074                sconstants
                0x0000000020001080                ProtectType
                0x0000000020001084                setPasswordStatus
                0x0000000020001088                imputpassword
                0x0000000020001094                menuStatus
                0x0000000020001098                initStatusStep2
 COMMON         0x000000002000109c      0x12c Core/Src/main.o
                0x000000002000109c                hhash
                0x00000000200010dc                hi2c1
                0x0000000020001130                hcrc
                0x0000000020001138                htim6
                0x0000000020001178                hrng
                0x0000000020001188                hcryp
 COMMON         0x00000000200011c8        0x4 Drivers/STM32F2xx_HAL_Driver/Src/stm32f2xx_hal.o
                0x00000000200011c8                uwTick
 COMMON         0x00000000200011cc      0x2c4 USB_DEVICE/App/usb_device.o
                0x00000000200011cc                hUsbDeviceFS
 COMMON         0x0000000020001490     0x1000 USB_DEVICE/App/usbd_cdc_if.o
                0x0000000020001490                UserRxBufferFS
                0x0000000020001c90                UserTxBufferFS
 COMMON         0x0000000020002490       0x80 USB_DEVICE/App/usbd_desc.o
                0x0000000020002490                USBD_StrDesc
 COMMON         0x0000000020002510      0x400 USB_DEVICE/Target/usbd_conf.o
                0x0000000020002510                hpcd_USB_OTG_FS
 COMMON         0x0000000020002910        0x4 c:/st/stm32cubeide_1.3.0/stm32cubeide/plugins/com.st.stm32cube.ide.mcu.externaltools.gnu-tools-for-stm32.7-2018-q2-update.win32_1.0.0.201904181610/tools/bin/../lib/gcc/arm-none-eabi/7.3.1/../../../../arm-none-eabi/lib/thumb/v7-m\libc_nano.a(lib_a-reent.o)
                0x0000000020002910                errno
                0x0000000020002914                . = ALIGN (0x4)
                0x0000000020002914                _ebss = .
                0x0000000020002914                __bss_end__ = _ebss

._user_heap_stack
                0x0000000020002914      0x604 load address 0x000000000800923c
                0x0000000020002918                . = ALIGN (0x8)
 *fill*         0x0000000020002914        0x4 
                0x0000000020002918                PROVIDE (end = .)
                [!provide]                        PROVIDE (_end = .)
                0x0000000020002b18                . = (. + _Min_Heap_Size)
 *fill*         0x0000000020002918      0x200 
                0x0000000020002f18                . = (. + _Min_Stack_Size)
 *fill*         0x0000000020002b18      0x400 
                0x0000000020002f18                . = ALIGN (0x8)

/DISCARD/
 libc.a(*)
 libm.a(*)
 libgcc.a(*)

.ARM.attributes
                0x0000000000000000       0x29
 *(.ARM.attributes)
 .ARM.attributes
                0x0000000000000000       0x1d c:/st/stm32cubeide_1.3.0/stm32cubeide/plugins/com.st.stm32cube.ide.mcu.externaltools.gnu-tools-for-stm32.7-2018-q2-update.win32_1.0.0.201904181610/tools/bin/../lib/gcc/arm-none-eabi/7.3.1/thumb/v7-m/crti.o
 .ARM.attributes
                0x000000000000001d       0x2d c:/st/stm32cubeide_1.3.0/stm32cubeide/plugins/com.st.stm32cube.ide.mcu.externaltools.gnu-tools-for-stm32.7-2018-q2-update.win32_1.0.0.201904181610/tools/bin/../lib/gcc/arm-none-eabi/7.3.1/thumb/v7-m/crtbegin.o
 .ARM.attributes
                0x000000000000004a       0x33 Core/Src/data.o
 .ARM.attributes
                0x000000000000007d       0x33 Core/Src/fonts.o
 .ARM.attributes
                0x00000000000000b0       0x33 Core/Src/main.o
 .ARM.attributes
                0x00000000000000e3       0x33 Core/Src/ssd1306.o
 .ARM.attributes
                0x0000000000000116       0x33 Core/Src/stm32f2xx_hal_msp.o
 .ARM.attributes
                0x0000000000000149       0x33 Core/Src/stm32f2xx_it.o
 .ARM.attributes
                0x000000000000017c       0x33 Core/Src/sysmem.o
 .ARM.attributes
                0x00000000000001af       0x33 Core/Src/system_stm32f2xx.o
 .ARM.attributes
                0x00000000000001e2       0x21 Core/Startup/startup_stm32f215retx.o
 .ARM.attributes
                0x0000000000000203       0x33 Drivers/STM32F2xx_HAL_Driver/Src/stm32f2xx_hal.o
 .ARM.attributes
                0x0000000000000236       0x33 Drivers/STM32F2xx_HAL_Driver/Src/stm32f2xx_hal_cortex.o
 .ARM.attributes
                0x0000000000000269       0x33 Drivers/STM32F2xx_HAL_Driver/Src/stm32f2xx_hal_crc.o
 .ARM.attributes
                0x000000000000029c       0x33 Drivers/STM32F2xx_HAL_Driver/Src/stm32f2xx_hal_cryp.o
 .ARM.attributes
                0x00000000000002cf       0x33 Drivers/STM32F2xx_HAL_Driver/Src/stm32f2xx_hal_gpio.o
 .ARM.attributes
                0x0000000000000302       0x33 Drivers/STM32F2xx_HAL_Driver/Src/stm32f2xx_hal_hash.o
 .ARM.attributes
                0x0000000000000335       0x33 Drivers/STM32F2xx_HAL_Driver/Src/stm32f2xx_hal_i2c.o
 .ARM.attributes
                0x0000000000000368       0x33 Drivers/STM32F2xx_HAL_Driver/Src/stm32f2xx_hal_pcd.o
 .ARM.attributes
                0x000000000000039b       0x33 Drivers/STM32F2xx_HAL_Driver/Src/stm32f2xx_hal_pcd_ex.o
 .ARM.attributes
                0x00000000000003ce       0x33 Drivers/STM32F2xx_HAL_Driver/Src/stm32f2xx_hal_rcc.o
 .ARM.attributes
                0x0000000000000401       0x33 Drivers/STM32F2xx_HAL_Driver/Src/stm32f2xx_hal_rng.o
 .ARM.attributes
                0x0000000000000434       0x33 Drivers/STM32F2xx_HAL_Driver/Src/stm32f2xx_hal_tim.o
 .ARM.attributes
                0x0000000000000467       0x33 Drivers/STM32F2xx_HAL_Driver/Src/stm32f2xx_hal_tim_ex.o
 .ARM.attributes
                0x000000000000049a       0x33 Drivers/STM32F2xx_HAL_Driver/Src/stm32f2xx_ll_usb.o
 .ARM.attributes
                0x00000000000004cd       0x33 Middlewares/ST/STM32_USB_Device_Library/Class/CDC/Src/usbd_cdc.o
 .ARM.attributes
                0x0000000000000500       0x33 Middlewares/ST/STM32_USB_Device_Library/Core/Src/usbd_core.o
 .ARM.attributes
                0x0000000000000533       0x33 Middlewares/ST/STM32_USB_Device_Library/Core/Src/usbd_ctlreq.o
 .ARM.attributes
                0x0000000000000566       0x33 Middlewares/ST/STM32_USB_Device_Library/Core/Src/usbd_ioreq.o
 .ARM.attributes
                0x0000000000000599       0x33 USB_DEVICE/App/usb_device.o
 .ARM.attributes
                0x00000000000005cc       0x33 USB_DEVICE/App/usbd_cdc_if.o
 .ARM.attributes
                0x00000000000005ff       0x33 USB_DEVICE/App/usbd_desc.o
 .ARM.attributes
                0x0000000000000632       0x33 USB_DEVICE/Target/usbd_conf.o
 .ARM.attributes
                0x0000000000000665       0x2d c:/st/stm32cubeide_1.3.0/stm32cubeide/plugins/com.st.stm32cube.ide.mcu.externaltools.gnu-tools-for-stm32.7-2018-q2-update.win32_1.0.0.201904181610/tools/bin/../lib/gcc/arm-none-eabi/7.3.1/../../../../arm-none-eabi/lib/thumb/v7-m\libc_nano.a(lib_a-errno.o)
 .ARM.attributes
                0x0000000000000692       0x2d c:/st/stm32cubeide_1.3.0/stm32cubeide/plugins/com.st.stm32cube.ide.mcu.externaltools.gnu-tools-for-stm32.7-2018-q2-update.win32_1.0.0.201904181610/tools/bin/../lib/gcc/arm-none-eabi/7.3.1/../../../../arm-none-eabi/lib/thumb/v7-m\libc_nano.a(lib_a-impure.o)
 .ARM.attributes
                0x00000000000006bf       0x2d c:/st/stm32cubeide_1.3.0/stm32cubeide/plugins/com.st.stm32cube.ide.mcu.externaltools.gnu-tools-for-stm32.7-2018-q2-update.win32_1.0.0.201904181610/tools/bin/../lib/gcc/arm-none-eabi/7.3.1/../../../../arm-none-eabi/lib/thumb/v7-m\libc_nano.a(lib_a-init.o)
 .ARM.attributes
                0x00000000000006ec       0x2d c:/st/stm32cubeide_1.3.0/stm32cubeide/plugins/com.st.stm32cube.ide.mcu.externaltools.gnu-tools-for-stm32.7-2018-q2-update.win32_1.0.0.201904181610/tools/bin/../lib/gcc/arm-none-eabi/7.3.1/../../../../arm-none-eabi/lib/thumb/v7-m\libc_nano.a(lib_a-malloc.o)
 .ARM.attributes
                0x0000000000000719       0x2d c:/st/stm32cubeide_1.3.0/stm32cubeide/plugins/com.st.stm32cube.ide.mcu.externaltools.gnu-tools-for-stm32.7-2018-q2-update.win32_1.0.0.201904181610/tools/bin/../lib/gcc/arm-none-eabi/7.3.1/../../../../arm-none-eabi/lib/thumb/v7-m\libc_nano.a(lib_a-memset.o)
 .ARM.attributes
                0x0000000000000746       0x2d c:/st/stm32cubeide_1.3.0/stm32cubeide/plugins/com.st.stm32cube.ide.mcu.externaltools.gnu-tools-for-stm32.7-2018-q2-update.win32_1.0.0.201904181610/tools/bin/../lib/gcc/arm-none-eabi/7.3.1/../../../../arm-none-eabi/lib/thumb/v7-m\libc_nano.a(lib_a-nano-freer.o)
 .ARM.attributes
                0x0000000000000773       0x2d c:/st/stm32cubeide_1.3.0/stm32cubeide/plugins/com.st.stm32cube.ide.mcu.externaltools.gnu-tools-for-stm32.7-2018-q2-update.win32_1.0.0.201904181610/tools/bin/../lib/gcc/arm-none-eabi/7.3.1/../../../../arm-none-eabi/lib/thumb/v7-m\libc_nano.a(lib_a-nano-mallocr.o)
 .ARM.attributes
                0x00000000000007a0       0x2d c:/st/stm32cubeide_1.3.0/stm32cubeide/plugins/com.st.stm32cube.ide.mcu.externaltools.gnu-tools-for-stm32.7-2018-q2-update.win32_1.0.0.201904181610/tools/bin/../lib/gcc/arm-none-eabi/7.3.1/../../../../arm-none-eabi/lib/thumb/v7-m\libc_nano.a(lib_a-sbrkr.o)
 .ARM.attributes
                0x00000000000007cd       0x2d c:/st/stm32cubeide_1.3.0/stm32cubeide/plugins/com.st.stm32cube.ide.mcu.externaltools.gnu-tools-for-stm32.7-2018-q2-update.win32_1.0.0.201904181610/tools/bin/../lib/gcc/arm-none-eabi/7.3.1/../../../../arm-none-eabi/lib/thumb/v7-m\libc_nano.a(lib_a-mlock.o)
 .ARM.attributes
                0x00000000000007fa       0x2d c:/st/stm32cubeide_1.3.0/stm32cubeide/plugins/com.st.stm32cube.ide.mcu.externaltools.gnu-tools-for-stm32.7-2018-q2-update.win32_1.0.0.201904181610/tools/bin/../lib/gcc/arm-none-eabi/7.3.1/../../../../arm-none-eabi/lib/thumb/v7-m\libc_nano.a(lib_a-reent.o)
 .ARM.attributes
                0x0000000000000827       0x1d c:/st/stm32cubeide_1.3.0/stm32cubeide/plugins/com.st.stm32cube.ide.mcu.externaltools.gnu-tools-for-stm32.7-2018-q2-update.win32_1.0.0.201904181610/tools/bin/../lib/gcc/arm-none-eabi/7.3.1/thumb/v7-m\libgcc.a(_aeabi_uldivmod.o)
 .ARM.attributes
                0x0000000000000844       0x2d c:/st/stm32cubeide_1.3.0/stm32cubeide/plugins/com.st.stm32cube.ide.mcu.externaltools.gnu-tools-for-stm32.7-2018-q2-update.win32_1.0.0.201904181610/tools/bin/../lib/gcc/arm-none-eabi/7.3.1/thumb/v7-m\libgcc.a(_udivmoddi4.o)
 .ARM.attributes
                0x0000000000000871       0x1d c:/st/stm32cubeide_1.3.0/stm32cubeide/plugins/com.st.stm32cube.ide.mcu.externaltools.gnu-tools-for-stm32.7-2018-q2-update.win32_1.0.0.201904181610/tools/bin/../lib/gcc/arm-none-eabi/7.3.1/thumb/v7-m\libgcc.a(_dvmd_tls.o)
 .ARM.attributes
                0x000000000000088e       0x1d c:/st/stm32cubeide_1.3.0/stm32cubeide/plugins/com.st.stm32cube.ide.mcu.externaltools.gnu-tools-for-stm32.7-2018-q2-update.win32_1.0.0.201904181610/tools/bin/../lib/gcc/arm-none-eabi/7.3.1/thumb/v7-m/crtn.o
OUTPUT(IDM.elf elf32-littlearm)

.comment        0x0000000000000000       0x7b
 .comment       0x0000000000000000       0x7b Core/Src/data.o
                                         0x7c (size before relaxing)
 .comment       0x000000000000007b       0x7c Core/Src/fonts.o
 .comment       0x000000000000007b       0x7c Core/Src/main.o
 .comment       0x000000000000007b       0x7c Core/Src/ssd1306.o
 .comment       0x000000000000007b       0x7c Core/Src/stm32f2xx_hal_msp.o
 .comment       0x000000000000007b       0x7c Core/Src/stm32f2xx_it.o
 .comment       0x000000000000007b       0x7c Core/Src/sysmem.o
 .comment       0x000000000000007b       0x7c Core/Src/system_stm32f2xx.o
 .comment       0x000000000000007b       0x7c Drivers/STM32F2xx_HAL_Driver/Src/stm32f2xx_hal.o
 .comment       0x000000000000007b       0x7c Drivers/STM32F2xx_HAL_Driver/Src/stm32f2xx_hal_cortex.o
 .comment       0x000000000000007b       0x7c Drivers/STM32F2xx_HAL_Driver/Src/stm32f2xx_hal_crc.o
 .comment       0x000000000000007b       0x7c Drivers/STM32F2xx_HAL_Driver/Src/stm32f2xx_hal_cryp.o
 .comment       0x000000000000007b       0x7c Drivers/STM32F2xx_HAL_Driver/Src/stm32f2xx_hal_gpio.o
 .comment       0x000000000000007b       0x7c Drivers/STM32F2xx_HAL_Driver/Src/stm32f2xx_hal_hash.o
 .comment       0x000000000000007b       0x7c Drivers/STM32F2xx_HAL_Driver/Src/stm32f2xx_hal_i2c.o
 .comment       0x000000000000007b       0x7c Drivers/STM32F2xx_HAL_Driver/Src/stm32f2xx_hal_pcd.o
 .comment       0x000000000000007b       0x7c Drivers/STM32F2xx_HAL_Driver/Src/stm32f2xx_hal_pcd_ex.o
 .comment       0x000000000000007b       0x7c Drivers/STM32F2xx_HAL_Driver/Src/stm32f2xx_hal_rcc.o
 .comment       0x000000000000007b       0x7c Drivers/STM32F2xx_HAL_Driver/Src/stm32f2xx_hal_rng.o
 .comment       0x000000000000007b       0x7c Drivers/STM32F2xx_HAL_Driver/Src/stm32f2xx_hal_tim.o
 .comment       0x000000000000007b       0x7c Drivers/STM32F2xx_HAL_Driver/Src/stm32f2xx_hal_tim_ex.o
 .comment       0x000000000000007b       0x7c Drivers/STM32F2xx_HAL_Driver/Src/stm32f2xx_ll_usb.o
 .comment       0x000000000000007b       0x7c Middlewares/ST/STM32_USB_Device_Library/Class/CDC/Src/usbd_cdc.o
 .comment       0x000000000000007b       0x7c Middlewares/ST/STM32_USB_Device_Library/Core/Src/usbd_core.o
 .comment       0x000000000000007b       0x7c Middlewares/ST/STM32_USB_Device_Library/Core/Src/usbd_ctlreq.o
 .comment       0x000000000000007b       0x7c Middlewares/ST/STM32_USB_Device_Library/Core/Src/usbd_ioreq.o
 .comment       0x000000000000007b       0x7c USB_DEVICE/App/usb_device.o
 .comment       0x000000000000007b       0x7c USB_DEVICE/App/usbd_cdc_if.o