Archive member included to satisfy reference by file (symbol)

c:/st/stm32cubeide_1.3.0/stm32cubeide/plugins/com.st.stm32cube.ide.mcu.externaltools.gnu-tools-for-stm32.7-2018-q2-update.win32_1.0.0.201904181610/tools/bin/../lib/gcc/arm-none-eabi/7.3.1/../../../../arm-none-eabi/lib/thumb/v7-m\libc_nano.a(lib_a-errno.o)
                              Core/Src/syscalls.o (__errno)
c:/st/stm32cubeide_1.3.0/stm32cubeide/plugins/com.st.stm32cube.ide.mcu.externaltools.gnu-tools-for-stm32.7-2018-q2-update.win32_1.0.0.201904181610/tools/bin/../lib/gcc/arm-none-eabi/7.3.1/../../../../arm-none-eabi/lib/thumb/v7-m\libc_nano.a(lib_a-exit.o)
                              c:/st/stm32cubeide_1.3.0/stm32cubeide/plugins/com.st.stm32cube.ide.mcu.externaltools.gnu-tools-for-stm32.7-2018-q2-update.win32_1.0.0.201904181610/tools/bin/../lib/gcc/arm-none-eabi/7.3.1/../../../../arm-none-eabi/lib/thumb/v7-m/crt0.o (exit)
c:/st/stm32cubeide_1.3.0/stm32cubeide/plugins/com.st.stm32cube.ide.mcu.externaltools.gnu-tools-for-stm32.7-2018-q2-update.win32_1.0.0.201904181610/tools/bin/../lib/gcc/arm-none-eabi/7.3.1/../../../../arm-none-eabi/lib/thumb/v7-m\libc_nano.a(lib_a-impure.o)
                              c:/st/stm32cubeide_1.3.0/stm32cubeide/plugins/com.st.stm32cube.ide.mcu.externaltools.gnu-tools-for-stm32.7-2018-q2-update.win32_1.0.0.201904181610/tools/bin/../lib/gcc/arm-none-eabi/7.3.1/../../../../arm-none-eabi/lib/thumb/v7-m\libc_nano.a(lib_a-exit.o) (_global_impure_ptr)
c:/st/stm32cubeide_1.3.0/stm32cubeide/plugins/com.st.stm32cube.ide.mcu.externaltools.gnu-tools-for-stm32.7-2018-q2-update.win32_1.0.0.201904181610/tools/bin/../lib/gcc/arm-none-eabi/7.3.1/../../../../arm-none-eabi/lib/thumb/v7-m\libc_nano.a(lib_a-init.o)
                              c:/st/stm32cubeide_1.3.0/stm32cubeide/plugins/com.st.stm32cube.ide.mcu.externaltools.gnu-tools-for-stm32.7-2018-q2-update.win32_1.0.0.201904181610/tools/bin/../lib/gcc/arm-none-eabi/7.3.1/../../../../arm-none-eabi/lib/thumb/v7-m/crt0.o (__libc_init_array)
c:/st/stm32cubeide_1.3.0/stm32cubeide/plugins/com.st.stm32cube.ide.mcu.externaltools.gnu-tools-for-stm32.7-2018-q2-update.win32_1.0.0.201904181610/tools/bin/../lib/gcc/arm-none-eabi/7.3.1/../../../../arm-none-eabi/lib/thumb/v7-m\libc_nano.a(lib_a-malloc.o)
                              Middlewares/ST/STM32_USB_Device_Library/Class/CDC/Src/usbd_cdc.o (malloc)
c:/st/stm32cubeide_1.3.0/stm32cubeide/plugins/com.st.stm32cube.ide.mcu.externaltools.gnu-tools-for-stm32.7-2018-q2-update.win32_1.0.0.201904181610/tools/bin/../lib/gcc/arm-none-eabi/7.3.1/../../../../arm-none-eabi/lib/thumb/v7-m\libc_nano.a(lib_a-memcpy-stub.o)
                              Core/Src/data.o (memcpy)
c:/st/stm32cubeide_1.3.0/stm32cubeide/plugins/com.st.stm32cube.ide.mcu.externaltools.gnu-tools-for-stm32.7-2018-q2-update.win32_1.0.0.201904181610/tools/bin/../lib/gcc/arm-none-eabi/7.3.1/../../../../arm-none-eabi/lib/thumb/v7-m\libc_nano.a(lib_a-memset.o)
                              c:/st/stm32cubeide_1.3.0/stm32cubeide/plugins/com.st.stm32cube.ide.mcu.externaltools.gnu-tools-for-stm32.7-2018-q2-update.win32_1.0.0.201904181610/tools/bin/../lib/gcc/arm-none-eabi/7.3.1/../../../../arm-none-eabi/lib/thumb/v7-m/crt0.o (memset)
c:/st/stm32cubeide_1.3.0/stm32cubeide/plugins/com.st.stm32cube.ide.mcu.externaltools.gnu-tools-for-stm32.7-2018-q2-update.win32_1.0.0.201904181610/tools/bin/../lib/gcc/arm-none-eabi/7.3.1/../../../../arm-none-eabi/lib/thumb/v7-m\libc_nano.a(lib_a-nano-freer.o)
                              c:/st/stm32cubeide_1.3.0/stm32cubeide/plugins/com.st.stm32cube.ide.mcu.externaltools.gnu-tools-for-stm32.7-2018-q2-update.win32_1.0.0.201904181610/tools/bin/../lib/gcc/arm-none-eabi/7.3.1/../../../../arm-none-eabi/lib/thumb/v7-m\libc_nano.a(lib_a-malloc.o) (_free_r)
c:/st/stm32cubeide_1.3.0/stm32cubeide/plugins/com.st.stm32cube.ide.mcu.externaltools.gnu-tools-for-stm32.7-2018-q2-update.win32_1.0.0.201904181610/tools/bin/../lib/gcc/arm-none-eabi/7.3.1/../../../../arm-none-eabi/lib/thumb/v7-m\libc_nano.a(lib_a-nano-mallocr.o)
                              c:/st/stm32cubeide_1.3.0/stm32cubeide/plugins/com.st.stm32cube.ide.mcu.externaltools.gnu-tools-for-stm32.7-2018-q2-update.win32_1.0.0.201904181610/tools/bin/../lib/gcc/arm-none-eabi/7.3.1/../../../../arm-none-eabi/lib/thumb/v7-m\libc_nano.a(lib_a-malloc.o) (_malloc_r)
c:/st/stm32cubeide_1.3.0/stm32cubeide/plugins/com.st.stm32cube.ide.mcu.externaltools.gnu-tools-for-stm32.7-2018-q2-update.win32_1.0.0.201904181610/tools/bin/../lib/gcc/arm-none-eabi/7.3.1/../../../../arm-none-eabi/lib/thumb/v7-m\libc_nano.a(lib_a-sbrkr.o)
                              c:/st/stm32cubeide_1.3.0/stm32cubeide/plugins/com.st.stm32cube.ide.mcu.externaltools.gnu-tools-for-stm32.7-2018-q2-update.win32_1.0.0.201904181610/tools/bin/../lib/gcc/arm-none-eabi/7.3.1/../../../../arm-none-eabi/lib/thumb/v7-m\libc_nano.a(lib_a-nano-mallocr.o) (_sbrk_r)
[...]
Memory Configuration

Name             Origin             Length             Attributes
RAM              0x0000000020000000 0x0000000000020000 xrw
FLASH            0x0000000008000000 0x0000000000080000 xr
*default*        0x0000000000000000 0xffffffffffffffff

Linker script and memory map

LOAD c:/st/stm32cubeide_1.3.0/stm32cubeide/plugins/com.st.stm32cube.ide.mcu.externaltools.gnu-tools-for-stm32.7-2018-q2-update.win32_1.0.0.201904181610/tools/bin/../lib/gcc/arm-none-eabi/7.3.1/thumb/v7-m/crti.o
LOAD c:/st/stm32cubeide_1.3.0/stm32cubeide/plugins/com.st.stm32cube.ide.mcu.externaltools.gnu-tools-for-stm32.7-2018-q2-update.win32_1.0.0.201904181610/tools/bin/../lib/gcc/arm-none-eabi/7.3.1/thumb/v7-m/crtbegin.o
LOAD c:/st/stm32cubeide_1.3.0/stm32cubeide/plugins/com.st.stm32cube.ide.mcu.externaltools.gnu-tools-for-stm32.7-2018-q2-update.win32_1.0.0.201904181610/tools/bin/../lib/gcc/arm-none-eabi/7.3.1/../../../../arm-none-eabi/lib/thumb/v7-m/crt0.o
LOAD Core/Src/data.o
LOAD Core/Src/fonts.o
LOAD Core/Src/main.o
LOAD Core/Src/menu.o
LOAD Core/Src/ssd1306.o
LOAD Core/Src/stm32f2xx_hal_msp.o
LOAD Core/Src/stm32f2xx_it.o
LOAD Core/Src/syscalls.o
LOAD Core/Src/sysmem.o
LOAD Core/Src/system_stm32f2xx.o
LOAD Core/Startup/startup_stm32f215retx.o
LOAD Drivers/STM32F2xx_HAL_Driver/Src/stm32f2xx_hal.o
LOAD Drivers/STM32F2xx_HAL_Driver/Src/stm32f2xx_hal_cortex.o
LOAD Drivers/STM32F2xx_HAL_Driver/Src/stm32f2xx_hal_crc.o
LOAD Drivers/STM32F2xx_HAL_Driver/Src/stm32f2xx_hal_cryp.o
LOAD Drivers/STM32F2xx_HAL_Driver/Src/stm32f2xx_hal_dma.o
LOAD Drivers/STM32F2xx_HAL_Driver/Src/stm32f2xx_hal_dma_ex.o
LOAD Drivers/STM32F2xx_HAL_Driver/Src/stm32f2xx_hal_exti.o
LOAD Drivers/STM32F2xx_HAL_Driver/Src/stm32f2xx_hal_flash.o
LOAD Drivers/STM32F2xx_HAL_Driver/Src/stm32f2xx_hal_flash_ex.o
LOAD Drivers/STM32F2xx_HAL_Driver/Src/stm32f2xx_hal_gpio.o
LOAD Drivers/STM32F2xx_HAL_Driver/Src/stm32f2xx_hal_hash.o
LOAD Drivers/STM32F2xx_HAL_Driver/Src/stm32f2xx_hal_i2c.o
LOAD Drivers/STM32F2xx_HAL_Driver/Src/stm32f2xx_hal_pcd.o
LOAD Drivers/STM32F2xx_HAL_Driver/Src/stm32f2xx_hal_pcd_ex.o
LOAD Drivers/STM32F2xx_HAL_Driver/Src/stm32f2xx_hal_pwr.o
LOAD Drivers/STM32F2xx_HAL_Driver/Src/stm32f2xx_hal_pwr_ex.o
LOAD Drivers/STM32F2xx_HAL_Driver/Src/stm32f2xx_hal_rcc.o
LOAD Drivers/STM32F2xx_HAL_Driver/Src/stm32f2xx_hal_rcc_ex.o
LOAD Drivers/STM32F2xx_HAL_Driver/Src/stm32f2xx_hal_rng.o
LOAD Drivers/STM32F2xx_HAL_Driver/Src/stm32f2xx_hal_tim.o
LOAD Drivers/STM32F2xx_HAL_Driver/Src/stm32f2xx_hal_tim_ex.o
LOAD Drivers/STM32F2xx_HAL_Driver/Src/stm32f2xx_ll_usb.o
LOAD Middlewares/ST/STM32_USB_Device_Library/Class/CDC/Src/usbd_cdc.o
LOAD Middlewares/ST/STM32_USB_Device_Library/Core/Src/usbd_core.o
LOAD Middlewares/ST/STM32_USB_Device_Library/Core/Src/usbd_ctlreq.o
LOAD Middlewares/ST/STM32_USB_Device_Library/Core/Src/usbd_ioreq.o
LOAD USB_DEVICE/App/usb_device.o
LOAD USB_DEVICE/App/usbd_cdc_if.o
LOAD USB_DEVICE/App/usbd_desc.o
LOAD USB_DEVICE/Target/usbd_conf.o
START GROUP
LOAD c:/st/stm32cubeide_1.3.0/stm32cubeide/plugins/com.st.stm32cube.ide.mcu.externaltools.gnu-tools-for-stm32.7-2018-q2-update.win32_1.0.0.201904181610/tools/bin/../lib/gcc/arm-none-eabi/7.3.1/../../../../arm-none-eabi/lib/thumb/v7-m\libstdc++_nano.a
LOAD c:/st/stm32cubeide_1.3.0/stm32cubeide/plugins/com.st.stm32cube.ide.mcu.externaltools.gnu-tools-for-stm32.7-2018-q2-update.win32_1.0.0.201904181610/tools/bin/../lib/gcc/arm-none-eabi/7.3.1/../../../../arm-none-eabi/lib/thumb/v7-m\libsupc++_nano.a
END GROUP
LOAD c:/st/stm32cubeide_1.3.0/stm32cubeide/plugins/com.st.stm32cube.ide.mcu.externaltools.gnu-tools-for-stm32.7-2018-q2-update.win32_1.0.0.201904181610/tools/bin/../lib/gcc/arm-none-eabi/7.3.1/../../../../arm-none-eabi/lib/thumb/v7-m\libstdc++_nano.a
LOAD c:/st/stm32cubeide_1.3.0/stm32cubeide/plugins/com.st.stm32cube.ide.mcu.externaltools.gnu-tools-for-stm32.7-2018-q2-update.win32_1.0.0.201904181610/tools/bin/../lib/gcc/arm-none-eabi/7.3.1/../../../../arm-none-eabi/lib/thumb/v7-m\libm.a
LOAD c:/st/stm32cubeide_1.3.0/stm32cubeide/plugins/com.st.stm32cube.ide.mcu.externaltools.gnu-tools-for-stm32.7-2018-q2-update.win32_1.0.0.201904181610/tools/bin/../lib/gcc/arm-none-eabi/7.3.1/../../../../arm-none-eabi/lib/thumb/v7-m\libc_nano.a
START GROUP
LOAD c:/st/stm32cubeide_1.3.0/stm32cubeide/plugins/com.st.stm32cube.ide.mcu.externaltools.gnu-tools-for-stm32.7-2018-q2-update.win32_1.0.0.201904181610/tools/bin/../lib/gcc/arm-none-eabi/7.3.1/thumb/v7-m\libgcc.a
LOAD c:/st/stm32cubeide_1.3.0/stm32cubeide/plugins/com.st.stm32cube.ide.mcu.externaltools.gnu-tools-for-stm32.7-2018-q2-update.win32_1.0.0.201904181610/tools/bin/../lib/gcc/arm-none-eabi/7.3.1/../../../../arm-none-eabi/lib/thumb/v7-m\libc_nano.a
END GROUP
START GROUP
LOAD c:/st/stm32cubeide_1.3.0/stm32cubeide/plugins/com.st.stm32cube.ide.mcu.externaltools.gnu-tools-for-stm32.7-2018-q2-update.win32_1.0.0.201904181610/tools/bin/../lib/gcc/arm-none-eabi/7.3.1/thumb/v7-m\libgcc.a
LOAD c:/st/stm32cubeide_1.3.0/stm32cubeide/plugins/com.st.stm32cube.ide.mcu.externaltools.gnu-tools-for-stm32.7-2018-q2-update.win32_1.0.0.201904181610/tools/bin/../lib/gcc/arm-none-eabi/7.3.1/../../../../arm-none-eabi/lib/thumb/v7-m\libc_nano.a
LOAD c:/st/stm32cubeide_1.3.0/stm32cubeide/plugins/com.st.stm32cube.ide.mcu.externaltools.gnu-tools-for-stm32.7-2018-q2-update.win32_1.0.0.201904181610/tools/bin/../lib/gcc/arm-none-eabi/7.3.1/../../../../arm-none-eabi/lib/thumb/v7-m\libnosys.a
END GROUP
START GROUP
LOAD c:/st/stm32cubeide_1.3.0/stm32cubeide/plugins/com.st.stm32cube.ide.mcu.externaltools.gnu-tools-for-stm32.7-2018-q2-update.win32_1.0.0.201904181610/tools/bin/../lib/gcc/arm-none-eabi/7.3.1/thumb/v7-m\libgcc.a
LOAD c:/st/stm32cubeide_1.3.0/stm32cubeide/plugins/com.st.stm32cube.ide.mcu.externaltools.gnu-tools-for-stm32.7-2018-q2-update.win32_1.0.0.201904181610/tools/bin/../lib/gcc/arm-none-eabi/7.3.1/../../../../arm-none-eabi/lib/thumb/v7-m\libc_nano.a
LOAD c:/st/stm32cubeide_1.3.0/stm32cubeide/plugins/com.st.stm32cube.ide.mcu.externaltools.gnu-tools-for-stm32.7-2018-q2-update.win32_1.0.0.201904181610/tools/bin/../lib/gcc/arm-none-eabi/7.3.1/../../../../arm-none-eabi/lib/thumb/v7-m\libnosys.a
END GROUP
LOAD c:/st/stm32cubeide_1.3.0/stm32cubeide/plugins/com.st.stm32cube.ide.mcu.externaltools.gnu-tools-for-stm32.7-2018-q2-update.win32_1.0.0.201904181610/tools/bin/../lib/gcc/arm-none-eabi/7.3.1/thumb/v7-m/crtend.o
LOAD c:/st/stm32cubeide_1.3.0/stm32cubeide/plugins/com.st.stm32cube.ide.mcu.externaltools.gnu-tools-for-stm32.7-2018-q2-update.win32_1.0.0.201904181610/tools/bin/../lib/gcc/arm-none-eabi/7.3.1/thumb/v7-m/crtn.o
                0x0000000020020000                _estack = (ORIGIN (RAM) + LENGTH (RAM))
                0x0000000000000200                _Min_Heap_Size = 0x200
                0x0000000000000400                _Min_Stack_Size = 0x400

.isr_vector     0x0000000008000000      0x184
                0x0000000008000000                . = ALIGN (0x4)
 *(.isr_vector)
 .isr_vector    0x0000000008000000      0x184 Core/Startup/startup_stm32f215retx.o
                0x0000000008000000                g_pfnVectors
                0x0000000008000184                . = ALIGN (0x4)

.text           0x0000000008000184     0x6c6c
                0x0000000008000184                . = ALIGN (0x4)
 *(.text)
 .text          0x0000000008000184       0x40 c:/st/stm32cubeide_1.3.0/stm32cubeide/plugins/com.st.stm32cube.ide.mcu.externaltools.gnu-tools-for-stm32.7-2018-q2-update.win32_1.0.0.201904181610/tools/bin/../lib/gcc/arm-none-eabi/7.3.1/thumb/v7-m/crtbegin.o
 .text          0x00000000080001c4       0x30 c:/st/stm32cubeide_1.3.0/stm32cubeide/plugins/com.st.stm32cube.ide.mcu.externaltools.gnu-tools-for-stm32.7-2018-q2-update.win32_1.0.0.201904181610/tools/bin/../lib/gcc/arm-none-eabi/7.3.1/thumb/v7-m\libgcc.a(_aeabi_uldivmod.o)
                0x00000000080001c4                __aeabi_uldivmod
 .text          0x00000000080001f4      0x2d0 c:/st/stm32cubeide_1.3.0/stm32cubeide/plugins/com.st.stm32cube.ide.mcu.externaltools.gnu-tools-for-stm32.7-2018-q2-update.win32_1.0.0.201904181610/tools/bin/../lib/gcc/arm-none-eabi/7.3.1/thumb/v7-m\libgcc.a(_udivmoddi4.o)
                0x00000000080001f4                __udivmoddi4
 .text          0x00000000080004c4        0x4 c:/st/stm32cubeide_1.3.0/stm32cubeide/plugins/com.st.stm32cube.ide.mcu.externaltools.gnu-tools-for-stm32.7-2018-q2-update.win32_1.0.0.201904181610/tools/bin/../lib/gcc/arm-none-eabi/7.3.1/thumb/v7-m\libgcc.a(_dvmd_tls.o)
                0x00000000080004c4                __aeabi_idiv0
                0x00000000080004c4                __aeabi_ldiv0
 *(.text*)
 .text.initChoseProcess
                0x00000000080004c8       0x40 Core/Src/data.o
                0x00000000080004c8                initChoseProcess
 .text.deviceIsntInit
                0x0000000008000508       0x9c Core/Src/data.o
                0x0000000008000508                deviceIsntInit
 .text.initProcess1
                0x00000000080005a4       0xac Core/Src/data.o
                0x00000000080005a4                initProcess1
 .text.initProcess2
                0x0000000008000650       0x84 Core/Src/data.o
                0x0000000008000650                initProcess2
 .text.initProcess1Next
                0x00000000080006d4       0x90 Core/Src/data.o
                0x00000000080006d4                initProcess1Next
 .text.restoreProcess1
                0x0000000008000764       0x94 Core/Src/data.o
                0x0000000008000764                restoreProcess1
 .text.setPasswordProcess1
                0x00000000080007f8       0xe8 Core/Src/data.o
                0x00000000080007f8                setPasswordProcess1
 .text.initProcess2Next
                0x00000000080008e0       0xc0 Core/Src/data.o
                0x00000000080008e0                initProcess2Next
 .text.setPasswordProcess1Up
                0x00000000080009a0       0x48 Core/Src/data.o
                0x00000000080009a0                setPasswordProcess1Up
 .text.setPasswordProcess1Down
                0x00000000080009e8       0x48 Core/Src/data.o
                0x00000000080009e8                setPasswordProcess1Down
 .text.setPasswordProcess2
                0x0000000008000a30       0xd4 Core/Src/data.o
                0x0000000008000a30                setPasswordProcess2
 .text.setPasswordProcess1Next
                0x0000000008000b04       0xd8 Core/Src/data.o
                0x0000000008000b04                setPasswordProcess1Next
 .text.setProtectTypeProcessDefault
                0x0000000008000bdc       0x80 Core/Src/data.o
                0x0000000008000bdc                setProtectTypeProcessDefault
 .text.setProtectTypeProcess1
                0x0000000008000c5c       0x70 Core/Src/data.o
                0x0000000008000c5c                setProtectTypeProcess1
 .text.setProtectTypeProcess1Up
                0x0000000008000ccc       0x18 Core/Src/data.o
                0x0000000008000ccc                setProtectTypeProcess1Up
 .text.setProtectTypeProcess1Down
                0x0000000008000ce4       0x18 Core/Src/data.o
                0x0000000008000ce4                setProtectTypeProcess1Down
 .text.settingsMenuDefault
                0x0000000008000cfc       0x98 Core/Src/data.o
                0x0000000008000cfc                settingsMenuDefault
 .text.settingsMenu
                0x0000000008000d94       0x68 Core/Src/data.o
                0x0000000008000d94                settingsMenu
 .text.settingsMenuUp
                0x0000000008000dfc       0x18 Core/Src/data.o
                0x0000000008000dfc                settingsMenuUp
 .text.settingsMenuDown
                0x0000000008000e14       0x18 Core/Src/data.o
                0x0000000008000e14                settingsMenuDown
 .text.resetDeviceMenu
                0x0000000008000e2c       0x84 Core/Src/data.o
                0x0000000008000e2c                resetDeviceMenu
 .text.changeProtectionMenu
                0x0000000008000eb0       0x28 Core/Src/data.o
                0x0000000008000eb0                changeProtectionMenu
 .text.passwordChangeMenu
                0x0000000008000ed8       0x38 Core/Src/data.o
                0x0000000008000ed8                passwordChangeMenu
 .text.exportModeMenu
                0x0000000008000f10       0x58 Core/Src/data.o
                0x0000000008000f10                exportModeMenu
 .text.dataControlMenuDefault
                0x0000000008000f68       0xb0 Core/Src/data.o
                0x0000000008000f68                dataControlMenuDefault
 .text.dataControlMenu
                0x0000000008001018       0x7c Core/Src/data.o
                0x0000000008001018                dataControlMenu
 .text.chooseMainMenu
                0x0000000008001094       0x28 Core/Src/data.o
                0x0000000008001094                chooseMainMenu
 .text.dataControlMenuDown
                0x00000000080010bc       0x18 Core/Src/data.o
                0x00000000080010bc                dataControlMenuDown
 .text.dataControlMenuUp
                0x00000000080010d4       0x18 Core/Src/data.o
                0x00000000080010d4                dataControlMenuUp
 .text.showDataInfo
                0x00000000080010ec       0x98 Core/Src/data.o
                0x00000000080010ec                showDataInfo
 .text.stringToStruct
                0x0000000008001184       0x5c Core/Src/data.o
                0x0000000008001184                stringToStruct
 .text.visualizeStruct
                0x00000000080011e0       0x2c Core/Src/data.o
                0x00000000080011e0                visualizeStruct
 .text.updateScreen
                0x000000000800120c       0xa4 Core/Src/data.o
                0x000000000800120c                updateScreen
 .text.settingsMenuSelect
                0x00000000080012b0       0x44 Core/Src/data.o
                0x00000000080012b0                settingsMenuSelect
 .text.writeToEeprom
                0x00000000080012f4       0x48 Core/Src/data.o
                0x00000000080012f4                writeToEeprom
 .text.uploadIsInit
                0x000000000800133c       0x10 Core/Src/data.o
                0x000000000800133c                uploadIsInit
 .text.uploadSecureOpt
                0x000000000800134c       0x10 Core/Src/data.o
                0x000000000800134c                uploadSecureOpt
 .text.uploadPassword
                0x000000000800135c       0x10 Core/Src/data.o
                0x000000000800135c                uploadPassword
 .text.uploadPCIDcount
                0x000000000800136c       0x10 Core/Src/data.o
                0x000000000800136c                uploadPCIDcount
 .text.uploadDataCount
                0x000000000800137c       0x10 Core/Src/data.o
                0x000000000800137c                uploadDataCount
 .text.uploadIsfirstPC
                0x000000000800138c       0x10 Core/Src/data.o
                0x000000000800138c                uploadIsfirstPC
 .text.uploadaddDeviceEnable
                0x000000000800139c       0x10 Core/Src/data.o
                0x000000000800139c                uploadaddDeviceEnable
 .text.uploadPrivate
                0x00000000080013ac       0x10 Core/Src/data.o
                0x00000000080013ac                uploadPrivate
 .text.uploadadPublic
                0x00000000080013bc       0x10 Core/Src/data.o
                0x00000000080013bc                uploadadPublic
 .text.uploadPCIDmas
                0x00000000080013cc       0x58 Core/Src/data.o
                0x00000000080013cc                uploadPCIDmas
 .text.clearDevice
                0x0000000008001424      0x128 Core/Src/data.o
                0x0000000008001424                clearDevice
 .text.readFromEeprom
                0x000000000800154c       0x48 Core/Src/data.o
                0x000000000800154c                readFromEeprom
 .text.downloadIsInit
                0x0000000008001594       0x10 Core/Src/data.o
                0x0000000008001594                downloadIsInit
 .text.downloadSecureOpt
                0x00000000080015a4       0x10 Core/Src/data.o
                0x00000000080015a4                downloadSecureOpt
 .text.downloadPassword
                0x00000000080015b4       0x10 Core/Src/data.o
                0x00000000080015b4                downloadPassword
 .text.downloadPCIDcount
                0x00000000080015c4       0x10 Core/Src/data.o
                0x00000000080015c4                downloadPCIDcount
 .text.downloadDataCount
                0x00000000080015d4       0x10 Core/Src/data.o
                0x00000000080015d4                downloadDataCount
 .text.generateExtraData
                0x00000000080015e4       0x44 Core/Src/data.o
                0x00000000080015e4                generateExtraData
 .text.downloadIsfirstPCt
                0x0000000008001628       0x10 Core/Src/data.o
                0x0000000008001628                downloadIsfirstPCt
 .text.downloadaddDeviceEnable
                0x0000000008001638       0x10 Core/Src/data.o
                0x0000000008001638                downloadaddDeviceEnable
 .text.downloadPrivate
                0x0000000008001648       0x10 Core/Src/data.o
                0x0000000008001648                downloadPrivate
 .text.downloadPublic
                0x0000000008001658       0x10 Core/Src/data.o
                0x0000000008001658                downloadPublic
 .text.downloadPCIDmas
                0x0000000008001668       0x58 Core/Src/data.o
                0x0000000008001668                downloadPCIDmas
 .text.initConstants
                0x00000000080016c0       0xfc Core/Src/data.o
                0x00000000080016c0                initConstants
 .text.initMenu
                0x00000000080017bc       0x8c Core/Src/data.o
                0x00000000080017bc                initMenu
 .text.setPasswordProcess2Next
                0x0000000008001848      0x1d8 Core/Src/data.o
                0x0000000008001848                setPasswordProcess2Next
 .text.setProtectTypeProcess1Next
                0x0000000008001a20       0x64 Core/Src/data.o
                0x0000000008001a20                setProtectTypeProcess1Next
 .text.deleteData
                0x0000000008001a84      0x10c Core/Src/data.o
                0x0000000008001a84                deleteData
 .text.dataControlMenuSelect
                0x0000000008001b90       0xc0 Core/Src/data.o
                0x0000000008001b90                dataControlMenuSelect
 .text.SystemClock_Config
                0x0000000008001c50       0x5a Core/Src/main.o
                0x0000000008001c50                SystemClock_Config
 *fill*         0x0000000008001caa        0x2 
 .text.startup.main
                0x0000000008001cac      0x814 Core/Src/main.o
                0x0000000008001cac                main
 .text.HAL_GPIO_EXTI_Callback
                0x00000000080024c0       0x6c Core/Src/main.o
                0x00000000080024c0                HAL_GPIO_EXTI_Callback
 .text.changePasswordData
                0x000000000800252c      0x12c Core/Src/main.o
                0x000000000800252c                changePasswordData
 .text.leftButtonActions
                0x0000000008002658       0xf4 Core/Src/main.o
                0x0000000008002658                leftButtonActions
 .text.rightButtonActions
                0x000000000800274c      0x108 Core/Src/main.o
                0x000000000800274c                rightButtonActions
 .text.bothButtonActions
                0x0000000008002854       0xb8 Core/Src/main.o
                0x0000000008002854                bothButtonActions
 .text.generateRandomNumbers
                0x000000000800290c       0x70 Core/Src/main.o
                0x000000000800290c                generateRandomNumbers
 .text.generatePassFrase
                0x000000000800297c       0xc0 Core/Src/main.o
                0x000000000800297c                generatePassFrase
 .text.Error_Handler
                0x0000000008002a3c        0x2 Core/Src/main.o
                0x0000000008002a3c                Error_Handler
 *fill*         0x0000000008002a3e        0x2 
 .text.ssd1306_WriteCommand
                0x0000000008002a40       0x28 Core/Src/ssd1306.o
 .text.ssd1306_Fill
                0x0000000008002a68       0x1c Core/Src/ssd1306.o
                0x0000000008002a68                ssd1306_Fill
 .text.ssd1306_UpdateScreen
                0x0000000008002a84       0x4c Core/Src/ssd1306.o
                0x0000000008002a84                ssd1306_UpdateScreen
 .text.ssd1306_Init
                0x0000000008002ad0       0xcc Core/Src/ssd1306.o
                0x0000000008002ad0                ssd1306_Init
 .text.ssd1306_DrawPixel
                0x0000000008002b9c       0x40 Core/Src/ssd1306.o
                0x0000000008002b9c                ssd1306_DrawPixel
 .text.ssd1306_WriteChar
                0x0000000008002bdc       0x9c Core/Src/ssd1306.o
                0x0000000008002bdc                ssd1306_WriteChar
 .text.ssd1306_WriteString
                0x0000000008002c78       0x2a Core/Src/ssd1306.o
                0x0000000008002c78                ssd1306_WriteString
 *fill*         0x0000000008002ca2        0x2 
 .text.ssd1306_SetCursor
                0x0000000008002ca4        0xc Core/Src/ssd1306.o
                0x0000000008002ca4                ssd1306_SetCursor
 .text.ssd1306_Write_To_Bufer
                0x0000000008002cb0       0x60 Core/Src/ssd1306.o
                0x0000000008002cb0                ssd1306_Write_To_Bufer
 .text.ssd1306_WriteStringUint
                0x0000000008002d10      0x110 Core/Src/ssd1306.o
                0x0000000008002d10                ssd1306_WriteStringUint
 .text.HAL_MspInit
                0x0000000008002e20       0x38 Core/Src/stm32f2xx_hal_msp.o
                0x0000000008002e20                HAL_MspInit
 .text.HAL_CRC_MspInit
                0x0000000008002e58       0x30 Core/Src/stm32f2xx_hal_msp.o
                0x0000000008002e58                HAL_CRC_MspInit
 .text.HAL_CRYP_MspInit
                0x0000000008002e88       0x30 Core/Src/stm32f2xx_hal_msp.o
                0x0000000008002e88                HAL_CRYP_MspInit
 .text.HAL_HASH_MspInit
                0x0000000008002eb8       0x24 Core/Src/stm32f2xx_hal_msp.o
                0x0000000008002eb8                HAL_HASH_MspInit
 .text.HAL_HASH_MspDeInit
                0x0000000008002edc       0x10 Core/Src/stm32f2xx_hal_msp.o
                0x0000000008002edc                HAL_HASH_MspDeInit
 .text.HAL_I2C_MspInit
                0x0000000008002eec       0x70 Core/Src/stm32f2xx_hal_msp.o
                0x0000000008002eec                HAL_I2C_MspInit
 .text.HAL_RNG_MspInit
                0x0000000008002f5c       0x30 Core/Src/stm32f2xx_hal_msp.o
                0x0000000008002f5c                HAL_RNG_MspInit
 .text.HAL_TIM_Base_MspInit
                0x0000000008002f8c       0x44 Core/Src/stm32f2xx_hal_msp.o
                0x0000000008002f8c                HAL_TIM_Base_MspInit
 .text.NMI_Handler
                0x0000000008002fd0        0x2 Core/Src/stm32f2xx_it.o
                0x0000000008002fd0                NMI_Handler
 .text.HardFault_Handler
                0x0000000008002fd2        0x2 Core/Src/stm32f2xx_it.o
                0x0000000008002fd2                HardFault_Handler
 .text.MemManage_Handler
                0x0000000008002fd4        0x2 Core/Src/stm32f2xx_it.o
                0x0000000008002fd4                MemManage_Handler
 .text.BusFault_Handler
                0x0000000008002fd6        0x2 Core/Src/stm32f2xx_it.o
                0x0000000008002fd6                BusFault_Handler
 .text.UsageFault_Handler
                0x0000000008002fd8        0x2 Core/Src/stm32f2xx_it.o
                0x0000000008002fd8                UsageFault_Handler
 .text.SVC_Handler
                0x0000000008002fda        0x2 Core/Src/stm32f2xx_it.o
                0x0000000008002fda                SVC_Handler
 .text.DebugMon_Handler
                0x0000000008002fdc        0x2 Core/Src/stm32f2xx_it.o
                0x0000000008002fdc                DebugMon_Handler
 .text.PendSV_Handler
                0x0000000008002fde        0x2 Core/Src/stm32f2xx_it.o
                0x0000000008002fde                PendSV_Handler
 .text.SysTick_Handler
                0x0000000008002fe0        0x4 Core/Src/stm32f2xx_it.o
                0x0000000008002fe0                SysTick_Handler
 .text.EXTI9_5_IRQHandler
                0x0000000008002fe4       0x16 Core/Src/stm32f2xx_it.o
                0x0000000008002fe4                EXTI9_5_IRQHandler
 *fill*         0x0000000008002ffa        0x2 
 .text.TIM6_DAC_IRQHandler
                0x0000000008002ffc       0x64 Core/Src/stm32f2xx_it.o
                0x0000000008002ffc                TIM6_DAC_IRQHandler
 .text.OTG_FS_IRQHandler
                0x0000000008003060        0xc Core/Src/stm32f2xx_it.o
                0x0000000008003060                OTG_FS_IRQHandler
 .text._sbrk    0x000000000800306c       0x34 Core/Src/sysmem.o
                0x000000000800306c                _sbrk
 .text.SystemInit
                0x00000000080030a0       0x40 Core/Src/system_stm32f2xx.o
                0x00000000080030a0                SystemInit
 .text.Reset_Handler
                0x00000000080030e0       0x50 Core/Startup/startup_stm32f215retx.o
                0x00000000080030e0                Reset_Handler
 .text.Default_Handler
                0x0000000008003130        0x2 Core/Startup/startup_stm32f215retx.o
                0x0000000008003130                RTC_Alarm_IRQHandler
                0x0000000008003130                HASH_RNG_IRQHandler
                0x0000000008003130                EXTI2_IRQHandler
                0x0000000008003130                TIM8_CC_IRQHandler
                0x0000000008003130                TIM1_CC_IRQHandler
                0x0000000008003130                DMA2_Stream5_IRQHandler
                0x0000000008003130                DMA1_Stream5_IRQHandler
                0x0000000008003130                PVD_IRQHandler
                0x0000000008003130                SDIO_IRQHandler
                0x0000000008003130                TAMP_STAMP_IRQHandler
                0x0000000008003130                CAN2_RX1_IRQHandler
                0x0000000008003130                EXTI3_IRQHandler
                0x0000000008003130                TIM8_TRG_COM_TIM14_IRQHandler
                0x0000000008003130                TIM1_UP_TIM10_IRQHandler
                0x0000000008003130                TIM8_UP_TIM13_IRQHandler
                0x0000000008003130                I2C3_ER_IRQHandler
                0x0000000008003130                EXTI0_IRQHandler
                0x0000000008003130                I2C2_EV_IRQHandler
                0x0000000008003130                DMA1_Stream2_IRQHandler
                0x0000000008003130                CAN1_RX0_IRQHandler
                0x0000000008003130                OTG_HS_WKUP_IRQHandler
                0x0000000008003130                CAN2_SCE_IRQHandler
                0x0000000008003130                DMA2_Stream2_IRQHandler
                0x0000000008003130                SPI1_IRQHandler
                0x0000000008003130                TIM1_BRK_TIM9_IRQHandler
                0x0000000008003130                CAN2_RX0_IRQHandler
                0x0000000008003130                DMA2_Stream3_IRQHandler
                0x0000000008003130                USART6_IRQHandler
                0x0000000008003130                USART3_IRQHandler
                0x0000000008003130                CRYP_IRQHandler
                0x0000000008003130                CAN1_RX1_IRQHandler
                0x0000000008003130                UART5_IRQHandler
                0x0000000008003130                DMA2_Stream0_IRQHandler
                0x0000000008003130                TIM4_IRQHandler
                0x0000000008003130                I2C1_EV_IRQHandler
                0x0000000008003130                DMA1_Stream6_IRQHandler
                0x0000000008003130                DMA1_Stream1_IRQHandler
                0x0000000008003130                UART4_IRQHandler
                0x0000000008003130                TIM3_IRQHandler
                0x0000000008003130                RCC_IRQHandler
                0x0000000008003130                TIM8_BRK_TIM12_IRQHandler
                0x0000000008003130                Default_Handler
                0x0000000008003130                EXTI15_10_IRQHandler
                0x0000000008003130                ADC_IRQHandler
                0x0000000008003130                DMA1_Stream7_IRQHandler
                0x0000000008003130                TIM7_IRQHandler
                0x0000000008003130                CAN2_TX_IRQHandler
                0x0000000008003130                TIM5_IRQHandler
                0x0000000008003130                DMA2_Stream7_IRQHandler
                0x0000000008003130                I2C3_EV_IRQHandler
                0x0000000008003130                RTC_WKUP_IRQHandler
                0x0000000008003130                SPI2_IRQHandler
                0x0000000008003130                OTG_HS_EP1_IN_IRQHandler
                0x0000000008003130                DMA1_Stream0_IRQHandler
                0x0000000008003130                CAN1_TX_IRQHandler
                0x0000000008003130                EXTI4_IRQHandler
                0x0000000008003130                FSMC_IRQHandler
                0x0000000008003130                OTG_HS_EP1_OUT_IRQHandler
                0x0000000008003130                WWDG_IRQHandler
                0x0000000008003130                TIM2_IRQHandler
                0x0000000008003130                OTG_FS_WKUP_IRQHandler
                0x0000000008003130                TIM1_TRG_COM_TIM11_IRQHandler
                0x0000000008003130                OTG_HS_IRQHandler
                0x0000000008003130                EXTI1_IRQHandler
                0x0000000008003130                USART2_IRQHandler
                0x0000000008003130                I2C2_ER_IRQHandler
                0x0000000008003130                DMA2_Stream1_IRQHandler
                0x0000000008003130                CAN1_SCE_IRQHandler
                0x0000000008003130                FLASH_IRQHandler
                0x0000000008003130                DMA2_Stream4_IRQHandler
                0x0000000008003130                USART1_IRQHandler
                0x0000000008003130                SPI3_IRQHandler
                0x0000000008003130                DMA1_Stream4_IRQHandler
                0x0000000008003130                I2C1_ER_IRQHandler
                0x0000000008003130                DMA2_Stream6_IRQHandler
                0x0000000008003130                DMA1_Stream3_IRQHandler
 *fill*         0x0000000008003132        0x2 
 .text.HAL_InitTick
                0x0000000008003134       0x48 Drivers/STM32F2xx_HAL_Driver/Src/stm32f2xx_hal.o
                0x0000000008003134                HAL_InitTick
 .text.HAL_Init
                0x000000000800317c       0x34 Drivers/STM32F2xx_HAL_Driver/Src/stm32f2xx_hal.o
                0x000000000800317c                HAL_Init
 .text.HAL_IncTick
                0x00000000080031b0       0x18 Drivers/STM32F2xx_HAL_Driver/Src/stm32f2xx_hal.o
                0x00000000080031b0                HAL_IncTick
 .text.HAL_GetTick
                0x00000000080031c8        0xc Drivers/STM32F2xx_HAL_Driver/Src/stm32f2xx_hal.o
                0x00000000080031c8                HAL_GetTick
 .text.HAL_Delay
                0x00000000080031d4       0x28 Drivers/STM32F2xx_HAL_Driver/Src/stm32f2xx_hal.o
                0x00000000080031d4                HAL_Delay
 .text.HAL_NVIC_SetPriorityGrouping
                0x00000000080031fc       0x24 Drivers/STM32F2xx_HAL_Driver/Src/stm32f2xx_hal_cortex.o
                0x00000000080031fc                HAL_NVIC_SetPriorityGrouping
 .text.HAL_NVIC_SetPriority
                0x0000000008003220       0x68 Drivers/STM32F2xx_HAL_Driver/Src/stm32f2xx_hal_cortex.o
                0x0000000008003220                HAL_NVIC_SetPriority
 .text.HAL_NVIC_EnableIRQ
                0x0000000008003288       0x1c Drivers/STM32F2xx_HAL_Driver/Src/stm32f2xx_hal_cortex.o
                0x0000000008003288                HAL_NVIC_EnableIRQ
 .text.HAL_SYSTICK_Config
                0x00000000080032a4       0x2c Drivers/STM32F2xx_HAL_Driver/Src/stm32f2xx_hal_cortex.o
                0x00000000080032a4                HAL_SYSTICK_Config
 .text.HAL_CRC_Init
                0x00000000080032d0       0x20 Drivers/STM32F2xx_HAL_Driver/Src/stm32f2xx_hal_crc.o
                0x00000000080032d0                HAL_CRC_Init
 .text.HAL_CRYP_Init
                0x00000000080032f0       0x40 Drivers/STM32F2xx_HAL_Driver/Src/stm32f2xx_hal_cryp.o
                0x00000000080032f0                HAL_CRYP_Init
 .text.HAL_GPIO_Init
                0x0000000008003330      0x1c8 Drivers/STM32F2xx_HAL_Driver/Src/stm32f2xx_hal_gpio.o
                0x0000000008003330                HAL_GPIO_Init
 .text.HAL_GPIO_EXTI_IRQHandler
                0x00000000080034f8       0x18 Drivers/STM32F2xx_HAL_Driver/Src/stm32f2xx_hal_gpio.o
                0x00000000080034f8                HAL_GPIO_EXTI_IRQHandler
 .text.HASH_WriteData
                0x0000000008003510       0x7c Drivers/STM32F2xx_HAL_Driver/Src/stm32f2xx_hal_hash.o
 .text.HASH_GetDigest
                0x000000000800358c       0x4c Drivers/STM32F2xx_HAL_Driver/Src/stm32f2xx_hal_hash.o
 .text.HASH_WaitOnFlagUntilTimeout
                0x00000000080035d8       0x70 Drivers/STM32F2xx_HAL_Driver/Src/stm32f2xx_hal_hash.o
 .text.HAL_HASH_Init
                0x0000000008003648       0x54 Drivers/STM32F2xx_HAL_Driver/Src/stm32f2xx_hal_hash.o
                0x0000000008003648                HAL_HASH_Init
 .text.HAL_HASH_DeInit
                0x000000000800369c       0x30 Drivers/STM32F2xx_HAL_Driver/Src/stm32f2xx_hal_hash.o
                0x000000000800369c                HAL_HASH_DeInit
 .text.HASH_Start
                0x00000000080036cc       0xfc Drivers/STM32F2xx_HAL_Driver/Src/stm32f2xx_hal_hash.o
                0x00000000080036cc                HASH_Start
 .text.HAL_HASH_SHA1_Start
                0x00000000080037c8       0x12 Drivers/STM32F2xx_HAL_Driver/Src/stm32f2xx_hal_hash.o
                0x00000000080037c8                HAL_HASH_SHA1_Start
 *fill*         0x00000000080037da        0x2 
 .text.HASH_Finish
                0x00000000080037dc       0x60 Drivers/STM32F2xx_HAL_Driver/Src/stm32f2xx_hal_hash.o
                0x00000000080037dc                HASH_Finish
 .text.I2C_IsAcknowledgeFailed
                0x000000000800383c       0x32 Drivers/STM32F2xx_HAL_Driver/Src/stm32f2xx_hal_i2c.o
 .text.I2C_WaitOnMasterAddressFlagUntilTimeout
                0x000000000800386e       0x74 Drivers/STM32F2xx_HAL_Driver/Src/stm32f2xx_hal_i2c.o
 .text.I2C_WaitOnBTFFlagUntilTimeout
                0x00000000080038e2       0x4c Drivers/STM32F2xx_HAL_Driver/Src/stm32f2xx_hal_i2c.o
 .text.I2C_WaitOnRXNEFlagUntilTimeout
                0x000000000800392e       0x5e Drivers/STM32F2xx_HAL_Driver/Src/stm32f2xx_hal_i2c.o
 .text.I2C_WaitOnFlagUntilTimeout
                0x000000000800398c       0x62 Drivers/STM32F2xx_HAL_Driver/Src/stm32f2xx_hal_i2c.o
 .text.I2C_WaitOnTXEFlagUntilTimeout
                0x00000000080039ee       0x4c Drivers/STM32F2xx_HAL_Driver/Src/stm32f2xx_hal_i2c.o
 *fill*         0x0000000008003a3a        0x2 
 .text.I2C_RequestMemoryWrite
                0x0000000008003a3c       0xac Drivers/STM32F2xx_HAL_Driver/Src/stm32f2xx_hal_i2c.o
 .text.I2C_RequestMemoryRead
                0x0000000008003ae8       0xfc Drivers/STM32F2xx_HAL_Driver/Src/stm32f2xx_hal_i2c.o
 .text.HAL_I2C_Init
                0x0000000008003be4      0x158 Drivers/STM32F2xx_HAL_Driver/Src/stm32f2xx_hal_i2c.o
                0x0000000008003be4                HAL_I2C_Init
 .text.HAL_I2C_Mem_Write
                0x0000000008003d3c      0x120 Drivers/STM32F2xx_HAL_Driver/Src/stm32f2xx_hal_i2c.o
                0x0000000008003d3c                HAL_I2C_Mem_Write
 .text.HAL_I2C_Mem_Read
                0x0000000008003e5c      0x218 Drivers/STM32F2xx_HAL_Driver/Src/stm32f2xx_hal_i2c.o
                0x0000000008003e5c                HAL_I2C_Mem_Read
 .text.HAL_I2C_IsDeviceReady
                0x0000000008004074      0x160 Drivers/STM32F2xx_HAL_Driver/Src/stm32f2xx_hal_i2c.o
                0x0000000008004074                HAL_I2C_IsDeviceReady
 .text.HAL_PCD_Init
                0x00000000080041d4      0x10e Drivers/STM32F2xx_HAL_Driver/Src/stm32f2xx_hal_pcd.o
                0x00000000080041d4                HAL_PCD_Init
 .text.HAL_PCD_Start
                0x00000000080042e2       0x2a Drivers/STM32F2xx_HAL_Driver/Src/stm32f2xx_hal_pcd.o
                0x00000000080042e2                HAL_PCD_Start
 .text.HAL_PCD_IRQHandler
                0x000000000800430c      0x574 Drivers/STM32F2xx_HAL_Driver/Src/stm32f2xx_hal_pcd.o
                0x000000000800430c                HAL_PCD_IRQHandler
 .text.HAL_PCD_SetAddress
                0x0000000008004880       0x28 Drivers/STM32F2xx_HAL_Driver/Src/stm32f2xx_hal_pcd.o
                0x0000000008004880                HAL_PCD_SetAddress
 .text.HAL_PCD_EP_Open
                0x00000000080048a8       0x66 Drivers/STM32F2xx_HAL_Driver/Src/stm32f2xx_hal_pcd.o
                0x00000000080048a8                HAL_PCD_EP_Open
 .text.HAL_PCD_EP_Close
                0x000000000800490e       0x52 Drivers/STM32F2xx_HAL_Driver/Src/stm32f2xx_hal_pcd.o
                0x000000000800490e                HAL_PCD_EP_Close
 .text.HAL_PCD_EP_Receive
                0x0000000008004960       0x46 Drivers/STM32F2xx_HAL_Driver/Src/stm32f2xx_hal_pcd.o
                0x0000000008004960                HAL_PCD_EP_Receive
 .text.HAL_PCD_EP_GetRxCount
                0x00000000080049a6       0x10 Drivers/STM32F2xx_HAL_Driver/Src/stm32f2xx_hal_pcd.o
                0x00000000080049a6                HAL_PCD_EP_GetRxCount
 .text.HAL_PCD_EP_Transmit
                0x00000000080049b6       0x40 Drivers/STM32F2xx_HAL_Driver/Src/stm32f2xx_hal_pcd.o
                0x00000000080049b6                HAL_PCD_EP_Transmit
 .text.HAL_PCD_EP_SetStall
                0x00000000080049f6       0x70 Drivers/STM32F2xx_HAL_Driver/Src/stm32f2xx_hal_pcd.o
                0x00000000080049f6                HAL_PCD_EP_SetStall
 .text.HAL_PCD_EP_ClrStall
                0x0000000008004a66       0x62 Drivers/STM32F2xx_HAL_Driver/Src/stm32f2xx_hal_pcd.o
                0x0000000008004a66                HAL_PCD_EP_ClrStall
 .text.HAL_PCDEx_SetTxFiFo
                0x0000000008004ac8       0x40 Drivers/STM32F2xx_HAL_Driver/Src/stm32f2xx_hal_pcd_ex.o
                0x0000000008004ac8                HAL_PCDEx_SetTxFiFo
 .text.HAL_PCDEx_SetRxFiFo
                0x0000000008004b08        0x8 Drivers/STM32F2xx_HAL_Driver/Src/stm32f2xx_hal_pcd_ex.o
                0x0000000008004b08                HAL_PCDEx_SetRxFiFo
 .text.HAL_RCC_OscConfig
                0x0000000008004b10      0x344 Drivers/STM32F2xx_HAL_Driver/Src/stm32f2xx_hal_rcc.o
                0x0000000008004b10                HAL_RCC_OscConfig
 .text.HAL_RCC_GetSysClockFreq
                0x0000000008004e54       0x5c Drivers/STM32F2xx_HAL_Driver/Src/stm32f2xx_hal_rcc.o
                0x0000000008004e54                HAL_RCC_GetSysClockFreq
 .text.HAL_RCC_ClockConfig
                0x0000000008004eb0      0x13c Drivers/STM32F2xx_HAL_Driver/Src/stm32f2xx_hal_rcc.o
                0x0000000008004eb0                HAL_RCC_ClockConfig
 .text.HAL_RCC_GetHCLKFreq
                0x0000000008004fec        0xc Drivers/STM32F2xx_HAL_Driver/Src/stm32f2xx_hal_rcc.o
                0x0000000008004fec                HAL_RCC_GetHCLKFreq
 .text.HAL_RCC_GetPCLK1Freq
                0x0000000008004ff8       0x30 Drivers/STM32F2xx_HAL_Driver/Src/stm32f2xx_hal_rcc.o
                0x0000000008004ff8                HAL_RCC_GetPCLK1Freq
 .text.HAL_RNG_Init
                0x0000000008005028       0x30 Drivers/STM32F2xx_HAL_Driver/Src/stm32f2xx_hal_rng.o
                0x0000000008005028                HAL_RNG_Init
 .text.HAL_RNG_GenerateRandomNumber
                0x0000000008005058       0x5c Drivers/STM32F2xx_HAL_Driver/Src/stm32f2xx_hal_rng.o
                0x0000000008005058                HAL_RNG_GenerateRandomNumber
 .text.HAL_RNG_GetRandomNumber
                0x00000000080050b4       0x16 Drivers/STM32F2xx_HAL_Driver/Src/stm32f2xx_hal_rng.o
                0x00000000080050b4                HAL_RNG_GetRandomNumber
 .text.HAL_TIM_Base_Start
                0x00000000080050ca       0x24 Drivers/STM32F2xx_HAL_Driver/Src/stm32f2xx_hal_tim.o
                0x00000000080050ca                HAL_TIM_Base_Start
 .text.HAL_TIM_Base_Stop
                0x00000000080050ee       0x2e Drivers/STM32F2xx_HAL_Driver/Src/stm32f2xx_hal_tim.o
                0x00000000080050ee                HAL_TIM_Base_Stop
 .text.HAL_TIM_Base_Start_IT
                0x000000000800511c       0x20 Drivers/STM32F2xx_HAL_Driver/Src/stm32f2xx_hal_tim.o
                0x000000000800511c                HAL_TIM_Base_Start_IT
 .text.HAL_TIM_PeriodElapsedCallback
                0x000000000800513c        0x2 Drivers/STM32F2xx_HAL_Driver/Src/stm32f2xx_hal_tim.o
                0x000000000800513c                HAL_TIM_PeriodElapsedCallback
 .text.HAL_TIM_OC_DelayElapsedCallback
                0x000000000800513e        0x2 Drivers/STM32F2xx_HAL_Driver/Src/stm32f2xx_hal_tim.o
                0x000000000800513e                HAL_TIM_OC_DelayElapsedCallback
 .text.HAL_TIM_IC_CaptureCallback
                0x0000000008005140        0x2 Drivers/STM32F2xx_HAL_Driver/Src/stm32f2xx_hal_tim.o
                0x0000000008005140                HAL_TIM_IC_CaptureCallback
 .text.HAL_TIM_PWM_PulseFinishedCallback
                0x0000000008005142        0x2 Drivers/STM32F2xx_HAL_Driver/Src/stm32f2xx_hal_tim.o
                0x0000000008005142                HAL_TIM_PWM_PulseFinishedCallback
 .text.HAL_TIM_TriggerCallback
                0x0000000008005144        0x2 Drivers/STM32F2xx_HAL_Driver/Src/stm32f2xx_hal_tim.o
                0x0000000008005144                HAL_TIM_TriggerCallback
 .text.HAL_TIM_IRQHandler
                0x0000000008005146      0x144 Drivers/STM32F2xx_HAL_Driver/Src/stm32f2xx_hal_tim.o
                0x0000000008005146                HAL_TIM_IRQHandler
 *fill*         0x000000000800528a        0x2 
 .text.TIM_Base_SetConfig
                0x000000000800528c       0xcc Drivers/STM32F2xx_HAL_Driver/Src/stm32f2xx_hal_tim.o
                0x000000000800528c                TIM_Base_SetConfig
 .text.HAL_TIM_Base_Init
                0x0000000008005358       0x34 Drivers/STM32F2xx_HAL_Driver/Src/stm32f2xx_hal_tim.o
                0x0000000008005358                HAL_TIM_Base_Init
 .text.HAL_TIMEx_MasterConfigSynchronization
                0x000000000800538c       0x3c Drivers/STM32F2xx_HAL_Driver/Src/stm32f2xx_hal_tim_ex.o
                0x000000000800538c                HAL_TIMEx_MasterConfigSynchronization
 .text.HAL_TIMEx_CommutCallback
                0x00000000080053c8        0x2 Drivers/STM32F2xx_HAL_Driver/Src/stm32f2xx_hal_tim_ex.o
                0x00000000080053c8                HAL_TIMEx_CommutCallback
 .text.HAL_TIMEx_BreakCallback
                0x00000000080053ca        0x2 Drivers/STM32F2xx_HAL_Driver/Src/stm32f2xx_hal_tim_ex.o
                0x00000000080053ca                HAL_TIMEx_BreakCallback
 .text.USB_CoreReset
                0x00000000080053cc       0x30 Drivers/STM32F2xx_HAL_Driver/Src/stm32f2xx_ll_usb.o
 .text.USB_CoreInit
                0x00000000080053fc       0x74 Drivers/STM32F2xx_HAL_Driver/Src/stm32f2xx_ll_usb.o
                0x00000000080053fc                USB_CoreInit
 .text.USB_SetTurnaroundTime
                0x0000000008005470       0xe8 Drivers/STM32F2xx_HAL_Driver/Src/stm32f2xx_ll_usb.o
                0x0000000008005470                USB_SetTurnaroundTime
 .text.USB_EnableGlobalInt
                0x0000000008005558        0xc Drivers/STM32F2xx_HAL_Driver/Src/stm32f2xx_ll_usb.o
                0x0000000008005558                USB_EnableGlobalInt
 .text.USB_DisableGlobalInt
                0x0000000008005564        0xc Drivers/STM32F2xx_HAL_Driver/Src/stm32f2xx_ll_usb.o
                0x0000000008005564                USB_DisableGlobalInt
 .text.USB_SetCurrentMode
                0x0000000008005570       0x2e Drivers/STM32F2xx_HAL_Driver/Src/stm32f2xx_ll_usb.o
                0x0000000008005570                USB_SetCurrentMode
 *fill*         0x000000000800559e        0x2 
 .text.USB_FlushTxFifo
                0x00000000080055a0       0x24 Drivers/STM32F2xx_HAL_Driver/Src/stm32f2xx_ll_usb.o
                0x00000000080055a0                USB_FlushTxFifo
 .text.USB_FlushRxFifo
                0x00000000080055c4       0x20 Drivers/STM32F2xx_HAL_Driver/Src/stm32f2xx_ll_usb.o
                0x00000000080055c4                USB_FlushRxFifo
 .text.USB_SetDevSpeed
                0x00000000080055e4        0xe Drivers/STM32F2xx_HAL_Driver/Src/stm32f2xx_ll_usb.o
                0x00000000080055e4                USB_SetDevSpeed
 *fill*         0x00000000080055f2        0x2 
 .text.USB_DevInit
                0x00000000080055f4      0x188 Drivers/STM32F2xx_HAL_Driver/Src/stm32f2xx_ll_usb.o
                0x00000000080055f4                USB_DevInit
 .text.USB_GetDevSpeed
                0x000000000800577c       0x16 Drivers/STM32F2xx_HAL_Driver/Src/stm32f2xx_ll_usb.o
                0x000000000800577c                USB_GetDevSpeed
 .text.USB_ActivateEndpoint
                0x0000000008005792       0x7c Drivers/STM32F2xx_HAL_Driver/Src/stm32f2xx_ll_usb.o
                0x0000000008005792                USB_ActivateEndpoint
 *fill*         0x000000000800580e        0x2 
 .text.USB_DeactivateEndpoint
                0x0000000008005810       0x60 Drivers/STM32F2xx_HAL_Driver/Src/stm32f2xx_ll_usb.o
                0x0000000008005810                USB_DeactivateEndpoint
 .text.USB_EP0StartXfer
                0x0000000008005870       0xe8 Drivers/STM32F2xx_HAL_Driver/Src/stm32f2xx_ll_usb.o
                0x0000000008005870                USB_EP0StartXfer
 .text.USB_WritePacket
                0x0000000008005958       0x28 Drivers/STM32F2xx_HAL_Driver/Src/stm32f2xx_ll_usb.o
                0x0000000008005958                USB_WritePacket
 .text.USB_EPStartXfer
                0x0000000008005980      0x1b0 Drivers/STM32F2xx_HAL_Driver/Src/stm32f2xx_ll_usb.o
                0x0000000008005980                USB_EPStartXfer
 .text.USB_ReadPacket
                0x0000000008005b30       0x1c Drivers/STM32F2xx_HAL_Driver/Src/stm32f2xx_ll_usb.o
                0x0000000008005b30                USB_ReadPacket
 .text.USB_EPSetStall
                0x0000000008005b4c       0x56 Drivers/STM32F2xx_HAL_Driver/Src/stm32f2xx_ll_usb.o
                0x0000000008005b4c                USB_EPSetStall
 .text.USB_EPClearStall
                0x0000000008005ba2       0x52 Drivers/STM32F2xx_HAL_Driver/Src/stm32f2xx_ll_usb.o
                0x0000000008005ba2                USB_EPClearStall
 .text.USB_SetDevAddress
                0x0000000008005bf4       0x20 Drivers/STM32F2xx_HAL_Driver/Src/stm32f2xx_ll_usb.o
                0x0000000008005bf4                USB_SetDevAddress
 .text.USB_DevConnect
                0x0000000008005c14       0x18 Drivers/STM32F2xx_HAL_Driver/Src/stm32f2xx_ll_usb.o
                0x0000000008005c14                USB_DevConnect
 .text.USB_DevDisconnect
                0x0000000008005c2c       0x18 Drivers/STM32F2xx_HAL_Driver/Src/stm32f2xx_ll_usb.o
                0x0000000008005c2c                USB_DevDisconnect
 .text.USB_ReadInterrupts
                0x0000000008005c44        0x8 Drivers/STM32F2xx_HAL_Driver/Src/stm32f2xx_ll_usb.o
                0x0000000008005c44                USB_ReadInterrupts
 .text.USB_ReadDevAllOutEpInterrupt
                0x0000000008005c4c       0x10 Drivers/STM32F2xx_HAL_Driver/Src/stm32f2xx_ll_usb.o
                0x0000000008005c4c                USB_ReadDevAllOutEpInterrupt
 .text.USB_ReadDevAllInEpInterrupt
                0x0000000008005c5c       0x10 Drivers/STM32F2xx_HAL_Driver/Src/stm32f2xx_ll_usb.o
                0x0000000008005c5c                USB_ReadDevAllInEpInterrupt
 .text.USB_ReadDevOutEPInterrupt
                0x0000000008005c6c       0x12 Drivers/STM32F2xx_HAL_Driver/Src/stm32f2xx_ll_usb.o
                0x0000000008005c6c                USB_ReadDevOutEPInterrupt
 .text.USB_ReadDevInEPInterrupt
                0x0000000008005c7e       0x24 Drivers/STM32F2xx_HAL_Driver/Src/stm32f2xx_ll_usb.o
                0x0000000008005c7e                USB_ReadDevInEPInterrupt
 .text.USB_GetMode
                0x0000000008005ca2        0x8 Drivers/STM32F2xx_HAL_Driver/Src/stm32f2xx_ll_usb.o
                0x0000000008005ca2                USB_GetMode
 .text.USB_ActivateSetup
                0x0000000008005caa       0x36 Drivers/STM32F2xx_HAL_Driver/Src/stm32f2xx_ll_usb.o
                0x0000000008005caa                USB_ActivateSetup
 .text.USB_EP0_OutStart
                0x0000000008005ce0       0x4c Drivers/STM32F2xx_HAL_Driver/Src/stm32f2xx_ll_usb.o
                0x0000000008005ce0                USB_EP0_OutStart
 .text.USBD_CDC_EP0_RxReady
                0x0000000008005d2c       0x28 Middlewares/ST/STM32_USB_Device_Library/Class/CDC/Src/usbd_cdc.o
 .text.USBD_CDC_GetFSCfgDesc
                0x0000000008005d54        0xc Middlewares/ST/STM32_USB_Device_Library/Class/CDC/Src/usbd_cdc.o
 .text.USBD_CDC_GetHSCfgDesc
                0x0000000008005d60        0xc Middlewares/ST/STM32_USB_Device_Library/Class/CDC/Src/usbd_cdc.o
 .text.USBD_CDC_GetOtherSpeedCfgDesc
                0x0000000008005d6c        0xc Middlewares/ST/STM32_USB_Device_Library/Class/CDC/Src/usbd_cdc.o
 .text.USBD_CDC_GetDeviceQualifierDescriptor
                0x0000000008005d78        0xc Middlewares/ST/STM32_USB_Device_Library/Class/CDC/Src/usbd_cdc.o
                0x0000000008005d78                USBD_CDC_GetDeviceQualifierDescriptor
 .text.USBD_CDC_DataOut
                0x0000000008005d84       0x2e Middlewares/ST/STM32_USB_Device_Library/Class/CDC/Src/usbd_cdc.o
 .text.USBD_CDC_DataIn
                0x0000000008005db2       0x42 Middlewares/ST/STM32_USB_Device_Library/Class/CDC/Src/usbd_cdc.o
 .text.USBD_CDC_Setup
                0x0000000008005df4       0xbc Middlewares/ST/STM32_USB_Device_Library/Class/CDC/Src/usbd_cdc.o
 .text.USBD_CDC_DeInit
                0x0000000008005eb0       0x42 Middlewares/ST/STM32_USB_Device_Library/Class/CDC/Src/usbd_cdc.o
 .text.USBD_CDC_Init
                0x0000000008005ef2       0xa6 Middlewares/ST/STM32_USB_Device_Library/Class/CDC/Src/usbd_cdc.o
 .text.USBD_CDC_RegisterInterface
                0x0000000008005f98        0xe Middlewares/ST/STM32_USB_Device_Library/Class/CDC/Src/usbd_cdc.o
                0x0000000008005f98                USBD_CDC_RegisterInterface
 .text.USBD_CDC_SetTxBuffer
                0x0000000008005fa6       0x10 Middlewares/ST/STM32_USB_Device_Library/Class/CDC/Src/usbd_cdc.o
                0x0000000008005fa6                USBD_CDC_SetTxBuffer
 .text.USBD_CDC_SetRxBuffer
                0x0000000008005fb6        0xc Middlewares/ST/STM32_USB_Device_Library/Class/CDC/Src/usbd_cdc.o
                0x0000000008005fb6                USBD_CDC_SetRxBuffer
 .text.USBD_CDC_TransmitPacket
                0x0000000008005fc2       0x32 Middlewares/ST/STM32_USB_Device_Library/Class/CDC/Src/usbd_cdc.o
                0x0000000008005fc2                USBD_CDC_TransmitPacket
 .text.USBD_CDC_ReceivePacket
                0x0000000008005ff4       0x26 Middlewares/ST/STM32_USB_Device_Library/Class/CDC/Src/usbd_cdc.o
                0x0000000008005ff4                USBD_CDC_ReceivePacket
 .text.USBD_Init
                0x000000000800601a       0x2a Middlewares/ST/STM32_USB_Device_Library/Core/Src/usbd_core.o
                0x000000000800601a                USBD_Init
 .text.USBD_RegisterClass
                0x0000000008006044        0xe Middlewares/ST/STM32_USB_Device_Library/Core/Src/usbd_core.o
                0x0000000008006044                USBD_RegisterClass
 .text.USBD_Start
                0x0000000008006052        0xa Middlewares/ST/STM32_USB_Device_Library/Core/Src/usbd_core.o
                0x0000000008006052                USBD_Start
 .text.USBD_SetClassConfig
                0x000000000800605c       0x16 Middlewares/ST/STM32_USB_Device_Library/Core/Src/usbd_core.o
                0x000000000800605c                USBD_SetClassConfig
 .text.USBD_ClrClassConfig
                0x0000000008006072        0xe Middlewares/ST/STM32_USB_Device_Library/Core/Src/usbd_core.o
                0x0000000008006072                USBD_ClrClassConfig
 .text.USBD_LL_SetupStage
                0x0000000008006080       0x5a Middlewares/ST/STM32_USB_Device_Library/Core/Src/usbd_core.o
                0x0000000008006080                USBD_LL_SetupStage
 .text.USBD_LL_DataOutStage
                0x00000000080060da       0x74 Middlewares/ST/STM32_USB_Device_Library/Core/Src/usbd_core.o
                0x00000000080060da                USBD_LL_DataOutStage
 .text.USBD_LL_DataInStage
                0x000000000800614e       0xb6 Middlewares/ST/STM32_USB_Device_Library/Core/Src/usbd_core.o
                0x000000000800614e                USBD_LL_DataInStage
 .text.USBD_LL_Reset
                0x0000000008006204       0x4e Middlewares/ST/STM32_USB_Device_Library/Core/Src/usbd_core.o
                0x0000000008006204                USBD_LL_Reset
 .text.USBD_LL_SetSpeed
                0x0000000008006252        0x6 Middlewares/ST/STM32_USB_Device_Library/Core/Src/usbd_core.o
                0x0000000008006252                USBD_LL_SetSpeed
 .text.USBD_LL_Suspend
                0x0000000008006258       0x12 Middlewares/ST/STM32_USB_Device_Library/Core/Src/usbd_core.o
                0x0000000008006258                USBD_LL_Suspend
 .text.USBD_LL_Resume
                0x000000000800626a       0x14 Middlewares/ST/STM32_USB_Device_Library/Core/Src/usbd_core.o
                0x000000000800626a                USBD_LL_Resume
 .text.USBD_LL_SOF
                0x000000000800627e       0x18 Middlewares/ST/STM32_USB_Device_Library/Core/Src/usbd_core.o
                0x000000000800627e                USBD_LL_SOF
 .text.USBD_LL_IsoINIncomplete
                0x0000000008006296        0x4 Middlewares/ST/STM32_USB_Device_Library/Core/Src/usbd_core.o
                0x0000000008006296                USBD_LL_IsoINIncomplete
 .text.USBD_LL_IsoOUTIncomplete
                0x000000000800629a        0x4 Middlewares/ST/STM32_USB_Device_Library/Core/Src/usbd_core.o
                0x000000000800629a                USBD_LL_IsoOUTIncomplete
 .text.USBD_LL_DevConnected
                0x000000000800629e        0x4 Middlewares/ST/STM32_USB_Device_Library/Core/Src/usbd_core.o
                0x000000000800629e                USBD_LL_DevConnected
 .text.USBD_LL_DevDisconnected
                0x00000000080062a2       0x16 Middlewares/ST/STM32_USB_Device_Library/Core/Src/usbd_core.o
                0x00000000080062a2                USBD_LL_DevDisconnected
 .text.USBD_CtlError.constprop.1
                0x00000000080062b8       0x16 Middlewares/ST/STM32_USB_Device_Library/Core/Src/usbd_ctlreq.o
 *fill*         0x00000000080062ce        0x2 
 .text.USBD_StdDevReq
                0x00000000080062d0      0x248 Middlewares/ST/STM32_USB_Device_Library/Core/Src/usbd_ctlreq.o
                0x00000000080062d0                USBD_StdDevReq
 .text.USBD_StdItfReq
                0x0000000008006518       0x4a Middlewares/ST/STM32_USB_Device_Library/Core/Src/usbd_ctlreq.o
                0x0000000008006518                USBD_StdItfReq
 .text.USBD_StdEPReq
                0x0000000008006562      0x112 Middlewares/ST/STM32_USB_Device_Library/Core/Src/usbd_ctlreq.o
                0x0000000008006562                USBD_StdEPReq
 .text.USBD_ParseSetupRequest
                0x0000000008006674       0x28 Middlewares/ST/STM32_USB_Device_Library/Core/Src/usbd_ctlreq.o
                0x0000000008006674                USBD_ParseSetupRequest
 .text.USBD_CtlError
                0x000000000800669c       0x16 Middlewares/ST/STM32_USB_Device_Library/Core/Src/usbd_ctlreq.o
                0x000000000800669c                USBD_CtlError
 .text.USBD_GetString
                0x00000000080066b2       0x38 Middlewares/ST/STM32_USB_Device_Library/Core/Src/usbd_ctlreq.o
                0x00000000080066b2                USBD_GetString
 .text.USBD_CtlSendData
                0x00000000080066ea       0x1a Middlewares/ST/STM32_USB_Device_Library/Core/Src/usbd_ioreq.o
                0x00000000080066ea                USBD_CtlSendData
 .text.USBD_CtlContinueSendData
                0x0000000008006704       0x10 Middlewares/ST/STM32_USB_Device_Library/Core/Src/usbd_ioreq.o
                0x0000000008006704                USBD_CtlContinueSendData
 .text.USBD_CtlPrepareRx
                0x0000000008006714       0x1e Middlewares/ST/STM32_USB_Device_Library/Core/Src/usbd_ioreq.o
                0x0000000008006714                USBD_CtlPrepareRx
 .text.USBD_CtlContinueRx
                0x0000000008006732       0x10 Middlewares/ST/STM32_USB_Device_Library/Core/Src/usbd_ioreq.o
                0x0000000008006732                USBD_CtlContinueRx
 .text.USBD_CtlSendStatus
                0x0000000008006742       0x16 Middlewares/ST/STM32_USB_Device_Library/Core/Src/usbd_ioreq.o
                0x0000000008006742                USBD_CtlSendStatus
 .text.USBD_CtlReceiveStatus
                0x0000000008006758       0x16 Middlewares/ST/STM32_USB_Device_Library/Core/Src/usbd_ioreq.o
                0x0000000008006758                USBD_CtlReceiveStatus
 *fill*         0x000000000800676e        0x2 
 .text.MX_USB_DEVICE_Init
                0x0000000008006770       0x50 USB_DEVICE/App/usb_device.o
                0x0000000008006770                MX_USB_DEVICE_Init
 .text.CDC_DeInit_FS
                0x00000000080067c0        0x4 USB_DEVICE/App/usbd_cdc_if.o
 .text.CDC_Control_FS
                0x00000000080067c4        0x4 USB_DEVICE/App/usbd_cdc_if.o
 .text.CDC_Receive_FS
                0x00000000080067c8       0x30 USB_DEVICE/App/usbd_cdc_if.o
 .text.CDC_Init_FS
                0x00000000080067f8       0x28 USB_DEVICE/App/usbd_cdc_if.o
 .text.CDC_Transmit_FS
                0x0000000008006820       0x2c USB_DEVICE/App/usbd_cdc_if.o
                0x0000000008006820                CDC_Transmit_FS
 .text.USBD_FS_DeviceDescriptor
                0x000000000800684c        0xc USB_DEVICE/App/usbd_desc.o
                0x000000000800684c                USBD_FS_DeviceDescriptor
 .text.USBD_FS_LangIDStrDescriptor
                0x0000000008006858        0xc USB_DEVICE/App/usbd_desc.o
                0x0000000008006858                USBD_FS_LangIDStrDescriptor
 .text.IntToUnicode
                0x0000000008006864       0x2a USB_DEVICE/App/usbd_desc.o
 *fill*         0x000000000800688e        0x2 
 .text.USBD_FS_SerialStrDescriptor
                0x0000000008006890       0x40 USB_DEVICE/App/usbd_desc.o
                0x0000000008006890                USBD_FS_SerialStrDescriptor
 .text.USBD_FS_ManufacturerStrDescriptor
                0x00000000080068d0       0x1c USB_DEVICE/App/usbd_desc.o
                0x00000000080068d0                USBD_FS_ManufacturerStrDescriptor
 .text.USBD_FS_ProductStrDescriptor
                0x00000000080068ec       0x1c USB_DEVICE/App/usbd_desc.o
                0x00000000080068ec                USBD_FS_ProductStrDescriptor
 .text.USBD_FS_ConfigStrDescriptor
                0x0000000008006908       0x1c USB_DEVICE/App/usbd_desc.o
                0x0000000008006908                USBD_FS_ConfigStrDescriptor
 .text.USBD_FS_InterfaceStrDescriptor
                0x0000000008006924       0x1c USB_DEVICE/App/usbd_desc.o
                0x0000000008006924                USBD_FS_InterfaceStrDescriptor
 .text.HAL_PCD_MspInit
                0x0000000008006940       0x84 USB_DEVICE/Target/usbd_conf.o
                0x0000000008006940                HAL_PCD_MspInit
 .text.HAL_PCD_SetupStageCallback
                0x00000000080069c4        0xc USB_DEVICE/Target/usbd_conf.o
                0x00000000080069c4                HAL_PCD_SetupStageCallback
 .text.HAL_PCD_DataOutStageCallback
                0x00000000080069d0       0x12 USB_DEVICE/Target/usbd_conf.o
                0x00000000080069d0                HAL_PCD_DataOutStageCallback
 .text.HAL_PCD_DataInStageCallback
                0x00000000080069e2       0x10 USB_DEVICE/Target/usbd_conf.o
                0x00000000080069e2                HAL_PCD_DataInStageCallback
 .text.HAL_PCD_SOFCallback
                0x00000000080069f2        0x8 USB_DEVICE/Target/usbd_conf.o
                0x00000000080069f2                HAL_PCD_SOFCallback
 .text.HAL_PCD_ResetCallback
                0x00000000080069fa       0x26 USB_DEVICE/Target/usbd_conf.o
                0x00000000080069fa                HAL_PCD_ResetCallback
 .text.HAL_PCD_SuspendCallback
                0x0000000008006a20       0x30 USB_DEVICE/Target/usbd_conf.o
                0x0000000008006a20                HAL_PCD_SuspendCallback
 .text.HAL_PCD_ResumeCallback
                0x0000000008006a50        0x8 USB_DEVICE/Target/usbd_conf.o
                0x0000000008006a50                HAL_PCD_ResumeCallback
 .text.HAL_PCD_ISOOUTIncompleteCallback
                0x0000000008006a58        0x8 USB_DEVICE/Target/usbd_conf.o
                0x0000000008006a58                HAL_PCD_ISOOUTIncompleteCallback
 .text.HAL_PCD_ISOINIncompleteCallback
                0x0000000008006a60        0x8 USB_DEVICE/Target/usbd_conf.o
                0x0000000008006a60                HAL_PCD_ISOINIncompleteCallback
 .text.HAL_PCD_ConnectCallback
                0x0000000008006a68        0x8 USB_DEVICE/Target/usbd_conf.o
                0x0000000008006a68                HAL_PCD_ConnectCallback
 .text.HAL_PCD_DisconnectCallback
                0x0000000008006a70        0x8 USB_DEVICE/Target/usbd_conf.o
                0x0000000008006a70                HAL_PCD_DisconnectCallback
 .text.USBD_LL_Init
                0x0000000008006a78       0x5c USB_DEVICE/Target/usbd_conf.o
                0x0000000008006a78                USBD_LL_Init
 .text.USBD_LL_Start
                0x0000000008006ad4       0x1c USB_DEVICE/Target/usbd_conf.o
                0x0000000008006ad4                USBD_LL_Start
 .text.USBD_LL_OpenEP
                0x0000000008006af0       0x20 USB_DEVICE/Target/usbd_conf.o
                0x0000000008006af0                USBD_LL_OpenEP
 .text.USBD_LL_CloseEP
                0x0000000008006b10       0x1c USB_DEVICE/Target/usbd_conf.o
                0x0000000008006b10                USBD_LL_CloseEP
 .text.USBD_LL_StallEP
                0x0000000008006b2c       0x1c USB_DEVICE/Target/usbd_conf.o
                0x0000000008006b2c                USBD_LL_StallEP
 .text.USBD_LL_ClearStallEP
                0x0000000008006b48       0x1c USB_DEVICE/Target/usbd_conf.o
                0x0000000008006b48                USBD_LL_ClearStallEP
 .text.USBD_LL_IsStallEP
                0x0000000008006b64       0x24 USB_DEVICE/Target/usbd_conf.o
                0x0000000008006b64                USBD_LL_IsStallEP
 .text.USBD_LL_SetUSBAddress
                0x0000000008006b88       0x1c USB_DEVICE/Target/usbd_conf.o
                0x0000000008006b88                USBD_LL_SetUSBAddress
 .text.USBD_LL_Transmit
                0x0000000008006ba4       0x1c USB_DEVICE/Target/usbd_conf.o
                0x0000000008006ba4                USBD_LL_Transmit
 .text.USBD_LL_PrepareReceive
                0x0000000008006bc0       0x1c USB_DEVICE/Target/usbd_conf.o
                0x0000000008006bc0                USBD_LL_PrepareReceive
 .text.USBD_LL_GetRxDataSize
                0x0000000008006bdc        0x8 USB_DEVICE/Target/usbd_conf.o
                0x0000000008006bdc                USBD_LL_GetRxDataSize
 .text.__errno  0x0000000008006be4        0xc c:/st/stm32cubeide_1.3.0/stm32cubeide/plugins/com.st.stm32cube.ide.mcu.externaltools.gnu-tools-for-stm32.7-2018-q2-update.win32_1.0.0.201904181610/tools/bin/../lib/gcc/arm-none-eabi/7.3.1/../../../../arm-none-eabi/lib/thumb/v7-m\libc_nano.a(lib_a-errno.o)
                0x0000000008006be4                __errno
 .text.__libc_init_array
                0x0000000008006bf0       0x48 c:/st/stm32cubeide_1.3.0/stm32cubeide/plugins/com.st.stm32cube.ide.mcu.externaltools.gnu-tools-for-stm32.7-2018-q2-update.win32_1.0.0.201904181610/tools/bin/../lib/gcc/arm-none-eabi/7.3.1/../../../../arm-none-eabi/lib/thumb/v7-m\libc_nano.a(lib_a-init.o)
                0x0000000008006bf0                __libc_init_array
 .text.malloc   0x0000000008006c38       0x10 c:/st/stm32cubeide_1.3.0/stm32cubeide/plugins/com.st.stm32cube.ide.mcu.externaltools.gnu-tools-for-stm32.7-2018-q2-update.win32_1.0.0.201904181610/tools/bin/../lib/gcc/arm-none-eabi/7.3.1/../../../../arm-none-eabi/lib/thumb/v7-m\libc_nano.a(lib_a-malloc.o)
                0x0000000008006c38                malloc
 .text.free     0x0000000008006c48       0x10 c:/st/stm32cubeide_1.3.0/stm32cubeide/plugins/com.st.stm32cube.ide.mcu.externaltools.gnu-tools-for-stm32.7-2018-q2-update.win32_1.0.0.201904181610/tools/bin/../lib/gcc/arm-none-eabi/7.3.1/../../../../arm-none-eabi/lib/thumb/v7-m\libc_nano.a(lib_a-malloc.o)
                0x0000000008006c48                free
 .text.memset   0x0000000008006c58       0x10 c:/st/stm32cubeide_1.3.0/stm32cubeide/plugins/com.st.stm32cube.ide.mcu.externaltools.gnu-tools-for-stm32.7-2018-q2-update.win32_1.0.0.201904181610/tools/bin/../lib/gcc/arm-none-eabi/7.3.1/../../../../arm-none-eabi/lib/thumb/v7-m\libc_nano.a(lib_a-memset.o)
                0x0000000008006c58                memset
 .text._free_r  0x0000000008006c68       0x98 c:/st/stm32cubeide_1.3.0/stm32cubeide/plugins/com.st.stm32cube.ide.mcu.externaltools.gnu-tools-for-stm32.7-2018-q2-update.win32_1.0.0.201904181610/tools/bin/../lib/gcc/arm-none-eabi/7.3.1/../../../../arm-none-eabi/lib/thumb/v7-m\libc_nano.a(lib_a-nano-freer.o)
                0x0000000008006c68                _free_r
 .text._malloc_r
                0x0000000008006d00       0xb4 c:/st/stm32cubeide_1.3.0/stm32cubeide/plugins/com.st.stm32cube.ide.mcu.externaltools.gnu-tools-for-stm32.7-2018-q2-update.win32_1.0.0.201904181610/tools/bin/../lib/gcc/arm-none-eabi/7.3.1/../../../../arm-none-eabi/lib/thumb/v7-m\libc_nano.a(lib_a-nano-mallocr.o)
                0x0000000008006d00                _malloc_r
 .text._sbrk_r  0x0000000008006db4       0x20 c:/st/stm32cubeide_1.3.0/stm32cubeide/plugins/com.st.stm32cube.ide.mcu.externaltools.gnu-tools-for-stm32.7-2018-q2-update.win32_1.0.0.201904181610/tools/bin/../lib/gcc/arm-none-eabi/7.3.1/../../../../arm-none-eabi/lib/thumb/v7-m\libc_nano.a(lib_a-sbrkr.o)
                0x0000000008006db4                _sbrk_r
 .text.__malloc_lock
                0x0000000008006dd4        0x2 c:/st/stm32cubeide_1.3.0/stm32cubeide/plugins/com.st.stm32cube.ide.mcu.externaltools.gnu-tools-for-stm32.7-2018-q2-update.win32_1.0.0.201904181610/tools/bin/../lib/gcc/arm-none-eabi/7.3.1/../../../../arm-none-eabi/lib/thumb/v7-m\libc_nano.a(lib_a-mlock.o)
                0x0000000008006dd4                __malloc_lock
 .text.__malloc_unlock
                0x0000000008006dd6        0x2 c:/st/stm32cubeide_1.3.0/stm32cubeide/plugins/com.st.stm32cube.ide.mcu.externaltools.gnu-tools-for-stm32.7-2018-q2-update.win32_1.0.0.201904181610/tools/bin/../lib/gcc/arm-none-eabi/7.3.1/../../../../arm-none-eabi/lib/thumb/v7-m\libc_nano.a(lib_a-mlock.o)
                0x0000000008006dd6                __malloc_unlock
 *(.glue_7)
 .glue_7        0x0000000008006dd8        0x0 linker stubs
 *(.glue_7t)
 .glue_7t       0x0000000008006dd8        0x0 linker stubs
 *(.eh_frame)
 .eh_frame      0x0000000008006dd8        0x0 c:/st/stm32cubeide_1.3.0/stm32cubeide/plugins/com.st.stm32cube.ide.mcu.externaltools.gnu-tools-for-stm32.7-2018-q2-update.win32_1.0.0.201904181610/tools/bin/../lib/gcc/arm-none-eabi/7.3.1/thumb/v7-m/crtbegin.o
 *(.init)
 .init          0x0000000008006dd8        0x4 c:/st/stm32cubeide_1.3.0/stm32cubeide/plugins/com.st.stm32cube.ide.mcu.externaltools.gnu-tools-for-stm32.7-2018-q2-update.win32_1.0.0.201904181610/tools/bin/../lib/gcc/arm-none-eabi/7.3.1/thumb/v7-m/crti.o
                0x0000000008006dd8                _init
 .init          0x0000000008006ddc        0x8 c:/st/stm32cubeide_1.3.0/stm32cubeide/plugins/com.st.stm32cube.ide.mcu.externaltools.gnu-tools-for-stm32.7-2018-q2-update.win32_1.0.0.201904181610/tools/bin/../lib/gcc/arm-none-eabi/7.3.1/thumb/v7-m/crtn.o
 *(.fini)
 .fini          0x0000000008006de4        0x4 c:/st/stm32cubeide_1.3.0/stm32cubeide/plugins/com.st.stm32cube.ide.mcu.externaltools.gnu-tools-for-stm32.7-2018-q2-update.win32_1.0.0.201904181610/tools/bin/../lib/gcc/arm-none-eabi/7.3.1/thumb/v7-m/crti.o
                0x0000000008006de4                _fini
 .fini          0x0000000008006de8        0x8 c:/st/stm32cubeide_1.3.0/stm32cubeide/plugins/com.st.stm32cube.ide.mcu.externaltools.gnu-tools-for-stm32.7-2018-q2-update.win32_1.0.0.201904181610/tools/bin/../lib/gcc/arm-none-eabi/7.3.1/thumb/v7-m/crtn.o
                0x0000000008006df0                . = ALIGN (0x4)
                0x0000000008006df0                _etext = .

.vfp11_veneer   0x0000000008006df0        0x0
 .vfp11_veneer  0x0000000008006df0        0x0 linker stubs

.v4_bx          0x0000000008006df0        0x0
 .v4_bx         0x0000000008006df0        0x0 linker stubs

.iplt           0x0000000008006df0        0x0
 .iplt          0x0000000008006df0        0x0 c:/st/stm32cubeide_1.3.0/stm32cubeide/plugins/com.st.stm32cube.ide.mcu.externaltools.gnu-tools-for-stm32.7-2018-q2-update.win32_1.0.0.201904181610/tools/bin/../lib/gcc/arm-none-eabi/7.3.1/thumb/v7-m/crtbegin.o

.rodata         0x0000000008006df0     0x2a18
                0x0000000008006df0                . = ALIGN (0x4)
 *(.rodata)
 .rodata        0x0000000008006df0       0x11 Core/Src/main.o
 *(.rodata*)
 .rodata.dataControlMenuDefault.str1.1
                0x0000000008006e01       0x72 Core/Src/data.o
 .rodata.deviceIsntInit.str1.1
                0x0000000008006e73       0x2e Core/Src/data.o
 .rodata.exportModeMenu.str1.1
                0x0000000008006ea1       0x24 Core/Src/data.o
 .rodata.initProcess1.str1.1
                0x0000000008006ec5       0x82 Core/Src/data.o
 .rodata.initProcess1Next.str1.1
                0x0000000008006f47        0x6 Core/Src/data.o
 .rodata.initProcess2.str1.1
                0x0000000008006f4d       0x17 Core/Src/data.o
 .rodata.resetDeviceMenu.str1.1
                0x0000000008006f64       0x20 Core/Src/data.o
 .rodata.restoreProcess1.str1.1
                0x0000000008006f84       0x3d Core/Src/data.o
 .rodata.setPasswordProcess1.str1.1
                0x0000000008006fc1       0x1b Core/Src/data.o
 .rodata.setPasswordProcess2.str1.1
                0x0000000008006fdc        0xf Core/Src/data.o
 .rodata.setProtectTypeProcess1.str1.1
                0x0000000008006feb       0x13 Core/Src/data.o
 .rodata.setProtectTypeProcessDefault.str1.1
                0x0000000008006ffe       0x44 Core/Src/data.o
 .rodata.settingsMenu.str1.1
                0x0000000008007042        0x9 Core/Src/data.o
 .rodata.settingsMenuDefault.str1.1
                0x000000000800704b       0x5a Core/Src/data.o
 .rodata.showDataInfo.str1.1
                0x00000000080070a5        0xc Core/Src/data.o
 *fill*         0x00000000080070b1        0x1 
 .rodata.Font16x26
                0x00000000080070b2     0x134c Core/Src/fonts.o
 .rodata.Font7x10
                0x00000000080083fe      0x76c Core/Src/fonts.o
 .rodata.main.str1.1
                0x0000000008008b6a       0x59 Core/Src/main.o
                                         0x77 (size before relaxing)
 *fill*         0x0000000008008bc3        0x1 
 .rodata.pKeyCRYP
                0x0000000008008bc4       0x18 Core/Src/main.o
 .rodata.str1.1
                0x0000000008008bdc      0xbb8 Core/Src/main.o
 .rodata.ssd1306_WriteStringUint.str1.1
                0x0000000008009794       0x14 Core/Src/ssd1306.o
 .rodata.AHBPrescTable
                0x00000000080097a8       0x10 Core/Src/system_stm32f2xx.o
                0x00000000080097a8                AHBPrescTable
 .rodata.APBPrescTable
                0x00000000080097b8        0x8 Core/Src/system_stm32f2xx.o
                0x00000000080097b8                APBPrescTable
 .rodata.USBD_FS_ConfigStrDescriptor.str1.1
                0x00000000080097c0        0xb USB_DEVICE/App/usbd_desc.o
 .rodata.USBD_FS_InterfaceStrDescriptor.str1.1
                0x00000000080097cb        0xe USB_DEVICE/App/usbd_desc.o
 .rodata.USBD_FS_ManufacturerStrDescriptor.str1.1
                0x00000000080097d9       0x13 USB_DEVICE/App/usbd_desc.o
 .rodata.USBD_FS_ProductStrDescriptor.str1.1
                0x00000000080097ec       0x16 USB_DEVICE/App/usbd_desc.o
 .rodata.CSWTCH.21
                0x0000000008009802        0x4 USB_DEVICE/Target/usbd_conf.o
                0x0000000008009808                . = ALIGN (0x4)
 *fill*         0x0000000008009806        0x2 

.ARM.extab      0x0000000008009808        0x0
                0x0000000008009808                . = ALIGN (0x4)
 *(.ARM.extab* .gnu.linkonce.armextab.*)
                0x0000000008009808                . = ALIGN (0x4)

.ARM            0x0000000008009808        0x8
                0x0000000008009808                . = ALIGN (0x4)
                0x0000000008009808                __exidx_start = .
 *(.ARM.exidx*)
 .ARM.exidx     0x0000000008009808        0x8 c:/st/stm32cubeide_1.3.0/stm32cubeide/plugins/com.st.stm32cube.ide.mcu.externaltools.gnu-tools-for-stm32.7-2018-q2-update.win32_1.0.0.201904181610/tools/bin/../lib/gcc/arm-none-eabi/7.3.1/thumb/v7-m\libgcc.a(_udivmoddi4.o)
                0x0000000008009810                __exidx_end = .
                0x0000000008009810                . = ALIGN (0x4)

.rel.dyn        0x0000000008009810        0x0
 .rel.iplt      0x0000000008009810        0x0 c:/st/stm32cubeide_1.3.0/stm32cubeide/plugins/com.st.stm32cube.ide.mcu.externaltools.gnu-tools-for-stm32.7-2018-q2-update.win32_1.0.0.201904181610/tools/bin/../lib/gcc/arm-none-eabi/7.3.1/thumb/v7-m/crtbegin.o

.preinit_array  0x0000000008009810        0x0
                0x0000000008009810                . = ALIGN (0x4)
                0x0000000008009810                PROVIDE (__preinit_array_start = .)
 *(.preinit_array*)
                0x0000000008009810                PROVIDE (__preinit_array_end = .)
                0x0000000008009810                . = ALIGN (0x4)

.init_array     0x0000000008009810        0x4
                0x0000000008009810                . = ALIGN (0x4)
                0x0000000008009810                PROVIDE (__init_array_start = .)
 *(SORT_BY_NAME(.init_array.*))
 *(.init_array*)
 .init_array    0x0000000008009810        0x4 c:/st/stm32cubeide_1.3.0/stm32cubeide/plugins/com.st.stm32cube.ide.mcu.externaltools.gnu-tools-for-stm32.7-2018-q2-update.win32_1.0.0.201904181610/tools/bin/../lib/gcc/arm-none-eabi/7.3.1/thumb/v7-m/crtbegin.o
                0x0000000008009814                PROVIDE (__init_array_end = .)
                0x0000000008009814                . = ALIGN (0x4)

.fini_array     0x0000000008009814        0x4
                0x0000000008009814                . = ALIGN (0x4)
                [!provide]                        PROVIDE (__fini_array_start = .)
 *(SORT_BY_NAME(.fini_array.*))
 *(.fini_array*)
 .fini_array    0x0000000008009814        0x4 c:/st/stm32cubeide_1.3.0/stm32cubeide/plugins/com.st.stm32cube.ide.mcu.externaltools.gnu-tools-for-stm32.7-2018-q2-update.win32_1.0.0.201904181610/tools/bin/../lib/gcc/arm-none-eabi/7.3.1/thumb/v7-m/crtbegin.o
                [!provide]                        PROVIDE (__fini_array_end = .)
                0x0000000008009818                . = ALIGN (0x4)
                0x0000000008009818                _sidata = LOADADDR (.data)

.data           0x0000000020000000      0xb08 load address 0x0000000008009818
                0x0000000020000000                . = ALIGN (0x4)
                0x0000000020000000                _sdata = .
 *(.data)
 *(.data*)
 .data.cancel   0x0000000020000000        0x8 Core/Src/data.o
                0x0000000020000000                cancel
 .data.devAddr  0x0000000020000008        0x4 Core/Src/data.o
                0x0000000020000008                devAddr
 .data.gear     0x000000002000000c       0x80 Core/Src/data.o
                0x000000002000000c                gear
 .data.line     0x000000002000008c        0x8 Core/Src/data.o
                0x000000002000008c                line
 .data.linebold
                0x0000000020000094        0x8 Core/Src/data.o
                0x0000000020000094                linebold
 .data.lt       0x000000002000009c       0x10 Core/Src/data.o
                0x000000002000009c                lt
 .data.newDev   0x00000000200000ac       0x40 Core/Src/data.o
                0x00000000200000ac                newDev
 .data.ok       0x00000000200000ec        0x8 Core/Src/data.o
                0x00000000200000ec                ok
 .data.restoreDev
                0x00000000200000f4       0x40 Core/Src/data.o
                0x00000000200000f4                restoreDev
 .data.rt       0x0000000020000134       0x10 Core/Src/data.o
                0x0000000020000134                rt
 .data.startaddressfordata
                0x0000000020000144        0x4 Core/Src/data.o
                0x0000000020000144                startaddressfordata
 .data.Font_16x26
                0x0000000020000148        0x8 Core/Src/fonts.o
                0x0000000020000148                Font_16x26
 .data.Font_7x10
                0x0000000020000150        0x8 Core/Src/fonts.o
                0x0000000020000150                Font_7x10
 .data.wordsForPassFrase
                0x0000000020000158      0x7d0 Core/Src/main.o
                0x0000000020000158                wordsForPassFrase
 .data.SystemCoreClock
                0x0000000020000928        0x4 Core/Src/system_stm32f2xx.o
                0x0000000020000928                SystemCoreClock
 .data.uwTickFreq
                0x000000002000092c        0x1 Drivers/STM32F2xx_HAL_Driver/Src/stm32f2xx_hal.o
                0x000000002000092c                uwTickFreq
 *fill*         0x000000002000092d        0x3 
 .data.uwTickPrio
                0x0000000020000930        0x4 Drivers/STM32F2xx_HAL_Driver/Src/stm32f2xx_hal.o
                0x0000000020000930                uwTickPrio
 .data.USBD_CDC
                0x0000000020000934       0x38 Middlewares/ST/STM32_USB_Device_Library/Class/CDC/Src/usbd_cdc.o
                0x0000000020000934                USBD_CDC
 .data.USBD_CDC_CfgFSDesc
                0x000000002000096c       0x43 Middlewares/ST/STM32_USB_Device_Library/Class/CDC/Src/usbd_cdc.o
                0x000000002000096c                USBD_CDC_CfgFSDesc
 *fill*         0x00000000200009af        0x1 
 .data.USBD_CDC_CfgHSDesc
                0x00000000200009b0       0x43 Middlewares/ST/STM32_USB_Device_Library/Class/CDC/Src/usbd_cdc.o
                0x00000000200009b0                USBD_CDC_CfgHSDesc
 *fill*         0x00000000200009f3        0x1 
 .data.USBD_CDC_DeviceQualifierDesc
                0x00000000200009f4        0xa Middlewares/ST/STM32_USB_Device_Library/Class/CDC/Src/usbd_cdc.o
 *fill*         0x00000000200009fe        0x2 
 .data.USBD_CDC_OtherSpeedCfgDesc
                0x0000000020000a00       0x43 Middlewares/ST/STM32_USB_Device_Library/Class/CDC/Src/usbd_cdc.o
                0x0000000020000a00                USBD_CDC_OtherSpeedCfgDesc
 *fill*         0x0000000020000a43        0x1 
 .data.USBD_Interface_fops_FS
                0x0000000020000a44       0x10 USB_DEVICE/App/usbd_cdc_if.o
                0x0000000020000a44                USBD_Interface_fops_FS
 .data.FS_Desc  0x0000000020000a54       0x1c USB_DEVICE/App/usbd_desc.o
                0x0000000020000a54                FS_Desc
 .data.USBD_FS_DeviceDesc
                0x0000000020000a70       0x12 USB_DEVICE/App/usbd_desc.o
                0x0000000020000a70                USBD_FS_DeviceDesc
 *fill*         0x0000000020000a82        0x2 
 .data.USBD_LangIDDesc
                0x0000000020000a84        0x4 USB_DEVICE/App/usbd_desc.o
                0x0000000020000a84                USBD_LangIDDesc
 .data.USBD_StringSerial
                0x0000000020000a88       0x1a USB_DEVICE/App/usbd_desc.o
                0x0000000020000a88                USBD_StringSerial
 *fill*         0x0000000020000aa2        0x2 
 .data._impure_ptr
                0x0000000020000aa4        0x4 c:/st/stm32cubeide_1.3.0/stm32cubeide/plugins/com.st.stm32cube.ide.mcu.externaltools.gnu-tools-for-stm32.7-2018-q2-update.win32_1.0.0.201904181610/tools/bin/../lib/gcc/arm-none-eabi/7.3.1/../../../../arm-none-eabi/lib/thumb/v7-m\libc_nano.a(lib_a-impure.o)
                0x0000000020000aa4                _impure_ptr
 .data.impure_data
                0x0000000020000aa8       0x60 c:/st/stm32cubeide_1.3.0/stm32cubeide/plugins/com.st.stm32cube.ide.mcu.externaltools.gnu-tools-for-stm32.7-2018-q2-update.win32_1.0.0.201904181610/tools/bin/../lib/gcc/arm-none-eabi/7.3.1/../../../../arm-none-eabi/lib/thumb/v7-m\libc_nano.a(lib_a-impure.o)
                0x0000000020000b08                . = ALIGN (0x4)
                0x0000000020000b08                _edata = .

.igot.plt       0x0000000020000b08        0x0 load address 0x000000000800a320
 .igot.plt      0x0000000020000b08        0x0 c:/st/stm32cubeide_1.3.0/stm32cubeide/plugins/com.st.stm32cube.ide.mcu.externaltools.gnu-tools-for-stm32.7-2018-q2-update.win32_1.0.0.201904181610/tools/bin/../lib/gcc/arm-none-eabi/7.3.1/thumb/v7-m/crtbegin.o
                0x0000000020000b08                . = ALIGN (0x4)

.bss            0x0000000020000b08     0x1ff0 load address 0x000000000800a320
                0x0000000020000b08                _sbss = .
                0x0000000020000b08                __bss_start__ = _sbss
 *(.bss)
 .bss           0x0000000020000b08       0x1c c:/st/stm32cubeide_1.3.0/stm32cubeide/plugins/com.st.stm32cube.ide.mcu.externaltools.gnu-tools-for-stm32.7-2018-q2-update.win32_1.0.0.201904181610/tools/bin/../lib/gcc/arm-none-eabi/7.3.1/thumb/v7-m/crtbegin.o
 *(.bss*)
 .bss.SSD1306   0x0000000020000b24        0x6 Core/Src/ssd1306.o
 .bss.SSD1306_Buffer
                0x0000000020000b2a      0x410 Core/Src/ssd1306.o
 *fill*         0x0000000020000f3a        0x2 
 .bss.heap_end.5149
                0x0000000020000f3c        0x4 Core/Src/sysmem.o
 .bss.cfgidx.9289
                0x0000000020000f40        0x1 Middlewares/ST/STM32_USB_Device_Library/Core/Src/usbd_ctlreq.o
 *fill*         0x0000000020000f41        0x3 
 .bss.__malloc_free_list
                0x0000000020000f44        0x4 c:/st/stm32cubeide_1.3.0/stm32cubeide/plugins/com.st.stm32cube.ide.mcu.externaltools.gnu-tools-for-stm32.7-2018-q2-update.win32_1.0.0.201904181610/tools/bin/../lib/gcc/arm-none-eabi/7.3.1/../../../../arm-none-eabi/lib/thumb/v7-m\libc_nano.a(lib_a-nano-mallocr.o)
                0x0000000020000f44                __malloc_free_list
 .bss.__malloc_sbrk_start
                0x0000000020000f48        0x4 c:/st/stm32cubeide_1.3.0/stm32cubeide/plugins/com.st.stm32cube.ide.mcu.externaltools.gnu-tools-for-stm32.7-2018-q2-update.win32_1.0.0.201904181610/tools/bin/../lib/gcc/arm-none-eabi/7.3.1/../../../../arm-none-eabi/lib/thumb/v7-m\libc_nano.a(lib_a-nano-mallocr.o)
                0x0000000020000f48                __malloc_sbrk_start
 *(COMMON)
 COMMON         0x0000000020000f4c      0x2f4 Core/Src/data.o
                0x0000000020000f4c                password
                0x0000000020000f52                PCIDbuf
                0x0000000020000f6c                setPasswordStep1
                0x0000000020000f70                datasettingsStatus
                0x0000000020000f74                isInit
                0x0000000020000f78                menu
                0x0000000020000f80                exportEnable
                0x0000000020000f84                setProtectTypeStep2
                0x0000000020000f88                M5PCIDdefaultIsGetted
                0x0000000020000f8c                passFrase
                0x0000000020000fbc                privateKey
                0x0000000020000fe4                M5PPCIDCount
                0x0000000020000fe5                PCIDFour
                0x0000000020000ffd                bufer2
                0x0000000020001040                setProtectTypeStep1
                0x0000000020001044                RNGNumbers
                0x000000002000105c                settingsStatus
                0x0000000020001060                initStatus
                0x0000000020001064                restoreStatusStep2
                0x0000000020001068                initStatusStep1
                0x000000002000106c                test
                0x0000000020001084                pointer
                0x0000000020001085                DataInfoMenu
                0x0000000020001086                PCIDSeven
                0x000000002000109e                dataReciveBufer
                0x000000002000111e                bothButtonStatus
                0x0000000020001120                restoreStatus
                0x0000000020001124                DataCount
                0x0000000020001128                addDeviceEnable
                0x000000002000112c                passwordInputStatus
                0x0000000020001130                leftButtonStatus
                0x0000000020001134                restoreStatusStep1
                0x0000000020001138                dataControlMenuStatus
                0x000000002000113c                setPasswordStep2
                0x0000000020001140                publicKey
                0x0000000020001168                devpreinitmenu
                0x000000002000116c                cProtectComand
                0x0000000020001170                rightButtonStatus
                0x0000000020001171                PCIDThre
                0x0000000020001189                updownpointer
                0x000000002000118a                Unlocked
                0x000000002000118c                tim6_counter
                0x000000002000118e                PCIDOne
                0x00000000200011a6                bufer
                0x00000000200011d0                settingsMenuStatus
                0x00000000200011d4                ProtectType
                0x00000000200011d8                chpassComand
                0x00000000200011dc                PCIDSix
                0x00000000200011f4                setPasswordStatus
                0x00000000200011f8                imputpassword
                0x00000000200011fe                PCIDFive
                0x0000000020001216                PCIDTwo
                0x0000000020001230                dataTransferEnable
                0x0000000020001234                menuStatus
                0x0000000020001238                ResetComand
                0x000000002000123c                initStatusStep2
 COMMON         0x0000000020001240      0x16c Core/Src/main.o
                0x0000000020001240                hhash
                0x0000000020001280                hi2c1
                0x00000000200012d4                hcrc
                0x00000000200012dc                ghf
                0x000000002000131c                htim6
                0x000000002000135c                hrng
                0x000000002000136c                hcryp
 COMMON         0x00000000200013ac        0x4 Drivers/STM32F2xx_HAL_Driver/Src/stm32f2xx_hal.o
                0x00000000200013ac                uwTick
 COMMON         0x00000000200013b0      0x2c4 USB_DEVICE/App/usb_device.o
                0x00000000200013b0                hUsbDeviceFS
 COMMON         0x0000000020001674     0x1000 USB_DEVICE/App/usbd_cdc_if.o
                0x0000000020001674                UserRxBufferFS
                0x0000000020001e74                UserTxBufferFS
 COMMON         0x0000000020002674       0x80 USB_DEVICE/App/usbd_desc.o
                0x0000000020002674                USBD_StrDesc
 COMMON         0x00000000200026f4      0x400 USB_DEVICE/Target/usbd_conf.o
                0x00000000200026f4                hpcd_USB_OTG_FS
 COMMON         0x0000000020002af4        0x4 c:/st/stm32cubeide_1.3.0/stm32cubeide/plugins/com.st.stm32cube.ide.mcu.externaltools.gnu-tools-for-stm32.7-2018-q2-update.win32_1.0.0.201904181610/tools/bin/../lib/gcc/arm-none-eabi/7.3.1/../../../../arm-none-eabi/lib/thumb/v7-m\libc_nano.a(lib_a-reent.o)
                0x0000000020002af4                errno
                0x0000000020002af8                . = ALIGN (0x4)
                0x0000000020002af8                _ebss = .
                0x0000000020002af8                __bss_end__ = _ebss

._user_heap_stack
                0x0000000020002af8      0x600 load address 0x000000000800a320
                0x0000000020002af8                . = ALIGN (0x8)
                0x0000000020002af8                PROVIDE (end = .)
                [!provide]                        PROVIDE (_end = .)
                0x0000000020002cf8                . = (. + _Min_Heap_Size)
 *fill*         0x0000000020002af8      0x200 
                0x00000000200030f8                . = (. + _Min_Stack_Size)
 *fill*         0x0000000020002cf8      0x400 
                0x00000000200030f8                . = ALIGN (0x8)

/DISCARD/
 libc.a(*)
 libm.a(*)
 libgcc.a(*)

.ARM.attributes
                0x0000000000000000       0x29
 *(.ARM.attributes)
 .ARM.attributes
                0x0000000000000000       0x1d c:/st/stm32cubeide_1.3.0/stm32cubeide/plugins/com.st.stm32cube.ide.mcu.externaltools.gnu-tools-for-stm32.7-2018-q2-update.win32_1.0.0.201904181610/tools/bin/../lib/gcc/arm-none-eabi/7.3.1/thumb/v7-m/crti.o
 .ARM.attributes
                0x000000000000001d       0x2d c:/st/stm32cubeide_1.3.0/stm32cubeide/plugins/com.st.stm32cube.ide.mcu.externaltools.gnu-tools-for-stm32.7-2018-q2-update.win32_1.0.0.201904181610/tools/bin/../lib/gcc/arm-none-eabi/7.3.1/thumb/v7-m/crtbegin.o
 .ARM.attributes
                0x000000000000004a       0x33 Core/Src/data.o
 .ARM.attributes
                0x000000000000007d       0x33 Core/Src/fonts.o
 .ARM.attributes
                0x00000000000000b0       0x33 Core/Src/main.o
 .ARM.attributes
                0x00000000000000e3       0x33 Core/Src/ssd1306.o
 .ARM.attributes
                0x0000000000000116       0x33 Core/Src/stm32f2xx_hal_msp.o
 .ARM.attributes
                0x0000000000000149       0x33 Core/Src/stm32f2xx_it.o
 .ARM.attributes
                0x000000000000017c       0x33 Core/Src/sysmem.o
 .ARM.attributes
                0x00000000000001af       0x33 Core/Src/system_stm32f2xx.o
 .ARM.attributes
                0x00000000000001e2       0x21 Core/Startup/startup_stm32f215retx.o
 .ARM.attributes
                0x0000000000000203       0x33 Drivers/STM32F2xx_HAL_Driver/Src/stm32f2xx_hal.o
 .ARM.attributes
                0x0000000000000236       0x33 Drivers/STM32F2xx_HAL_Driver/Src/stm32f2xx_hal_cortex.o
 .ARM.attributes
                0x0000000000000269       0x33 Drivers/STM32F2xx_HAL_Driver/Src/stm32f2xx_hal_crc.o
 .ARM.attributes
                0x000000000000029c       0x33 Drivers/STM32F2xx_HAL_Driver/Src/stm32f2xx_hal_cryp.o
 .ARM.attributes
                0x00000000000002cf       0x33 Drivers/STM32F2xx_HAL_Driver/Src/stm32f2xx_hal_gpio.o
 .ARM.attributes
                0x0000000000000302       0x33 Drivers/STM32F2xx_HAL_Driver/Src/stm32f2xx_hal_hash.o
 .ARM.attributes
                0x0000000000000335       0x33 Drivers/STM32F2xx_HAL_Driver/Src/stm32f2xx_hal_i2c.o
 .ARM.attributes
                0x0000000000000368       0x33 Drivers/STM32F2xx_HAL_Driver/Src/stm32f2xx_hal_pcd.o
 .ARM.attributes
                0x000000000000039b       0x33 Drivers/STM32F2xx_HAL_Driver/Src/stm32f2xx_hal_pcd_ex.o
 .ARM.attributes
                0x00000000000003ce       0x33 Drivers/STM32F2xx_HAL_Driver/Src/stm32f2xx_hal_rcc.o
 .ARM.attributes
                0x0000000000000401       0x33 Drivers/STM32F2xx_HAL_Driver/Src/stm32f2xx_hal_rng.o
 .ARM.attributes
                0x0000000000000434       0x33 Drivers/STM32F2xx_HAL_Driver/Src/stm32f2xx_hal_tim.o
 .ARM.attributes
                0x0000000000000467       0x33 Drivers/STM32F2xx_HAL_Driver/Src/stm32f2xx_hal_tim_ex.o
 .ARM.attributes
                0x000000000000049a       0x33 Drivers/STM32F2xx_HAL_Driver/Src/stm32f2xx_ll_usb.o
 .ARM.attributes
                0x00000000000004cd       0x33 Middlewares/ST/STM32_USB_Device_Library/Class/CDC/Src/usbd_cdc.o
 .ARM.attributes
                0x0000000000000500       0x33 Middlewares/ST/STM32_USB_Device_Library/Core/Src/usbd_core.o
 .ARM.attributes
                0x0000000000000533       0x33 Middlewares/ST/STM32_USB_Device_Library/Core/Src/usbd_ctlreq.o
 .ARM.attributes