stm32f2xx_hal_hash.c:278:19:HAL_HASH_Init	16	static
stm32f2xx_hal_hash.c:351:19:HAL_HASH_DeInit	16	static
stm32f2xx_hal_hash.c:404:13:HAL_HASH_MspInit	16	static
stm32f2xx_hal_hash.c:419:13:HAL_HASH_MspDeInit	16	static
stm32f2xx_hal_hash.c:437:13:HAL_HASH_InCpltCallback	16	static
stm32f2xx_hal_hash.c:454:13:HAL_HASH_DgstCpltCallback	16	static
stm32f2xx_hal_hash.c:471:13:HAL_HASH_ErrorCallback	16	static
stm32f2xx_hal_hash.c:702:19:HAL_HASH_MD5_Start	32	static
stm32f2xx_hal_hash.c:727:19:HAL_HASH_MD5_Accumulate	24	static
stm32f2xx_hal_hash.c:743:19:HAL_HASH_SHA1_Start	32	static
stm32f2xx_hal_hash.c:768:19:HAL_HASH_SHA1_Accumulate	24	static
stm32f2xx_hal_hash.c:812:19:HAL_HASH_MD5_Start_IT	32	static
stm32f2xx_hal_hash.c:828:19:HAL_HASH_SHA1_Start_IT	32	static
stm32f2xx_hal_hash.c:842:6:HAL_HASH_IRQHandler	16	static
stm32f2xx_hal_hash.c:896:19:HAL_HASH_MD5_Start_DMA	24	static
stm32f2xx_hal_hash.c:911:19:HAL_HASH_MD5_Finish	24	static
stm32f2xx_hal_hash.c:926:19:HAL_HASH_SHA1_Start_DMA	24	static
stm32f2xx_hal_hash.c:942:19:HAL_HASH_SHA1_Finish	24	static
stm32f2xx_hal_hash.c:983:19:HAL_HMAC_MD5_Start	32	static
stm32f2xx_hal_hash.c:1001:19:HAL_HMAC_SHA1_Start	32	static
stm32f2xx_hal_hash.c:1042:19:HAL_HMAC_MD5_Start_IT	32	static
stm32f2xx_hal_hash.c:1059:19:HAL_HMAC_SHA1_Start_IT	32	static
stm32f2xx_hal_hash.c:1106:19:HAL_HMAC_MD5_Start_DMA	24	static
stm32f2xx_hal_hash.c:1125:19:HAL_HMAC_SHA1_Start_DMA	24	static
stm32f2xx_hal_hash.c:1172:23:HAL_HASH_GetState	16	static
stm32f2xx_hal_hash.c:1185:19:HAL_HASH_GetStatus	16	static
stm32f2xx_hal_hash.c:1203:6:HAL_HASH_ContextSaving	32	static
stm32f2xx_hal_hash.c:1243:6:HAL_HASH_ContextRestoring	32	static
stm32f2xx_hal_hash.c:1286:6:HAL_HASH_SwFeed_ProcessSuspend	16	static
stm32f2xx_hal_hash.c:1301:19:HAL_HASH_DMAFeed_ProcessSuspend	32	static
stm32f2xx_hal_hash.c:1418:10:HAL_HASH_GetError	16	static
stm32f2xx_hal_hash.c:1443:13:HASH_DMAXferCplt	32	static
stm32f2xx_hal_hash.c:1576:13:HASH_DMAError	24	static
stm32f2xx_hal_hash.c:1610:26:HASH_WriteData	32	static
stm32f2xx_hal_hash.c:1674:13:HASH_GetDigest	56	static
stm32f2xx_hal_hash.c:1716:26:HASH_WaitOnFlagUntilTimeout	32	static
stm32f2xx_hal_hash.c:1778:26:HASH_IT	16	static
stm32f2xx_hal_hash.c:1915:17:HASH_Write_Block_Data	32	static
stm32f2xx_hal_hash.c:2000:26:HMAC_Processing	16	static
stm32f2xx_hal_hash.c:2164:19:HASH_Start	40	static
stm32f2xx_hal_hash.c:2297:19:HASH_Accumulate	40	static
stm32f2xx_hal_hash.c:2395:19:HASH_Start_IT	32	static
stm32f2xx_hal_hash.c:2469:19:HASH_Start_DMA	40	static
stm32f2xx_hal_hash.c:2583:19:HASH_Finish	24	static
stm32f2xx_hal_hash.c:2641:19:HMAC_Start	32	static
stm32f2xx_hal_hash.c:2711:19:HMAC_Start_IT	32	static
stm32f2xx_hal_hash.c:2818:19:HMAC_Start_DMA	40	static
