stm32f2xx_hal_cryp.c:260:19:HAL_CRYP_Init	16	static
stm32f2xx_hal_cryp.c:324:19:HAL_CRYP_DeInit	16	static
stm32f2xx_hal_cryp.c:373:19:HAL_CRYP_SetConfig	16	static
stm32f2xx_hal_cryp.c:437:19:HAL_CRYP_GetConfig	16	static
stm32f2xx_hal_cryp.c:485:13:HAL_CRYP_MspInit	16	static
stm32f2xx_hal_cryp.c:501:13:HAL_CRYP_MspDeInit	16	static
stm32f2xx_hal_cryp.c:735:19:HAL_CRYP_Encrypt	32	static
stm32f2xx_hal_cryp.c:852:19:HAL_CRYP_Decrypt	32	static
stm32f2xx_hal_cryp.c:969:19:HAL_CRYP_Encrypt_IT	32	static
stm32f2xx_hal_cryp.c:1076:19:HAL_CRYP_Decrypt_IT	32	static
stm32f2xx_hal_cryp.c:1183:19:HAL_CRYP_Encrypt_DMA	32	static
stm32f2xx_hal_cryp.c:1303:19:HAL_CRYP_Decrypt_DMA	32	static
stm32f2xx_hal_cryp.c:1426:6:HAL_CRYP_IRQHandler	16	static
stm32f2xx_hal_cryp.c:1452:10:HAL_CRYP_GetError	16	static
stm32f2xx_hal_cryp.c:1463:23:HAL_CRYP_GetState	16	static
stm32f2xx_hal_cryp.c:1474:13:HAL_CRYP_InCpltCallback	16	static
stm32f2xx_hal_cryp.c:1490:13:HAL_CRYP_OutCpltCallback	16	static
stm32f2xx_hal_cryp.c:1506:14:HAL_CRYP_ErrorCallback	16	static
stm32f2xx_hal_cryp.c:1531:26:CRYP_TDES_Process	24	static
stm32f2xx_hal_cryp.c:1612:13:CRYP_TDES_IT	24	static
stm32f2xx_hal_cryp.c:1699:26:CRYP_AES_Encrypt	24	static
stm32f2xx_hal_cryp.c:1747:26:CRYP_AES_Encrypt_IT	16	static
stm32f2xx_hal_cryp.c:1791:26:CRYP_AES_Decrypt	24	static
stm32f2xx_hal_cryp.c:1871:26:CRYP_AES_Decrypt_IT	24	static
stm32f2xx_hal_cryp.c:1950:26:CRYP_AES_Decrypt_DMA	24	static
stm32f2xx_hal_cryp.c:2031:13:CRYP_DMAInCplt	24	static
stm32f2xx_hal_cryp.c:2054:13:CRYP_DMAOutCplt	24	static
stm32f2xx_hal_cryp.c:2087:13:CRYP_DMAError	24	static
stm32f2xx_hal_cryp.c:2116:13:CRYP_SetDMAConfig	24	static
stm32f2xx_hal_cryp.c:2175:13:CRYP_AES_ProcessData	24	static
stm32f2xx_hal_cryp.c:2247:13:CRYP_AES_IT	24	static
stm32f2xx_hal_cryp.c:2351:13:CRYP_SetKey	16	static
stm32f2xx_hal_cryp.c:2392:26:CRYP_WaitOnBUSYFlag	24	static
stm32f2xx_hal_cryp.c:2421:26:CRYP_WaitOnOFNEFlag	24	static
