data.c:236:6:initConstants	0	static
data.c:272:6:initChoseProcess	16	static
data.c:280:6:initProcess1	16	static
data.c:330:6:initProcess2	16	static
data.c:302:6:initProcess1Next	16	static
data.c:389:6:restoreProcess1	16	static
data.c:408:6:setPasswordProcess1	32	static
data.c:375:6:generateExtraData	8	static
data.c:346:6:initProcess2Next	24	static
data.c:469:6:setPasswordProcess1Up	8	static
data.c:482:6:setPasswordProcess1Down	8	static
data.c:494:6:setPasswordProcess2	32	static
data.c:431:6:setPasswordProcess1Next	24	static
data.c:573:6:setProtectTypeProcess1	24	static
data.c:514:7:setPasswordProcess2Next	24	static
data.c:614:6:setProtectTypeProcess1Up	8	static
data.c:645:6:setProtectTypeProcess1Down	8	static
data.c:761:6:settingsMenu	24	static
data.c:796:6:settingsMenuUp	8	static
data.c:830:6:settingsMenuDown	8	static
data.c:888:6:resetDeviceMenu	8	static
data.c:899:6:passwordChangeMenu	8	static
data.c:909:6:exportModeMenu	8	static
data.c:920:6:dataControlMenu	32	static
data.c:747:6:chooseMainMenu	0	static
data.c:972:6:dataControlMenuDown	8	static
data.c:1011:6:dataControlMenuUp	8	static
data.c:1076:6:stringToStruct	12	static
data.c:1084:6:structToString	12	static
data.c:1092:6:visualizeStruct	16	static
data.c:724:6:updateScreen	16	static
data.c:865:6:settingsMenuSelect	0	static
data.c:1050:6:dataControlMenuSelect	0	static
data.c:1106:6:writeToEeprom	32	static
data.c:1120:6:readFromEeprom	32	static
data.c:678:6:sendAllData	88	static
data.c:693:6:addDataBlock	104	dynamic
data.c:710:6:initMenu	120	dynamic
data.c:608:6:setProtectTypeProcess1Next	0	static
