data.c:334:6:initChoseProcess	16	static
data.c:6:6:deviceIsntInit	8	static
data.c:342:6:initProcess1	16	static
data.c:389:6:initProcess2	16	static
data.c:364:6:initProcess1Next	16	static
data.c:497:6:restoreProcess1	16	static
data.c:515:6:setPasswordProcess1	32	static
data.c:404:6:initProcess2Next	24	static
data.c:571:6:setPasswordProcess1Up	8	static
data.c:582:6:setPasswordProcess1Down	8	static
data.c:592:6:setPasswordProcess2	32	static
data.c:536:6:setPasswordProcess1Next	24	static
data.c:742:6:setProtectTypeProcessDefault	8	static
data.c:712:6:setProtectTypeProcess1	16	static
data.c:768:6:setProtectTypeProcess1Up	0	static
data.c:776:6:setProtectTypeProcess1Down	0	static
data.c:861:6:settingsMenuDefault	8	static
data.c:892:6:settingsMenu	16	static
data.c:903:6:settingsMenuUp	0	static
data.c:913:6:settingsMenuDown	0	static
data.c:947:6:resetDeviceMenu	24	static
data.c:961:6:changeProtectionMenu	8	static
data.c:970:6:passwordChangeMenu	8	static
data.c:981:6:exportModeMenu	16	static
data.c:993:6:dataControlMenuDefault	8	static
data.c:1030:6:dataControlMenu	16	static
data.c:851:6:chooseMainMenu	0	static
data.c:1052:6:dataControlMenuDown	0	static
data.c:1061:6:dataControlMenuUp	0	static
data.c:1141:6:showDataInfo	24	static
data.c:1159:6:stringToStruct	12	static
data.c:1166:6:structToString	20	static
data.c:1173:6:visualizeStruct	8	static
data.c:828:6:updateScreen	24	static
data.c:923:6:settingsMenuSelect	0	static
data.c:1183:6:writeToEeprom	32	static
data.c:38:6:uploadIsInit	0	static
data.c:49:6:uploadSecureOpt	0	static
data.c:60:6:uploadPassword	0	static
data.c:75:6:uploadPCIDcount	0	static
data.c:86:6:uploadDataCount	0	static
data.c:96:6:uploadIsfirstPC	0	static
data.c:109:6:uploadaddDeviceEnable	0	static
data.c:117:6:uploadPrivate	0	static
data.c:125:6:uploadadPublic	0	static
data.c:133:6:uploadPCIDmas	8	static
data.c:452:6:clearDevice	24	static
data.c:1196:6:readFromEeprom	32	static
data.c:42:6:downloadIsInit	0	static
data.c:53:6:downloadSecureOpt	0	static
data.c:64:6:downloadPassword	0	static
data.c:79:6:downloadPCIDcount	0	static
data.c:90:6:downloadDataCount	0	static
data.c:430:6:generateExtraData	8	static
data.c:100:6:downloadIsfirstPCt	0	static
data.c:113:6:downloadaddDeviceEnable	0	static
data.c:121:6:downloadPrivate	0	static
data.c:129:6:downloadPublic	0	static
data.c:145:6:downloadPCIDmas	8	static
data.c:288:6:initConstants	8	static
data.c:784:6:sendAllData	40	static
data.c:801:6:addDataBlock	104	dynamic
data.c:816:6:initMenu	120	dynamic
data.c:613:6:setPasswordProcess2Next	32	static
data.c:723:6:setProtectTypeProcess1Next	16	static
data.c:1114:6:deleteData	120	dynamic
data.c:1070:6:dataControlMenuSelect	0	static
