data.c:6:6:deviceIsntInit	8	static
data.c:111:6:uploadPCIDmas	0	static
data.c:122:6:downloadPCIDmas	0	static
data.c:335:6:initChoseProcess	16	static
data.c:343:6:initProcess1	16	static
data.c:390:6:initProcess2	16	static
data.c:365:6:initProcess1Next	16	static
data.c:487:6:restoreProcess1	16	static
data.c:505:6:setPasswordProcess1	32	static
data.c:405:6:initProcess2Next	24	static
data.c:561:6:setPasswordProcess1Up	8	static
data.c:572:6:setPasswordProcess1Down	8	static
data.c:582:6:setPasswordProcess2	32	static
data.c:526:6:setPasswordProcess1Next	24	static
data.c:730:6:setProtectTypeProcessDefault	8	static
data.c:701:6:setProtectTypeProcess1	16	static
data.c:756:6:setProtectTypeProcess1Up	0	static
data.c:764:6:setProtectTypeProcess1Down	0	static
data.c:842:6:settingsMenuDefault	8	static
data.c:874:6:settingsMenu	16	static
data.c:885:6:settingsMenuUp	0	static
data.c:895:6:settingsMenuDown	0	static
data.c:929:6:resetDeviceMenu	24	static
data.c:943:6:changeProtectionMenu	8	static
data.c:952:6:passwordChangeMenu	8	static
data.c:963:6:exportModeMenu	16	static
data.c:975:6:dataControlMenuDefault	8	static
data.c:1013:6:dataControlMenu	24	static
data.c:832:6:chooseMainMenu	0	static
data.c:1035:6:dataControlMenuDown	0	static
data.c:1044:6:dataControlMenuUp	0	static
data.c:1130:6:showDataInfo	24	static
data.c:1149:6:stringToStruct	12	static
data.c:1156:6:structToString	20	static
data.c:1163:6:visualizeStruct	8	static
data.c:814:6:updateScreen	16	static
data.c:905:6:settingsMenuSelect	0	static
data.c:1173:6:writeToEeprom	32	static
data.c:16:6:uploadIsInit	0	static
data.c:27:6:uploadSecureOpt	0	static
data.c:38:6:uploadPassword	0	static
data.c:53:6:uploadPCIDcount	0	static
data.c:64:6:uploadDataCount	0	static
data.c:453:6:clearDevice	8	static
data.c:74:6:uploadIsfirstPC	0	static
data.c:87:6:uploadaddDeviceEnable	0	static
data.c:95:6:uploadPrivate	0	static
data.c:103:6:uploadadPublic	0	static
data.c:1186:6:readFromEeprom	32	static
data.c:20:6:downloadIsInit	0	static
data.c:31:6:downloadSecureOpt	0	static
data.c:42:6:downloadPassword	0	static
data.c:57:6:downloadPCIDcount	0	static
data.c:68:6:downloadDataCount	0	static
data.c:431:6:generateExtraData	8	static
data.c:78:6:downloadIsfirstPCt	0	static
data.c:91:6:downloadaddDeviceEnable	0	static
data.c:99:6:downloadPrivate	0	static
data.c:107:6:downloadPublic	0	static
data.c:289:6:initConstants	8	static
data.c:772:6:sendAllData	88	static
data.c:785:6:addDataBlock	104	dynamic
data.c:802:6:initMenu	120	dynamic
data.c:603:6:setPasswordProcess2Next	32	static
data.c:712:6:setProtectTypeProcess1Next	16	static
data.c:1103:6:deleteData	120	dynamic
data.c:1053:6:dataControlMenuSelect	0	static
