data.c:8:6:deviceIsntInit	8	static
data.c:89:6:uploadPCIDmas	0	static
data.c:94:6:downloadPCIDmas	0	static
data.c:375:6:initChoseProcess	16	static
data.c:383:6:initProcess1	16	static
data.c:433:6:initProcess2	16	static
data.c:405:6:initProcess1Next	16	static
data.c:505:6:restoreProcess1	16	static
data.c:524:6:setPasswordProcess1	32	static
data.c:449:6:initProcess2Next	24	static
data.c:585:6:setPasswordProcess1Up	8	static
data.c:598:6:setPasswordProcess1Down	8	static
data.c:610:6:setPasswordProcess2	32	static
data.c:547:6:setPasswordProcess1Next	24	static
data.c:702:6:setProtectTypeProcess1	24	static
data.c:744:6:setProtectTypeProcess1Up	8	static
data.c:775:6:setProtectTypeProcess1Down	8	static
data.c:891:6:settingsMenu	24	static
data.c:931:6:settingsMenuUp	8	static
data.c:970:6:settingsMenuDown	8	static
data.c:1036:6:resetDeviceMenu	8	static
data.c:1047:6:passwordChangeMenu	8	static
data.c:1057:6:exportModeMenu	8	static
data.c:1068:6:dataControlMenu	32	static
data.c:877:6:chooseMainMenu	0	static
data.c:1120:6:dataControlMenuDown	8	static
data.c:1159:6:dataControlMenuUp	8	static
data.c:1224:6:stringToStruct	12	static
data.c:1232:6:structToString	12	static
data.c:1240:6:visualizeStruct	16	static
data.c:854:6:updateScreen	16	static
data.c:1010:6:settingsMenuSelect	0	static
data.c:1198:6:dataControlMenuSelect	0	static
data.c:1254:6:writeToEeprom	32	static
data.c:19:6:uploadIsInit	0	static
data.c:32:6:uploadSecureOpt	0	static
data.c:45:6:uploadPassword	0	static
data.c:62:6:uploadPCIDcount	0	static
data.c:75:6:uploadDataCount	0	static
data.c:1268:6:readFromEeprom	32	static
data.c:24:6:downloadIsInit	8	static
data.c:37:6:downloadSecureOpt	8	static
data.c:50:6:downloadPassword	16	static
data.c:67:6:downloadPCIDcount	8	static
data.c:80:6:downloadDataCount	8	static
data.c:334:6:initConstants	8	static
data.c:479:6:generateExtraData	8	static
data.c:808:6:sendAllData	88	static
data.c:823:6:addDataBlock	104	dynamic
data.c:840:6:initMenu	112	dynamic
data.c:630:7:setPasswordProcess2Next	32	static
data.c:737:6:setProtectTypeProcess1Next	8	static
