data.c:8:6:deviceIsntInit	8	static
data.c:89:6:uploadPCIDmas	0	static
data.c:94:6:downloadPCIDmas	0	static
data.c:375:6:initChoseProcess	16	static
data.c:383:6:initProcess1	16	static
data.c:433:6:initProcess2	16	static
data.c:405:6:initProcess1Next	16	static
data.c:542:6:restoreProcess1	16	static
data.c:561:6:setPasswordProcess1	32	static
data.c:449:6:initProcess2Next	24	static
data.c:622:6:setPasswordProcess1Up	8	static
data.c:635:6:setPasswordProcess1Down	8	static
data.c:647:6:setPasswordProcess2	32	static
data.c:584:6:setPasswordProcess1Next	24	static
data.c:768:6:setProtectTypeProcess1	24	static
data.c:823:6:setProtectTypeProcess1Up	8	static
data.c:854:6:setProtectTypeProcess1Down	8	static
data.c:970:6:settingsMenu	24	static
data.c:1010:6:settingsMenuUp	8	static
data.c:1049:6:settingsMenuDown	8	static
data.c:1115:6:resetDeviceMenu	24	static
data.c:1132:6:changeProtectionMenu	8	static
data.c:1144:6:passwordChangeMenu	8	static
data.c:1154:6:exportModeMenu	16	static
data.c:1168:6:dataControlMenu	32	static
data.c:956:6:chooseMainMenu	0	static
data.c:1220:6:dataControlMenuDown	8	static
data.c:1259:6:dataControlMenuUp	8	static
data.c:1324:6:stringToStruct	12	static
data.c:1332:6:structToString	12	static
data.c:1340:6:visualizeStruct	16	static
data.c:933:6:updateScreen	16	static
data.c:1089:6:settingsMenuSelect	0	static
data.c:1298:6:dataControlMenuSelect	0	static
data.c:1354:6:writeToEeprom	32	static
data.c:19:6:uploadIsInit	0	static
data.c:32:6:uploadSecureOpt	0	static
data.c:45:6:uploadPassword	0	static
data.c:62:6:uploadPCIDcount	0	static
data.c:75:6:uploadDataCount	0	static
data.c:503:6:clearDevice	8	static
data.c:1368:6:readFromEeprom	32	static
data.c:24:6:downloadIsInit	8	static
data.c:37:6:downloadSecureOpt	8	static
data.c:50:6:downloadPassword	16	static
data.c:67:6:downloadPCIDcount	8	static
data.c:80:6:downloadDataCount	8	static
data.c:334:6:initConstants	8	static
data.c:479:6:generateExtraData	8	static
data.c:887:6:sendAllData	88	static
data.c:902:6:addDataBlock	104	dynamic
data.c:919:6:initMenu	120	dynamic
data.c:667:7:setPasswordProcess2Next	32	static
data.c:803:6:setProtectTypeProcess1Next	16	static
