main.c:308:6:SystemClock_Config	80	static
main.c:94:5:main	96	static
main.c:550:6:HAL_GPIO_EXTI_Callback	16	static
main.c:572:6:leftButtonActions	8	static
main.c:581:6:rightButtonActions	8	static
main.c:591:6:bothButtonActions	8	static
main.c:601:6:setInitStatus	0	static
main.c:606:6:setPublicKey	0	static
main.c:611:6:setPrivateKey	0	static
main.c:616:6:setEmail	0	static
main.c:621:6:setNumber	0	static
main.c:626:6:setPcId	0	static
main.c:630:6:setPassword	0	static
main.c:645:6:Error_Handler	0	static
