ssd1306.c:7:13:ssd1306_WriteCommand	32	static
ssd1306.c:57:6:ssd1306_Fill	0	static
ssd1306.c:66:6:ssd1306_UpdateScreen	32	static
ssd1306.c:12:9:ssd1306_Init	8	static
ssd1306.c:79:6:ssd1306_DrawPixel	12	static
ssd1306.c:96:6:ssd1306_WriteChar	64	static
ssd1306.c:123:6:ssd1306_WriteString	32	static
ssd1306.c:137:6:ssd1306_SetCursor	0	static
ssd1306.c:142:6:ssd1306_Clear_Bufer_part	32	static
ssd1306.c:151:6:ssd1306_Write_To_Bufer	48	static
ssd1306.c:164:6:ssd1306_WriteStringUint	48	static
