stm32f2xx_hal_msp.c:64:6:HAL_MspInit	8	static
stm32f2xx_hal_msp.c:86:6:HAL_CRC_MspInit	8	static
stm32f2xx_hal_msp.c:108:6:HAL_CRC_MspDeInit	0	static
stm32f2xx_hal_msp.c:130:6:HAL_CRYP_MspInit	8	static
stm32f2xx_hal_msp.c:152:6:HAL_CRYP_MspDeInit	0	static
stm32f2xx_hal_msp.c:174:6:HAL_HASH_MspInit	8	static
stm32f2xx_hal_msp.c:193:6:HAL_HASH_MspDeInit	0	static
stm32f2xx_hal_msp.c:212:6:HAL_I2C_MspInit	48	static
stm32f2xx_hal_msp.c:248:6:HAL_I2C_MspDeInit	0	static
stm32f2xx_hal_msp.c:277:6:HAL_RNG_MspInit	8	static
stm32f2xx_hal_msp.c:299:6:HAL_RNG_MspDeInit	0	static
stm32f2xx_hal_msp.c:321:6:HAL_TIM_Base_MspInit	16	static
stm32f2xx_hal_msp.c:346:6:HAL_TIM_Base_MspDeInit	0	static
