Archive member included to satisfy reference by file (symbol)

c:/st/stm32cubeide_1.3.0/stm32cubeide/plugins/com.st.stm32cube.ide.mcu.externaltools.gnu-tools-for-stm32.7-2018-q2-update.win32_1.0.0.201904181610/tools/bin/../lib/gcc/arm-none-eabi/7.3.1/../../../../arm-none-eabi/lib/thumb/v7-m\libc_nano.a(lib_a-errno.o)
                              Core/Src/syscalls.o (__errno)
c:/st/stm32cubeide_1.3.0/stm32cubeide/plugins/com.st.stm32cube.ide.mcu.externaltools.gnu-tools-for-stm32.7-2018-q2-update.win32_1.0.0.201904181610/tools/bin/../lib/gcc/arm-none-eabi/7.3.1/../../../../arm-none-eabi/lib/thumb/v7-m\libc_nano.a(lib_a-exit.o)
                              c:/st/stm32cubeide_1.3.0/stm32cubeide/plugins/com.st.stm32cube.ide.mcu.externaltools.gnu-tools-for-stm32.7-2018-q2-update.win32_1.0.0.201904181610/tools/bin/../lib/gcc/arm-none-eabi/7.3.1/../../../../arm-none-eabi/lib/thumb/v7-m/crt0.o (exit)
c:/st/stm32cubeide_1.3.0/stm32cubeide/plugins/com.st.stm32cube.ide.mcu.externaltools.gnu-tools-for-stm32.7-2018-q2-update.win32_1.0.0.201904181610/tools/bin/../lib/gcc/arm-none-eabi/7.3.1/../../../../arm-none-eabi/lib/thumb/v7-m\libc_nano.a(lib_a-impure.o)
                              c:/st/stm32cubeide_1.3.0/stm32cubeide/plugins/com.st.stm32cube.ide.mcu.externaltools.gnu-tools-for-stm32.7-2018-q2-update.win32_1.0.0.201904181610/tools/bin/../lib/gcc/arm-none-eabi/7.3.1/../../../../arm-none-eabi/lib/thumb/v7-m\libc_nano.a(lib_a-exit.o) (_global_impure_ptr)
c:/st/stm32cubeide_1.3.0/stm32cubeide/plugins/com.st.stm32cube.ide.mcu.externaltools.gnu-tools-for-stm32.7-2018-q2-update.win32_1.0.0.201904181610/tools/bin/../lib/gcc/arm-none-eabi/7.3.1/../../../../arm-none-eabi/lib/thumb/v7-m\libc_nano.a(lib_a-init.o)
                              c:/st/stm32cubeide_1.3.0/stm32cubeide/plugins/com.st.stm32cube.ide.mcu.externaltools.gnu-tools-for-stm32.7-2018-q2-update.win32_1.0.0.201904181610/tools/bin/../lib/gcc/arm-none-eabi/7.3.1/../../../../arm-none-eabi/lib/thumb/v7-m/crt0.o (__libc_init_array)
c:/st/stm32cubeide_1.3.0/stm32cubeide/plugins/com.st.stm32cube.ide.mcu.externaltools.gnu-tools-for-stm32.7-2018-q2-update.win32_1.0.0.201904181610/tools/bin/../lib/gcc/arm-none-eabi/7.3.1/../../../../arm-none-eabi/lib/thumb/v7-m\libc_nano.a(lib_a-malloc.o)
                              Middlewares/ST/STM32_USB_Device_Library/Class/CDC/Src/usbd_cdc.o (malloc)
c:/st/stm32cubeide_1.3.0/stm32cubeide/plugins/com.st.stm32cube.ide.mcu.externaltools.gnu-tools-for-stm32.7-2018-q2-update.win32_1.0.0.201904181610/tools/bin/../lib/gcc/arm-none-eabi/7.3.1/../../../../arm-none-eabi/lib/thumb/v7-m\libc_nano.a(lib_a-memcpy-stub.o)
                              Core/Src/data.o (memcpy)
c:/st/stm32cubeide_1.3.0/stm32cubeide/plugins/com.st.stm32cube.ide.mcu.externaltools.gnu-tools-for-stm32.7-2018-q2-update.win32_1.0.0.201904181610/tools/bin/../lib/gcc/arm-none-eabi/7.3.1/../../../../arm-none-eabi/lib/thumb/v7-m\libc_nano.a(lib_a-memset.o)
                              c:/st/stm32cubeide_1.3.0/stm32cubeide/plugins/com.st.stm32cube.ide.mcu.externaltools.gnu-tools-for-stm32.7-2018-q2-update.win32_1.0.0.201904181610/tools/bin/../lib/gcc/arm-none-eabi/7.3.1/../../../../arm-none-eabi/lib/thumb/v7-m/crt0.o (memset)
c:/st/stm32cubeide_1.3.0/stm32cubeide/plugins/com.st.stm32cube.ide.mcu.externaltools.gnu-tools-for-stm32.7-2018-q2-update.win32_1.0.0.201904181610/tools/bin/../lib/gcc/arm-none-eabi/7.3.1/../../../../arm-none-eabi/lib/thumb/v7-m\libc_nano.a(lib_a-nano-freer.o)
                              c:/st/stm32cubeide_1.3.0/stm32cubeide/plugins/com.st.stm32cube.ide.mcu.externaltools.gnu-tools-for-stm32.7-2018-q2-update.win32_1.0.0.201904181610/tools/bin/../lib/gcc/arm-none-eabi/7.3.1/../../../../arm-none-eabi/lib/thumb/v7-m\libc_nano.a(lib_a-malloc.o) (_free_r)
c:/st/stm32cubeide_1.3.0/stm32cubeide/plugins/com.st.stm32cube.ide.mcu.externaltools.gnu-tools-for-stm32.7-2018-q2-update.win32_1.0.0.201904181610/tools/bin/../lib/gcc/arm-none-eabi/7.3.1/../../../../arm-none-eabi/lib/thumb/v7-m\libc_nano.a(lib_a-nano-mallocr.o)
                              c:/st/stm32cubeide_1.3.0/stm32cubeide/plugins/com.st.stm32cube.ide.mcu.externaltools.gnu-tools-for-stm32.7-2018-q2-update.win32_1.0.0.201904181610/tools/bin/../lib/gcc/arm-none-eabi/7.3.1/../../../../arm-none-eabi/lib/thumb/v7-m\libc_nano.a(lib_a-malloc.o) (_malloc_r)
c:/st/stm32cubeide_1.3.0/stm32cubeide/plugins/com.st.stm32cube.ide.mcu.externaltools.gnu-tools-for-stm32.7-2018-q2-update.win32_1.0.0.201904181610/tools/bin/../lib/gcc/arm-none-eabi/7.3.1/../../../../arm-none-eabi/lib/thumb/v7-m\libc_nano.a(lib_a-sbrkr.o)
                              c:/st/stm32cubeide_1.3.0/stm32cubeide/plugins/com.st.stm32cube.ide.mcu.externaltools.gnu-tools-for-stm32.7-2018-q2-update.win32_1.0.0.201904181610/tools/bin/../lib/gcc/arm-none-eabi/7.3.1/../../../../arm-none-eabi/lib/thumb/v7-m\libc_nano.a(lib_a-nano-mallocr.o) (_sbrk_r)
[...]
Memory Configuration

Name             Origin             Length             Attributes
RAM              0x0000000020000000 0x0000000000020000 xrw
FLASH            0x0000000008000000 0x0000000000080000 xr
*default*        0x0000000000000000 0xffffffffffffffff

Linker script and memory map

LOAD c:/st/stm32cubeide_1.3.0/stm32cubeide/plugins/com.st.stm32cube.ide.mcu.externaltools.gnu-tools-for-stm32.7-2018-q2-update.win32_1.0.0.201904181610/tools/bin/../lib/gcc/arm-none-eabi/7.3.1/thumb/v7-m/crti.o
LOAD c:/st/stm32cubeide_1.3.0/stm32cubeide/plugins/com.st.stm32cube.ide.mcu.externaltools.gnu-tools-for-stm32.7-2018-q2-update.win32_1.0.0.201904181610/tools/bin/../lib/gcc/arm-none-eabi/7.3.1/thumb/v7-m/crtbegin.o
LOAD c:/st/stm32cubeide_1.3.0/stm32cubeide/plugins/com.st.stm32cube.ide.mcu.externaltools.gnu-tools-for-stm32.7-2018-q2-update.win32_1.0.0.201904181610/tools/bin/../lib/gcc/arm-none-eabi/7.3.1/../../../../arm-none-eabi/lib/thumb/v7-m/crt0.o
LOAD Core/Src/data.o
LOAD Core/Src/fonts.o
LOAD Core/Src/main.o
LOAD Core/Src/menu.o
LOAD Core/Src/ssd1306.o
LOAD Core/Src/stm32f2xx_hal_msp.o
LOAD Core/Src/stm32f2xx_it.o
LOAD Core/Src/syscalls.o
LOAD Core/Src/sysmem.o
LOAD Core/Src/system_stm32f2xx.o
LOAD Core/Startup/startup_stm32f215retx.o
LOAD Drivers/STM32F2xx_HAL_Driver/Src/stm32f2xx_hal.o
LOAD Drivers/STM32F2xx_HAL_Driver/Src/stm32f2xx_hal_cortex.o
LOAD Drivers/STM32F2xx_HAL_Driver/Src/stm32f2xx_hal_crc.o
LOAD Drivers/STM32F2xx_HAL_Driver/Src/stm32f2xx_hal_cryp.o
LOAD Drivers/STM32F2xx_HAL_Driver/Src/stm32f2xx_hal_dma.o
LOAD Drivers/STM32F2xx_HAL_Driver/Src/stm32f2xx_hal_dma_ex.o
LOAD Drivers/STM32F2xx_HAL_Driver/Src/stm32f2xx_hal_exti.o
LOAD Drivers/STM32F2xx_HAL_Driver/Src/stm32f2xx_hal_flash.o
LOAD Drivers/STM32F2xx_HAL_Driver/Src/stm32f2xx_hal_flash_ex.o
LOAD Drivers/STM32F2xx_HAL_Driver/Src/stm32f2xx_hal_gpio.o
LOAD Drivers/STM32F2xx_HAL_Driver/Src/stm32f2xx_hal_hash.o
LOAD Drivers/STM32F2xx_HAL_Driver/Src/stm32f2xx_hal_i2c.o
LOAD Drivers/STM32F2xx_HAL_Driver/Src/stm32f2xx_hal_pcd.o
LOAD Drivers/STM32F2xx_HAL_Driver/Src/stm32f2xx_hal_pcd_ex.o
LOAD Drivers/STM32F2xx_HAL_Driver/Src/stm32f2xx_hal_pwr.o
LOAD Drivers/STM32F2xx_HAL_Driver/Src/stm32f2xx_hal_pwr_ex.o
LOAD Drivers/STM32F2xx_HAL_Driver/Src/stm32f2xx_hal_rcc.o
LOAD Drivers/STM32F2xx_HAL_Driver/Src/stm32f2xx_hal_rcc_ex.o
LOAD Drivers/STM32F2xx_HAL_Driver/Src/stm32f2xx_hal_rng.o
LOAD Drivers/STM32F2xx_HAL_Driver/Src/stm32f2xx_hal_tim.o
LOAD Drivers/STM32F2xx_HAL_Driver/Src/stm32f2xx_hal_tim_ex.o
LOAD Drivers/STM32F2xx_HAL_Driver/Src/stm32f2xx_ll_usb.o
LOAD Middlewares/ST/STM32_USB_Device_Library/Class/CDC/Src/usbd_cdc.o
LOAD Middlewares/ST/STM32_USB_Device_Library/Core/Src/usbd_core.o
LOAD Middlewares/ST/STM32_USB_Device_Library/Core/Src/usbd_ctlreq.o
LOAD Middlewares/ST/STM32_USB_Device_Library/Core/Src/usbd_ioreq.o
LOAD USB_DEVICE/App/usb_device.o
LOAD USB_DEVICE/App/usbd_cdc_if.o
LOAD USB_DEVICE/App/usbd_desc.o
LOAD USB_DEVICE/Target/usbd_conf.o
START GROUP
LOAD c:/st/stm32cubeide_1.3.0/stm32cubeide/plugins/com.st.stm32cube.ide.mcu.externaltools.gnu-tools-for-stm32.7-2018-q2-update.win32_1.0.0.201904181610/tools/bin/../lib/gcc/arm-none-eabi/7.3.1/../../../../arm-none-eabi/lib/thumb/v7-m\libstdc++_nano.a
LOAD c:/st/stm32cubeide_1.3.0/stm32cubeide/plugins/com.st.stm32cube.ide.mcu.externaltools.gnu-tools-for-stm32.7-2018-q2-update.win32_1.0.0.201904181610/tools/bin/../lib/gcc/arm-none-eabi/7.3.1/../../../../arm-none-eabi/lib/thumb/v7-m\libsupc++_nano.a
END GROUP
LOAD c:/st/stm32cubeide_1.3.0/stm32cubeide/plugins/com.st.stm32cube.ide.mcu.externaltools.gnu-tools-for-stm32.7-2018-q2-update.win32_1.0.0.201904181610/tools/bin/../lib/gcc/arm-none-eabi/7.3.1/../../../../arm-none-eabi/lib/thumb/v7-m\libstdc++_nano.a
LOAD c:/st/stm32cubeide_1.3.0/stm32cubeide/plugins/com.st.stm32cube.ide.mcu.externaltools.gnu-tools-for-stm32.7-2018-q2-update.win32_1.0.0.201904181610/tools/bin/../lib/gcc/arm-none-eabi/7.3.1/../../../../arm-none-eabi/lib/thumb/v7-m\libm.a
LOAD c:/st/stm32cubeide_1.3.0/stm32cubeide/plugins/com.st.stm32cube.ide.mcu.externaltools.gnu-tools-for-stm32.7-2018-q2-update.win32_1.0.0.201904181610/tools/bin/../lib/gcc/arm-none-eabi/7.3.1/../../../../arm-none-eabi/lib/thumb/v7-m\libc_nano.a
START GROUP
LOAD c:/st/stm32cubeide_1.3.0/stm32cubeide/plugins/com.st.stm32cube.ide.mcu.externaltools.gnu-tools-for-stm32.7-2018-q2-update.win32_1.0.0.201904181610/tools/bin/../lib/gcc/arm-none-eabi/7.3.1/thumb/v7-m\libgcc.a
LOAD c:/st/stm32cubeide_1.3.0/stm32cubeide/plugins/com.st.stm32cube.ide.mcu.externaltools.gnu-tools-for-stm32.7-2018-q2-update.win32_1.0.0.201904181610/tools/bin/../lib/gcc/arm-none-eabi/7.3.1/../../../../arm-none-eabi/lib/thumb/v7-m\libc_nano.a
END GROUP
START GROUP
LOAD c:/st/stm32cubeide_1.3.0/stm32cubeide/plugins/com.st.stm32cube.ide.mcu.externaltools.gnu-tools-for-stm32.7-2018-q2-update.win32_1.0.0.201904181610/tools/bin/../lib/gcc/arm-none-eabi/7.3.1/thumb/v7-m\libgcc.a
LOAD c:/st/stm32cubeide_1.3.0/stm32cubeide/plugins/com.st.stm32cube.ide.mcu.externaltools.gnu-tools-for-stm32.7-2018-q2-update.win32_1.0.0.201904181610/tools/bin/../lib/gcc/arm-none-eabi/7.3.1/../../../../arm-none-eabi/lib/thumb/v7-m\libc_nano.a
LOAD c:/st/stm32cubeide_1.3.0/stm32cubeide/plugins/com.st.stm32cube.ide.mcu.externaltools.gnu-tools-for-stm32.7-2018-q2-update.win32_1.0.0.201904181610/tools/bin/../lib/gcc/arm-none-eabi/7.3.1/../../../../arm-none-eabi/lib/thumb/v7-m\libnosys.a
END GROUP
START GROUP
LOAD c:/st/stm32cubeide_1.3.0/stm32cubeide/plugins/com.st.stm32cube.ide.mcu.externaltools.gnu-tools-for-stm32.7-2018-q2-update.win32_1.0.0.201904181610/tools/bin/../lib/gcc/arm-none-eabi/7.3.1/thumb/v7-m\libgcc.a
LOAD c:/st/stm32cubeide_1.3.0/stm32cubeide/plugins/com.st.stm32cube.ide.mcu.externaltools.gnu-tools-for-stm32.7-2018-q2-update.win32_1.0.0.201904181610/tools/bin/../lib/gcc/arm-none-eabi/7.3.1/../../../../arm-none-eabi/lib/thumb/v7-m\libc_nano.a
LOAD c:/st/stm32cubeide_1.3.0/stm32cubeide/plugins/com.st.stm32cube.ide.mcu.externaltools.gnu-tools-for-stm32.7-2018-q2-update.win32_1.0.0.201904181610/tools/bin/../lib/gcc/arm-none-eabi/7.3.1/../../../../arm-none-eabi/lib/thumb/v7-m\libnosys.a
END GROUP
LOAD c:/st/stm32cubeide_1.3.0/stm32cubeide/plugins/com.st.stm32cube.ide.mcu.externaltools.gnu-tools-for-stm32.7-2018-q2-update.win32_1.0.0.201904181610/tools/bin/../lib/gcc/arm-none-eabi/7.3.1/thumb/v7-m/crtend.o
LOAD c:/st/stm32cubeide_1.3.0/stm32cubeide/plugins/com.st.stm32cube.ide.mcu.externaltools.gnu-tools-for-stm32.7-2018-q2-update.win32_1.0.0.201904181610/tools/bin/../lib/gcc/arm-none-eabi/7.3.1/thumb/v7-m/crtn.o
                0x0000000020020000                _estack = (ORIGIN (RAM) + LENGTH (RAM))
                0x0000000000000200                _Min_Heap_Size = 0x200
                0x0000000000000400                _Min_Stack_Size = 0x400

.isr_vector     0x0000000008000000      0x184
                0x0000000008000000                . = ALIGN (0x4)
 *(.isr_vector)
 .isr_vector    0x0000000008000000      0x184 Core/Startup/startup_stm32f215retx.o
                0x0000000008000000                g_pfnVectors
                0x0000000008000184                . = ALIGN (0x4)

.text           0x0000000008000184     0xb4a0
                0x0000000008000184                . = ALIGN (0x4)
 *(.text)
 .text          0x0000000008000184       0x40 c:/st/stm32cubeide_1.3.0/stm32cubeide/plugins/com.st.stm32cube.ide.mcu.externaltools.gnu-tools-for-stm32.7-2018-q2-update.win32_1.0.0.201904181610/tools/bin/../lib/gcc/arm-none-eabi/7.3.1/thumb/v7-m/crtbegin.o
 .text          0x00000000080001c4       0x30 c:/st/stm32cubeide_1.3.0/stm32cubeide/plugins/com.st.stm32cube.ide.mcu.externaltools.gnu-tools-for-stm32.7-2018-q2-update.win32_1.0.0.201904181610/tools/bin/../lib/gcc/arm-none-eabi/7.3.1/thumb/v7-m\libgcc.a(_aeabi_uldivmod.o)
                0x00000000080001c4                __aeabi_uldivmod
 .text          0x00000000080001f4      0x2d0 c:/st/stm32cubeide_1.3.0/stm32cubeide/plugins/com.st.stm32cube.ide.mcu.externaltools.gnu-tools-for-stm32.7-2018-q2-update.win32_1.0.0.201904181610/tools/bin/../lib/gcc/arm-none-eabi/7.3.1/thumb/v7-m\libgcc.a(_udivmoddi4.o)
                0x00000000080001f4                __udivmoddi4
 .text          0x00000000080004c4        0x4 c:/st/stm32cubeide_1.3.0/stm32cubeide/plugins/com.st.stm32cube.ide.mcu.externaltools.gnu-tools-for-stm32.7-2018-q2-update.win32_1.0.0.201904181610/tools/bin/../lib/gcc/arm-none-eabi/7.3.1/thumb/v7-m\libgcc.a(_dvmd_tls.o)
                0x00000000080004c4                __aeabi_idiv0
                0x00000000080004c4                __aeabi_ldiv0
 *(.text*)
 .text.deviceIsntInit
                0x00000000080004c8       0x48 Core/Src/data.o
                0x00000000080004c8                deviceIsntInit
 .text.uploadIsInit
                0x0000000008000510       0x18 Core/Src/data.o
                0x0000000008000510                uploadIsInit
 .text.downloadIsInit
                0x0000000008000528       0x18 Core/Src/data.o
                0x0000000008000528                downloadIsInit
 .text.uploadSecureOpt
                0x0000000008000540       0x18 Core/Src/data.o
                0x0000000008000540                uploadSecureOpt
 .text.downloadSecureOpt
                0x0000000008000558       0x18 Core/Src/data.o
                0x0000000008000558                downloadSecureOpt
 .text.uploadPassword
                0x0000000008000570       0x18 Core/Src/data.o
                0x0000000008000570                uploadPassword
 .text.downloadPassword
                0x0000000008000588       0x18 Core/Src/data.o
                0x0000000008000588                downloadPassword
 .text.uploadPCIDcount
                0x00000000080005a0       0x18 Core/Src/data.o
                0x00000000080005a0                uploadPCIDcount
 .text.downloadPCIDcount
                0x00000000080005b8       0x18 Core/Src/data.o
                0x00000000080005b8                downloadPCIDcount
 .text.uploadDataCount
                0x00000000080005d0       0x18 Core/Src/data.o
                0x00000000080005d0                uploadDataCount
 .text.downloadDataCount
                0x00000000080005e8       0x18 Core/Src/data.o
                0x00000000080005e8                downloadDataCount
 .text.uploadIsfirstPC
                0x0000000008000600       0x18 Core/Src/data.o
                0x0000000008000600                uploadIsfirstPC
 .text.downloadIsfirstPCt
                0x0000000008000618       0x18 Core/Src/data.o
                0x0000000008000618                downloadIsfirstPCt
 .text.uploadaddDeviceEnable
                0x0000000008000630       0x18 Core/Src/data.o
                0x0000000008000630                uploadaddDeviceEnable
 .text.downloadaddDeviceEnable
                0x0000000008000648       0x18 Core/Src/data.o
                0x0000000008000648                downloadaddDeviceEnable
 .text.initConstants
                0x0000000008000660      0x138 Core/Src/data.o
                0x0000000008000660                initConstants
 .text.initChoseProcess
                0x0000000008000798       0x40 Core/Src/data.o
                0x0000000008000798                initChoseProcess
 .text.initProcess1
                0x00000000080007d8       0xac Core/Src/data.o
                0x00000000080007d8                initProcess1
 .text.initProcess1Next
                0x0000000008000884       0xac Core/Src/data.o
                0x0000000008000884                initProcess1Next
 .text.initProcess2
                0x0000000008000930       0x84 Core/Src/data.o
                0x0000000008000930                initProcess2
 .text.initProcess2Next
                0x00000000080009b4       0xe0 Core/Src/data.o
                0x00000000080009b4                initProcess2Next
 .text.generateExtraData
                0x0000000008000a94       0x50 Core/Src/data.o
                0x0000000008000a94                generateExtraData
 .text.clearDevice
                0x0000000008000ae4      0x10c Core/Src/data.o
                0x0000000008000ae4                clearDevice
 .text.restoreProcess1
                0x0000000008000bf0       0x94 Core/Src/data.o
                0x0000000008000bf0                restoreProcess1
 .text.setPasswordProcess1
                0x0000000008000c84       0xe4 Core/Src/data.o
                0x0000000008000c84                setPasswordProcess1
 .text.setPasswordProcess1Next
                0x0000000008000d68      0x108 Core/Src/data.o
                0x0000000008000d68                setPasswordProcess1Next
 .text.setPasswordProcess1Up
                0x0000000008000e70       0x64 Core/Src/data.o
                0x0000000008000e70                setPasswordProcess1Up
 .text.setPasswordProcess1Down
                0x0000000008000ed4       0x64 Core/Src/data.o
                0x0000000008000ed4                setPasswordProcess1Down
 .text.setPasswordProcess2
                0x0000000008000f38       0xec Core/Src/data.o
                0x0000000008000f38                setPasswordProcess2
 .text.setPasswordProcess2Next
                0x0000000008001024      0x268 Core/Src/data.o
                0x0000000008001024                setPasswordProcess2Next
 .text.setProtectTypeProcess1
                0x000000000800128c      0x104 Core/Src/data.o
                0x000000000800128c                setProtectTypeProcess1
 .text.setProtectTypeProcess1Next
                0x0000000008001390       0x70 Core/Src/data.o
                0x0000000008001390                setProtectTypeProcess1Next
 .text.setProtectTypeProcess1Up
                0x0000000008001400       0xcc Core/Src/data.o
                0x0000000008001400                setProtectTypeProcess1Up
 .text.setProtectTypeProcess1Down
                0x00000000080014cc       0xcc Core/Src/data.o
                0x00000000080014cc                setProtectTypeProcess1Down
 .text.sendAllData
                0x0000000008001598       0x9c Core/Src/data.o
                0x0000000008001598                sendAllData
 .text.initMenu
                0x0000000008001634       0xe8 Core/Src/data.o
                0x0000000008001634                initMenu
 .text.updateScreen
                0x000000000800171c       0xa4 Core/Src/data.o
                0x000000000800171c                updateScreen
 .text.chooseMainMenu
                0x00000000080017c0       0x44 Core/Src/data.o
                0x00000000080017c0                chooseMainMenu
 .text.settingsMenu
                0x0000000008001804      0x124 Core/Src/data.o
                0x0000000008001804                settingsMenu
 .text.settingsMenuUp
                0x0000000008001928       0xf0 Core/Src/data.o
                0x0000000008001928                settingsMenuUp
 .text.settingsMenuDown
                0x0000000008001a18       0xf0 Core/Src/data.o
                0x0000000008001a18                settingsMenuDown
 .text.settingsMenuSelect
                0x0000000008001b08       0x64 Core/Src/data.o
                0x0000000008001b08                settingsMenuSelect
 .text.resetDeviceMenu
                0x0000000008001b6c       0x88 Core/Src/data.o
                0x0000000008001b6c                resetDeviceMenu
 .text.changeProtectionMenu
                0x0000000008001bf4       0x2c Core/Src/data.o
                0x0000000008001bf4                changeProtectionMenu
 .text.passwordChangeMenu
                0x0000000008001c20       0x34 Core/Src/data.o
                0x0000000008001c20                passwordChangeMenu
 .text.exportModeMenu
                0x0000000008001c54       0x5c Core/Src/data.o
                0x0000000008001c54                exportModeMenu
 .text.dataControlMenu
                0x0000000008001cb0      0x134 Core/Src/data.o
                0x0000000008001cb0                dataControlMenu
 .text.dataControlMenuDown
                0x0000000008001de4       0xf0 Core/Src/data.o
                0x0000000008001de4                dataControlMenuDown
 .text.dataControlMenuUp
                0x0000000008001ed4       0xf0 Core/Src/data.o
                0x0000000008001ed4                dataControlMenuUp
 .text.dataControlMenuSelect
                0x0000000008001fc4       0x4c Core/Src/data.o
                0x0000000008001fc4                dataControlMenuSelect
 .text.stringToStruct
                0x0000000008002010       0x54 Core/Src/data.o
                0x0000000008002010                stringToStruct
 .text.visualizeStruct
                0x0000000008002064       0x64 Core/Src/data.o
                0x0000000008002064                visualizeStruct
 .text.writeToEeprom
                0x00000000080020c8       0x74 Core/Src/data.o
                0x00000000080020c8                writeToEeprom
 .text.readFromEeprom
                0x000000000800213c       0x74 Core/Src/data.o
                0x000000000800213c                readFromEeprom
 .text.main     0x00000000080021b0      0x77c Core/Src/main.o
                0x00000000080021b0                main
 .text.SystemClock_Config
                0x000000000800292c       0x8a Core/Src/main.o
                0x000000000800292c                SystemClock_Config
 *fill*         0x00000000080029b6        0x2 
 .text.MX_CRC_Init
                0x00000000080029b8       0x28 Core/Src/main.o
 .text.MX_CRYP_Init
                0x00000000080029e0       0x4c Core/Src/main.o
 .text.MX_HASH_Init
                0x0000000008002a2c       0x24 Core/Src/main.o
 .text.MX_I2C1_Init
                0x0000000008002a50       0x5c Core/Src/main.o
 .text.MX_RNG_Init
                0x0000000008002aac       0x28 Core/Src/main.o
 .text.MX_TIM6_Init
                0x0000000008002ad4       0x6c Core/Src/main.o
 .text.MX_GPIO_Init
                0x0000000008002b40       0xc4 Core/Src/main.o
 .text.HAL_GPIO_EXTI_Callback
                0x0000000008002c04       0xa4 Core/Src/main.o
                0x0000000008002c04                HAL_GPIO_EXTI_Callback
 .text.leftButtonActions
                0x0000000008002ca8      0x130 Core/Src/main.o
                0x0000000008002ca8                leftButtonActions
 .text.rightButtonActions
                0x0000000008002dd8      0x138 Core/Src/main.o
                0x0000000008002dd8                rightButtonActions
 .text.bothButtonActions
                0x0000000008002f10       0xf8 Core/Src/main.o
                0x0000000008002f10                bothButtonActions
 .text.generatePassFrase
                0x0000000008003008       0x8c Core/Src/main.o
                0x0000000008003008                generatePassFrase
 .text.generateRandomNumbers
                0x0000000008003094       0xdc Core/Src/main.o
                0x0000000008003094                generateRandomNumbers
 .text.Error_Handler
                0x0000000008003170        0xc Core/Src/main.o
                0x0000000008003170                Error_Handler
 .text.ssd1306_WriteCommand
                0x000000000800317c       0x30 Core/Src/ssd1306.o
 .text.ssd1306_Init
                0x00000000080031ac       0xd8 Core/Src/ssd1306.o
                0x00000000080031ac                ssd1306_Init
 .text.ssd1306_Fill
                0x0000000008003284       0x44 Core/Src/ssd1306.o
                0x0000000008003284                ssd1306_Fill
 .text.ssd1306_UpdateScreen
                0x00000000080032c8       0x68 Core/Src/ssd1306.o
                0x00000000080032c8                ssd1306_UpdateScreen
 .text.ssd1306_DrawPixel
                0x0000000008003330       0xd4 Core/Src/ssd1306.o
                0x0000000008003330                ssd1306_DrawPixel
 .text.ssd1306_WriteChar
                0x0000000008003404      0x100 Core/Src/ssd1306.o
                0x0000000008003404                ssd1306_WriteChar
 .text.ssd1306_WriteString
                0x0000000008003504       0x4c Core/Src/ssd1306.o
                0x0000000008003504                ssd1306_WriteString
 .text.ssd1306_SetCursor
                0x0000000008003550       0x30 Core/Src/ssd1306.o
                0x0000000008003550                ssd1306_SetCursor
 .text.ssd1306_Write_To_Bufer
                0x0000000008003580       0xc8 Core/Src/ssd1306.o
                0x0000000008003580                ssd1306_Write_To_Bufer
 .text.ssd1306_WriteStringUint
                0x0000000008003648      0x198 Core/Src/ssd1306.o
                0x0000000008003648                ssd1306_WriteStringUint
 .text.HAL_MspInit
                0x00000000080037e0       0x4c Core/Src/stm32f2xx_hal_msp.o
                0x00000000080037e0                HAL_MspInit
 .text.HAL_CRC_MspInit
                0x000000000800382c       0x40 Core/Src/stm32f2xx_hal_msp.o
                0x000000000800382c                HAL_CRC_MspInit
 .text.HAL_CRYP_MspInit
                0x000000000800386c       0x40 Core/Src/stm32f2xx_hal_msp.o
                0x000000000800386c                HAL_CRYP_MspInit
 .text.HAL_HASH_MspInit
                0x00000000080038ac       0x34 Core/Src/stm32f2xx_hal_msp.o
                0x00000000080038ac                HAL_HASH_MspInit
 .text.HAL_I2C_MspInit
                0x00000000080038e0       0x90 Core/Src/stm32f2xx_hal_msp.o
                0x00000000080038e0                HAL_I2C_MspInit
 .text.HAL_RNG_MspInit
                0x0000000008003970       0x40 Core/Src/stm32f2xx_hal_msp.o
                0x0000000008003970                HAL_RNG_MspInit
 .text.HAL_TIM_Base_MspInit
                0x00000000080039b0       0x50 Core/Src/stm32f2xx_hal_msp.o
                0x00000000080039b0                HAL_TIM_Base_MspInit
 .text.NMI_Handler
                0x0000000008003a00        0xc Core/Src/stm32f2xx_it.o
                0x0000000008003a00                NMI_Handler
 .text.HardFault_Handler
                0x0000000008003a0c        0x6 Core/Src/stm32f2xx_it.o
                0x0000000008003a0c                HardFault_Handler
 .text.MemManage_Handler
                0x0000000008003a12        0x6 Core/Src/stm32f2xx_it.o
                0x0000000008003a12                MemManage_Handler
 .text.BusFault_Handler
                0x0000000008003a18        0x6 Core/Src/stm32f2xx_it.o
                0x0000000008003a18                BusFault_Handler
 .text.UsageFault_Handler
                0x0000000008003a1e        0x6 Core/Src/stm32f2xx_it.o
                0x0000000008003a1e                UsageFault_Handler
 .text.SVC_Handler
                0x0000000008003a24        0xc Core/Src/stm32f2xx_it.o
                0x0000000008003a24                SVC_Handler
 .text.DebugMon_Handler
                0x0000000008003a30        0xc Core/Src/stm32f2xx_it.o
                0x0000000008003a30                DebugMon_Handler
 .text.PendSV_Handler
                0x0000000008003a3c        0xc Core/Src/stm32f2xx_it.o
                0x0000000008003a3c                PendSV_Handler
 .text.SysTick_Handler
                0x0000000008003a48        0xc Core/Src/stm32f2xx_it.o
                0x0000000008003a48                SysTick_Handler
 .text.EXTI9_5_IRQHandler
                0x0000000008003a54       0x18 Core/Src/stm32f2xx_it.o
                0x0000000008003a54                EXTI9_5_IRQHandler
 .text.TIM6_DAC_IRQHandler
                0x0000000008003a6c       0x80 Core/Src/stm32f2xx_it.o
                0x0000000008003a6c                TIM6_DAC_IRQHandler
 .text.OTG_FS_IRQHandler
                0x0000000008003aec       0x14 Core/Src/stm32f2xx_it.o
                0x0000000008003aec                OTG_FS_IRQHandler
 .text._sbrk    0x0000000008003b00       0x58 Core/Src/sysmem.o
                0x0000000008003b00                _sbrk
 .text.SystemInit
                0x0000000008003b58       0x5c Core/Src/system_stm32f2xx.o
                0x0000000008003b58                SystemInit
 .text.Reset_Handler
                0x0000000008003bb4       0x50 Core/Startup/startup_stm32f215retx.o
                0x0000000008003bb4                Reset_Handler
 .text.Default_Handler
                0x0000000008003c04        0x2 Core/Startup/startup_stm32f215retx.o
                0x0000000008003c04                RTC_Alarm_IRQHandler
                0x0000000008003c04                HASH_RNG_IRQHandler
                0x0000000008003c04                EXTI2_IRQHandler
                0x0000000008003c04                TIM8_CC_IRQHandler
                0x0000000008003c04                TIM1_CC_IRQHandler
                0x0000000008003c04                DMA2_Stream5_IRQHandler
                0x0000000008003c04                DMA1_Stream5_IRQHandler
                0x0000000008003c04                PVD_IRQHandler
                0x0000000008003c04                SDIO_IRQHandler
                0x0000000008003c04                TAMP_STAMP_IRQHandler
                0x0000000008003c04                CAN2_RX1_IRQHandler
                0x0000000008003c04                EXTI3_IRQHandler
                0x0000000008003c04                TIM8_TRG_COM_TIM14_IRQHandler
                0x0000000008003c04                TIM1_UP_TIM10_IRQHandler
                0x0000000008003c04                TIM8_UP_TIM13_IRQHandler
                0x0000000008003c04                I2C3_ER_IRQHandler
                0x0000000008003c04                EXTI0_IRQHandler
                0x0000000008003c04                I2C2_EV_IRQHandler
                0x0000000008003c04                DMA1_Stream2_IRQHandler
                0x0000000008003c04                CAN1_RX0_IRQHandler
                0x0000000008003c04                OTG_HS_WKUP_IRQHandler
                0x0000000008003c04                CAN2_SCE_IRQHandler
                0x0000000008003c04                DMA2_Stream2_IRQHandler
                0x0000000008003c04                SPI1_IRQHandler
                0x0000000008003c04                TIM1_BRK_TIM9_IRQHandler
                0x0000000008003c04                CAN2_RX0_IRQHandler
                0x0000000008003c04                DMA2_Stream3_IRQHandler
                0x0000000008003c04                USART6_IRQHandler
                0x0000000008003c04                USART3_IRQHandler
                0x0000000008003c04                CRYP_IRQHandler
                0x0000000008003c04                CAN1_RX1_IRQHandler
                0x0000000008003c04                UART5_IRQHandler
                0x0000000008003c04                DMA2_Stream0_IRQHandler
                0x0000000008003c04                TIM4_IRQHandler
                0x0000000008003c04                I2C1_EV_IRQHandler
                0x0000000008003c04                DMA1_Stream6_IRQHandler
                0x0000000008003c04                DMA1_Stream1_IRQHandler
                0x0000000008003c04                UART4_IRQHandler
                0x0000000008003c04                TIM3_IRQHandler
                0x0000000008003c04                RCC_IRQHandler
                0x0000000008003c04                TIM8_BRK_TIM12_IRQHandler
                0x0000000008003c04                Default_Handler
                0x0000000008003c04                EXTI15_10_IRQHandler
                0x0000000008003c04                ADC_IRQHandler
                0x0000000008003c04                DMA1_Stream7_IRQHandler
                0x0000000008003c04                TIM7_IRQHandler
                0x0000000008003c04                CAN2_TX_IRQHandler
                0x0000000008003c04                TIM5_IRQHandler
                0x0000000008003c04                DMA2_Stream7_IRQHandler
                0x0000000008003c04                I2C3_EV_IRQHandler
                0x0000000008003c04                RTC_WKUP_IRQHandler
                0x0000000008003c04                SPI2_IRQHandler
                0x0000000008003c04                OTG_HS_EP1_IN_IRQHandler
                0x0000000008003c04                DMA1_Stream0_IRQHandler
                0x0000000008003c04                CAN1_TX_IRQHandler
                0x0000000008003c04                EXTI4_IRQHandler
                0x0000000008003c04                FSMC_IRQHandler
                0x0000000008003c04                OTG_HS_EP1_OUT_IRQHandler
                0x0000000008003c04                WWDG_IRQHandler
                0x0000000008003c04                TIM2_IRQHandler
                0x0000000008003c04                OTG_FS_WKUP_IRQHandler
                0x0000000008003c04                TIM1_TRG_COM_TIM11_IRQHandler
                0x0000000008003c04                OTG_HS_IRQHandler
                0x0000000008003c04                EXTI1_IRQHandler
                0x0000000008003c04                USART2_IRQHandler
                0x0000000008003c04                I2C2_ER_IRQHandler
                0x0000000008003c04                DMA2_Stream1_IRQHandler
                0x0000000008003c04                CAN1_SCE_IRQHandler
                0x0000000008003c04                FLASH_IRQHandler
                0x0000000008003c04                DMA2_Stream4_IRQHandler
                0x0000000008003c04                USART1_IRQHandler
                0x0000000008003c04                SPI3_IRQHandler
                0x0000000008003c04                DMA1_Stream4_IRQHandler
                0x0000000008003c04                I2C1_ER_IRQHandler
                0x0000000008003c04                DMA2_Stream6_IRQHandler
                0x0000000008003c04                DMA1_Stream3_IRQHandler
 *fill*         0x0000000008003c06        0x2 
 .text.HAL_Init
                0x0000000008003c08       0x44 Drivers/STM32F2xx_HAL_Driver/Src/stm32f2xx_hal.o
                0x0000000008003c08                HAL_Init
 .text.HAL_InitTick
                0x0000000008003c4c       0x60 Drivers/STM32F2xx_HAL_Driver/Src/stm32f2xx_hal.o
                0x0000000008003c4c                HAL_InitTick
 .text.HAL_IncTick
                0x0000000008003cac       0x24 Drivers/STM32F2xx_HAL_Driver/Src/stm32f2xx_hal.o
                0x0000000008003cac                HAL_IncTick
 .text.HAL_GetTick
                0x0000000008003cd0       0x14 Drivers/STM32F2xx_HAL_Driver/Src/stm32f2xx_hal.o
                0x0000000008003cd0                HAL_GetTick
 .text.HAL_Delay
                0x0000000008003ce4       0x44 Drivers/STM32F2xx_HAL_Driver/Src/stm32f2xx_hal.o
                0x0000000008003ce4                HAL_Delay
 .text.__NVIC_SetPriorityGrouping
                0x0000000008003d28       0x48 Drivers/STM32F2xx_HAL_Driver/Src/stm32f2xx_hal_cortex.o
 .text.__NVIC_GetPriorityGrouping
                0x0000000008003d70       0x1c Drivers/STM32F2xx_HAL_Driver/Src/stm32f2xx_hal_cortex.o
 .text.__NVIC_EnableIRQ
                0x0000000008003d8c       0x38 Drivers/STM32F2xx_HAL_Driver/Src/stm32f2xx_hal_cortex.o
 .text.__NVIC_SetPriority
                0x0000000008003dc4       0x54 Drivers/STM32F2xx_HAL_Driver/Src/stm32f2xx_hal_cortex.o
 .text.NVIC_EncodePriority
                0x0000000008003e18       0x64 Drivers/STM32F2xx_HAL_Driver/Src/stm32f2xx_hal_cortex.o
 .text.SysTick_Config
                0x0000000008003e7c       0x44 Drivers/STM32F2xx_HAL_Driver/Src/stm32f2xx_hal_cortex.o
 .text.HAL_NVIC_SetPriorityGrouping
                0x0000000008003ec0       0x16 Drivers/STM32F2xx_HAL_Driver/Src/stm32f2xx_hal_cortex.o
                0x0000000008003ec0                HAL_NVIC_SetPriorityGrouping
 .text.HAL_NVIC_SetPriority
                0x0000000008003ed6       0x38 Drivers/STM32F2xx_HAL_Driver/Src/stm32f2xx_hal_cortex.o
                0x0000000008003ed6                HAL_NVIC_SetPriority
 .text.HAL_NVIC_EnableIRQ
                0x0000000008003f0e       0x1c Drivers/STM32F2xx_HAL_Driver/Src/stm32f2xx_hal_cortex.o
                0x0000000008003f0e                HAL_NVIC_EnableIRQ
 .text.HAL_SYSTICK_Config
                0x0000000008003f2a       0x18 Drivers/STM32F2xx_HAL_Driver/Src/stm32f2xx_hal_cortex.o
                0x0000000008003f2a                HAL_SYSTICK_Config
 .text.HAL_CRC_Init
                0x0000000008003f42       0x38 Drivers/STM32F2xx_HAL_Driver/Src/stm32f2xx_hal_crc.o
                0x0000000008003f42                HAL_CRC_Init
 .text.HAL_CRYP_Init
                0x0000000008003f7a       0x6c Drivers/STM32F2xx_HAL_Driver/Src/stm32f2xx_hal_cryp.o
                0x0000000008003f7a                HAL_CRYP_Init
 *fill*         0x0000000008003fe6        0x2 
 .text.HAL_GPIO_Init
                0x0000000008003fe8      0x33c Drivers/STM32F2xx_HAL_Driver/Src/stm32f2xx_hal_gpio.o
                0x0000000008003fe8                HAL_GPIO_Init
 .text.HAL_GPIO_EXTI_IRQHandler
                0x0000000008004324       0x30 Drivers/STM32F2xx_HAL_Driver/Src/stm32f2xx_hal_gpio.o
                0x0000000008004324                HAL_GPIO_EXTI_IRQHandler
 .text.HAL_HASH_Init
                0x0000000008004354       0x94 Drivers/STM32F2xx_HAL_Driver/Src/stm32f2xx_hal_hash.o
                0x0000000008004354                HAL_HASH_Init
 .text.HASH_WriteData
                0x00000000080043e8       0xe0 Drivers/STM32F2xx_HAL_Driver/Src/stm32f2xx_hal_hash.o
 .text.HASH_GetDigest
                0x00000000080044c8       0xd8 Drivers/STM32F2xx_HAL_Driver/Src/stm32f2xx_hal_hash.o
 .text.HASH_WaitOnFlagUntilTimeout
                0x00000000080045a0      0x10c Drivers/STM32F2xx_HAL_Driver/Src/stm32f2xx_hal_hash.o
 .text.HASH_Start
                0x00000000080046ac      0x19c Drivers/STM32F2xx_HAL_Driver/Src/stm32f2xx_hal_hash.o
                0x00000000080046ac                HASH_Start
 .text.HASH_Accumulate
                0x0000000008004848      0x100 Drivers/STM32F2xx_HAL_Driver/Src/stm32f2xx_hal_hash.o
                0x0000000008004848                HASH_Accumulate
 .text.HASH_Finish
                0x0000000008004948       0x94 Drivers/STM32F2xx_HAL_Driver/Src/stm32f2xx_hal_hash.o
                0x0000000008004948                HASH_Finish
 .text.HAL_I2C_Init
                0x00000000080049dc      0x270 Drivers/STM32F2xx_HAL_Driver/Src/stm32f2xx_hal_i2c.o
                0x00000000080049dc                HAL_I2C_Init
 .text.HAL_I2C_Mem_Write
                0x0000000008004c4c      0x1f4 Drivers/STM32F2xx_HAL_Driver/Src/stm32f2xx_hal_i2c.o
                0x0000000008004c4c                HAL_I2C_Mem_Write
 .text.HAL_I2C_Mem_Read
                0x0000000008004e40      0x44c Drivers/STM32F2xx_HAL_Driver/Src/stm32f2xx_hal_i2c.o
                0x0000000008004e40                HAL_I2C_Mem_Read
 .text.HAL_I2C_IsDeviceReady
                0x000000000800528c      0x25c Drivers/STM32F2xx_HAL_Driver/Src/stm32f2xx_hal_i2c.o
                0x000000000800528c                HAL_I2C_IsDeviceReady
 .text.I2C_RequestMemoryWrite
                0x00000000080054e8      0x128 Drivers/STM32F2xx_HAL_Driver/Src/stm32f2xx_hal_i2c.o
 .text.I2C_RequestMemoryRead
                0x0000000008005610      0x1cc Drivers/STM32F2xx_HAL_Driver/Src/stm32f2xx_hal_i2c.o
 .text.I2C_WaitOnFlagUntilTimeout
                0x00000000080057dc       0xae Drivers/STM32F2xx_HAL_Driver/Src/stm32f2xx_hal_i2c.o
 .text.I2C_WaitOnMasterAddressFlagUntilTimeout
                0x000000000800588a       0xfe Drivers/STM32F2xx_HAL_Driver/Src/stm32f2xx_hal_i2c.o
 .text.I2C_WaitOnTXEFlagUntilTimeout
                0x0000000008005988       0x82 Drivers/STM32F2xx_HAL_Driver/Src/stm32f2xx_hal_i2c.o
 .text.I2C_WaitOnBTFFlagUntilTimeout
                0x0000000008005a0a       0x82 Drivers/STM32F2xx_HAL_Driver/Src/stm32f2xx_hal_i2c.o
 .text.I2C_WaitOnRXNEFlagUntilTimeout
                0x0000000008005a8c       0xac Drivers/STM32F2xx_HAL_Driver/Src/stm32f2xx_hal_i2c.o
 .text.I2C_IsAcknowledgeFailed
                0x0000000008005b38       0x5c Drivers/STM32F2xx_HAL_Driver/Src/stm32f2xx_hal_i2c.o
 .text.HAL_PCD_Init
                0x0000000008005b94      0x23a Drivers/STM32F2xx_HAL_Driver/Src/stm32f2xx_hal_pcd.o
                0x0000000008005b94                HAL_PCD_Init
 .text.HAL_PCD_Start
                0x0000000008005dce       0x44 Drivers/STM32F2xx_HAL_Driver/Src/stm32f2xx_hal_pcd.o
                0x0000000008005dce                HAL_PCD_Start
 .text.HAL_PCD_IRQHandler
                0x0000000008005e12      0x72a Drivers/STM32F2xx_HAL_Driver/Src/stm32f2xx_hal_pcd.o
                0x0000000008005e12                HAL_PCD_IRQHandler
 .text.HAL_PCD_SetAddress
                0x000000000800653c       0x4a Drivers/STM32F2xx_HAL_Driver/Src/stm32f2xx_hal_pcd.o
                0x000000000800653c                HAL_PCD_SetAddress
 .text.HAL_PCD_EP_Open
                0x0000000008006586       0xd0 Drivers/STM32F2xx_HAL_Driver/Src/stm32f2xx_hal_pcd.o
                0x0000000008006586                HAL_PCD_EP_Open
 .text.HAL_PCD_EP_Close
                0x0000000008006656       0x94 Drivers/STM32F2xx_HAL_Driver/Src/stm32f2xx_hal_pcd.o
                0x0000000008006656                HAL_PCD_EP_Close
 .text.HAL_PCD_EP_Receive
                0x00000000080066ea       0x96 Drivers/STM32F2xx_HAL_Driver/Src/stm32f2xx_hal_pcd.o
                0x00000000080066ea                HAL_PCD_EP_Receive
 .text.HAL_PCD_EP_GetRxCount
                0x0000000008006780       0x2e Drivers/STM32F2xx_HAL_Driver/Src/stm32f2xx_hal_pcd.o
                0x0000000008006780                HAL_PCD_EP_GetRxCount
 .text.HAL_PCD_EP_Transmit
                0x00000000080067ae       0x94 Drivers/STM32F2xx_HAL_Driver/Src/stm32f2xx_hal_pcd.o
                0x00000000080067ae                HAL_PCD_EP_Transmit
 .text.HAL_PCD_EP_SetStall
                0x0000000008006842       0xc8 Drivers/STM32F2xx_HAL_Driver/Src/stm32f2xx_hal_pcd.o
                0x0000000008006842                HAL_PCD_EP_SetStall
 .text.HAL_PCD_EP_ClrStall
                0x000000000800690a       0xac Drivers/STM32F2xx_HAL_Driver/Src/stm32f2xx_hal_pcd.o
                0x000000000800690a                HAL_PCD_EP_ClrStall
 .text.PCD_WriteEmptyTxFifo
                0x00000000080069b6      0x11a Drivers/STM32F2xx_HAL_Driver/Src/stm32f2xx_hal_pcd.o
 .text.PCD_EP_OutXfrComplete_int
                0x0000000008006ad0      0x210 Drivers/STM32F2xx_HAL_Driver/Src/stm32f2xx_hal_pcd.o
 .text.PCD_EP_OutSetupPacket_int
                0x0000000008006ce0       0xc0 Drivers/STM32F2xx_HAL_Driver/Src/stm32f2xx_hal_pcd.o
 .text.HAL_PCDEx_SetTxFiFo
                0x0000000008006da0       0x8c Drivers/STM32F2xx_HAL_Driver/Src/stm32f2xx_hal_pcd_ex.o
                0x0000000008006da0                HAL_PCDEx_SetTxFiFo
 .text.HAL_PCDEx_SetRxFiFo
                0x0000000008006e2c       0x20 Drivers/STM32F2xx_HAL_Driver/Src/stm32f2xx_hal_pcd_ex.o
                0x0000000008006e2c                HAL_PCDEx_SetRxFiFo
 .text.HAL_RCC_OscConfig
                0x0000000008006e4c      0x4d4 Drivers/STM32F2xx_HAL_Driver/Src/stm32f2xx_hal_rcc.o
                0x0000000008006e4c                HAL_RCC_OscConfig
 .text.HAL_RCC_ClockConfig
                0x0000000008007320      0x1d8 Drivers/STM32F2xx_HAL_Driver/Src/stm32f2xx_hal_rcc.o
                0x0000000008007320                HAL_RCC_ClockConfig
 .text.HAL_RCC_GetSysClockFreq
                0x00000000080074f8      0x164 Drivers/STM32F2xx_HAL_Driver/Src/stm32f2xx_hal_rcc.o
                0x00000000080074f8                HAL_RCC_GetSysClockFreq
 .text.HAL_RCC_GetHCLKFreq
                0x000000000800765c       0x14 Drivers/STM32F2xx_HAL_Driver/Src/stm32f2xx_hal_rcc.o
                0x000000000800765c                HAL_RCC_GetHCLKFreq
 .text.HAL_RCC_GetPCLK1Freq
                0x0000000008007670       0x44 Drivers/STM32F2xx_HAL_Driver/Src/stm32f2xx_hal_rcc.o
                0x0000000008007670                HAL_RCC_GetPCLK1Freq
 .text.HAL_RNG_Init
                0x00000000080076b4       0x54 Drivers/STM32F2xx_HAL_Driver/Src/stm32f2xx_hal_rng.o
                0x00000000080076b4                HAL_RNG_Init
 .text.HAL_RNG_GenerateRandomNumber
                0x0000000008007708       0x9e Drivers/STM32F2xx_HAL_Driver/Src/stm32f2xx_hal_rng.o
                0x0000000008007708                HAL_RNG_GenerateRandomNumber
 .text.HAL_RNG_GetRandomNumber
                0x00000000080077a6       0x2a Drivers/STM32F2xx_HAL_Driver/Src/stm32f2xx_hal_rng.o
                0x00000000080077a6                HAL_RNG_GetRandomNumber
 .text.HAL_TIM_Base_Init
                0x00000000080077d0       0x56 Drivers/STM32F2xx_HAL_Driver/Src/stm32f2xx_hal_tim.o
                0x00000000080077d0                HAL_TIM_Base_Init
 .text.HAL_TIM_Base_Start
                0x0000000008007826       0x46 Drivers/STM32F2xx_HAL_Driver/Src/stm32f2xx_hal_tim.o
                0x0000000008007826                HAL_TIM_Base_Start
 .text.HAL_TIM_Base_Stop
                0x000000000800786c       0x54 Drivers/STM32F2xx_HAL_Driver/Src/stm32f2xx_hal_tim.o
                0x000000000800786c                HAL_TIM_Base_Stop
 .text.HAL_TIM_Base_Start_IT
                0x00000000080078c0       0x46 Drivers/STM32F2xx_HAL_Driver/Src/stm32f2xx_hal_tim.o
                0x00000000080078c0                HAL_TIM_Base_Start_IT
 .text.HAL_TIM_IRQHandler
                0x0000000008007906      0x210 Drivers/STM32F2xx_HAL_Driver/Src/stm32f2xx_hal_tim.o
                0x0000000008007906                HAL_TIM_IRQHandler
 .text.HAL_TIM_PeriodElapsedCallback
                0x0000000008007b16       0x12 Drivers/STM32F2xx_HAL_Driver/Src/stm32f2xx_hal_tim.o
                0x0000000008007b16                HAL_TIM_PeriodElapsedCallback
 .text.HAL_TIM_OC_DelayElapsedCallback
                0x0000000008007b28       0x12 Drivers/STM32F2xx_HAL_Driver/Src/stm32f2xx_hal_tim.o
                0x0000000008007b28                HAL_TIM_OC_DelayElapsedCallback
 .text.HAL_TIM_IC_CaptureCallback
                0x0000000008007b3a       0x12 Drivers/STM32F2xx_HAL_Driver/Src/stm32f2xx_hal_tim.o
                0x0000000008007b3a                HAL_TIM_IC_CaptureCallback
 .text.HAL_TIM_PWM_PulseFinishedCallback
                0x0000000008007b4c       0x12 Drivers/STM32F2xx_HAL_Driver/Src/stm32f2xx_hal_tim.o
                0x0000000008007b4c                HAL_TIM_PWM_PulseFinishedCallback
 .text.HAL_TIM_TriggerCallback
                0x0000000008007b5e       0x12 Drivers/STM32F2xx_HAL_Driver/Src/stm32f2xx_hal_tim.o
                0x0000000008007b5e                HAL_TIM_TriggerCallback
 .text.TIM_Base_SetConfig
                0x0000000008007b70      0x13c Drivers/STM32F2xx_HAL_Driver/Src/stm32f2xx_hal_tim.o
                0x0000000008007b70                TIM_Base_SetConfig
 .text.HAL_TIMEx_MasterConfigSynchronization
                0x0000000008007cac       0x88 Drivers/STM32F2xx_HAL_Driver/Src/stm32f2xx_hal_tim_ex.o
                0x0000000008007cac                HAL_TIMEx_MasterConfigSynchronization
 .text.HAL_TIMEx_CommutCallback
                0x0000000008007d34       0x12 Drivers/STM32F2xx_HAL_Driver/Src/stm32f2xx_hal_tim_ex.o
                0x0000000008007d34                HAL_TIMEx_CommutCallback
 .text.HAL_TIMEx_BreakCallback
                0x0000000008007d46       0x12 Drivers/STM32F2xx_HAL_Driver/Src/stm32f2xx_hal_tim_ex.o
                0x0000000008007d46                HAL_TIMEx_BreakCallback
 .text.USB_CoreInit
                0x0000000008007d58       0xae Drivers/STM32F2xx_HAL_Driver/Src/stm32f2xx_ll_usb.o
                0x0000000008007d58                USB_CoreInit
 *fill*         0x0000000008007e06        0x2 
 .text.USB_SetTurnaroundTime
                0x0000000008007e08      0x144 Drivers/STM32F2xx_HAL_Driver/Src/stm32f2xx_ll_usb.o
                0x0000000008007e08                USB_SetTurnaroundTime
 .text.USB_EnableGlobalInt
                0x0000000008007f4c       0x20 Drivers/STM32F2xx_HAL_Driver/Src/stm32f2xx_ll_usb.o
                0x0000000008007f4c                USB_EnableGlobalInt
 .text.USB_DisableGlobalInt
                0x0000000008007f6c       0x20 Drivers/STM32F2xx_HAL_Driver/Src/stm32f2xx_ll_usb.o
                0x0000000008007f6c                USB_DisableGlobalInt
 .text.USB_SetCurrentMode
                0x0000000008007f8c       0x54 Drivers/STM32F2xx_HAL_Driver/Src/stm32f2xx_ll_usb.o
                0x0000000008007f8c                USB_SetCurrentMode
 .text.USB_DevInit
                0x0000000008007fe0      0x2e4 Drivers/STM32F2xx_HAL_Driver/Src/stm32f2xx_ll_usb.o
                0x0000000008007fe0                USB_DevInit
 .text.USB_FlushTxFifo
                0x00000000080082c4       0x48 Drivers/STM32F2xx_HAL_Driver/Src/stm32f2xx_ll_usb.o
                0x00000000080082c4                USB_FlushTxFifo
 .text.USB_FlushRxFifo
                0x000000000800830c       0x40 Drivers/STM32F2xx_HAL_Driver/Src/stm32f2xx_ll_usb.o
                0x000000000800830c                USB_FlushRxFifo
 .text.USB_SetDevSpeed
                0x000000000800834c       0x30 Drivers/STM32F2xx_HAL_Driver/Src/stm32f2xx_ll_usb.o
                0x000000000800834c                USB_SetDevSpeed
 .text.USB_GetDevSpeed
                0x000000000800837c       0x48 Drivers/STM32F2xx_HAL_Driver/Src/stm32f2xx_ll_usb.o
                0x000000000800837c                USB_GetDevSpeed
 .text.USB_ActivateEndpoint
                0x00000000080083c4      0x10c Drivers/STM32F2xx_HAL_Driver/Src/stm32f2xx_ll_usb.o
                0x00000000080083c4                USB_ActivateEndpoint
 .text.USB_DeactivateEndpoint
                0x00000000080084d0      0x108 Drivers/STM32F2xx_HAL_Driver/Src/stm32f2xx_ll_usb.o
                0x00000000080084d0                USB_DeactivateEndpoint
 .text.USB_EPStartXfer
                0x00000000080085d8      0x488 Drivers/STM32F2xx_HAL_Driver/Src/stm32f2xx_ll_usb.o
                0x00000000080085d8                USB_EPStartXfer
 .text.USB_EP0StartXfer
                0x0000000008008a60      0x2a4 Drivers/STM32F2xx_HAL_Driver/Src/stm32f2xx_ll_usb.o
                0x0000000008008a60                USB_EP0StartXfer
 .text.USB_WritePacket
                0x0000000008008d04       0x68 Drivers/STM32F2xx_HAL_Driver/Src/stm32f2xx_ll_usb.o
                0x0000000008008d04                USB_WritePacket
 .text.USB_ReadPacket
                0x0000000008008d6c       0x50 Drivers/STM32F2xx_HAL_Driver/Src/stm32f2xx_ll_usb.o
                0x0000000008008d6c                USB_ReadPacket
 .text.USB_EPSetStall
                0x0000000008008dbc       0xda Drivers/STM32F2xx_HAL_Driver/Src/stm32f2xx_ll_usb.o
                0x0000000008008dbc                USB_EPSetStall
 .text.USB_EPClearStall
                0x0000000008008e96       0xca Drivers/STM32F2xx_HAL_Driver/Src/stm32f2xx_ll_usb.o
                0x0000000008008e96                USB_EPClearStall
 .text.USB_SetDevAddress
                0x0000000008008f60       0x4a Drivers/STM32F2xx_HAL_Driver/Src/stm32f2xx_ll_usb.o
                0x0000000008008f60                USB_SetDevAddress
 .text.USB_DevConnect
                0x0000000008008faa       0x30 Drivers/STM32F2xx_HAL_Driver/Src/stm32f2xx_ll_usb.o
                0x0000000008008faa                USB_DevConnect
 .text.USB_DevDisconnect
                0x0000000008008fda       0x30 Drivers/STM32F2xx_HAL_Driver/Src/stm32f2xx_ll_usb.o
                0x0000000008008fda                USB_DevDisconnect
 .text.USB_ReadInterrupts
                0x000000000800900a       0x24 Drivers/STM32F2xx_HAL_Driver/Src/stm32f2xx_ll_usb.o
                0x000000000800900a                USB_ReadInterrupts
 .text.USB_ReadDevAllOutEpInterrupt
                0x000000000800902e       0x32 Drivers/STM32F2xx_HAL_Driver/Src/stm32f2xx_ll_usb.o
                0x000000000800902e                USB_ReadDevAllOutEpInterrupt
 .text.USB_ReadDevAllInEpInterrupt
                0x0000000008009060       0x32 Drivers/STM32F2xx_HAL_Driver/Src/stm32f2xx_ll_usb.o
                0x0000000008009060                USB_ReadDevAllInEpInterrupt
 .text.USB_ReadDevOutEPInterrupt
                0x0000000008009092       0x3a Drivers/STM32F2xx_HAL_Driver/Src/stm32f2xx_ll_usb.o
                0x0000000008009092                USB_ReadDevOutEPInterrupt
 .text.USB_ReadDevInEPInterrupt
                0x00000000080090cc       0x5a Drivers/STM32F2xx_HAL_Driver/Src/stm32f2xx_ll_usb.o
                0x00000000080090cc                USB_ReadDevInEPInterrupt
 .text.USB_GetMode
                0x0000000008009126       0x1a Drivers/STM32F2xx_HAL_Driver/Src/stm32f2xx_ll_usb.o
                0x0000000008009126                USB_GetMode
 .text.USB_ActivateSetup
                0x0000000008009140       0x68 Drivers/STM32F2xx_HAL_Driver/Src/stm32f2xx_ll_usb.o
                0x0000000008009140                USB_ActivateSetup
 .text.USB_EP0_OutStart
                0x00000000080091a8       0xb8 Drivers/STM32F2xx_HAL_Driver/Src/stm32f2xx_ll_usb.o
                0x00000000080091a8                USB_EP0_OutStart
 .text.USB_CoreReset
                0x0000000008009260       0x64 Drivers/STM32F2xx_HAL_Driver/Src/stm32f2xx_ll_usb.o
 .text.USBD_CDC_Init
                0x00000000080092c4       0xf6 Middlewares/ST/STM32_USB_Device_Library/Class/CDC/Src/usbd_cdc.o
 .text.USBD_CDC_DeInit
                0x00000000080093ba       0x6e Middlewares/ST/STM32_USB_Device_Library/Class/CDC/Src/usbd_cdc.o
 .text.USBD_CDC_Setup
                0x0000000008009428      0x140 Middlewares/ST/STM32_USB_Device_Library/Class/CDC/Src/usbd_cdc.o
 .text.USBD_CDC_DataIn
                0x0000000008009568       0xa6 Middlewares/ST/STM32_USB_Device_Library/Class/CDC/Src/usbd_cdc.o
 .text.USBD_CDC_DataOut
                0x000000000800960e       0x56 Middlewares/ST/STM32_USB_Device_Library/Class/CDC/Src/usbd_cdc.o
 .text.USBD_CDC_EP0_RxReady
                0x0000000008009664       0x50 Middlewares/ST/STM32_USB_Device_Library/Class/CDC/Src/usbd_cdc.o
 .text.USBD_CDC_GetFSCfgDesc
                0x00000000080096b4       0x20 Middlewares/ST/STM32_USB_Device_Library/Class/CDC/Src/usbd_cdc.o
 .text.USBD_CDC_GetHSCfgDesc
                0x00000000080096d4       0x20 Middlewares/ST/STM32_USB_Device_Library/Class/CDC/Src/usbd_cdc.o
 .text.USBD_CDC_GetOtherSpeedCfgDesc
                0x00000000080096f4       0x20 Middlewares/ST/STM32_USB_Device_Library/Class/CDC/Src/usbd_cdc.o
 .text.USBD_CDC_GetDeviceQualifierDescriptor
                0x0000000008009714       0x20 Middlewares/ST/STM32_USB_Device_Library/Class/CDC/Src/usbd_cdc.o
                0x0000000008009714                USBD_CDC_GetDeviceQualifierDescriptor
 .text.USBD_CDC_RegisterInterface
                0x0000000008009734       0x2c Middlewares/ST/STM32_USB_Device_Library/Class/CDC/Src/usbd_cdc.o
                0x0000000008009734                USBD_CDC_RegisterInterface
 .text.USBD_CDC_SetTxBuffer
                0x0000000008009760       0x32 Middlewares/ST/STM32_USB_Device_Library/Class/CDC/Src/usbd_cdc.o
                0x0000000008009760                USBD_CDC_SetTxBuffer
 .text.USBD_CDC_SetRxBuffer
                0x0000000008009792       0x26 Middlewares/ST/STM32_USB_Device_Library/Class/CDC/Src/usbd_cdc.o
                0x0000000008009792                USBD_CDC_SetRxBuffer
 .text.USBD_CDC_TransmitPacket
                0x00000000080097b8       0x5e Middlewares/ST/STM32_USB_Device_Library/Class/CDC/Src/usbd_cdc.o
                0x00000000080097b8                USBD_CDC_TransmitPacket
 .text.USBD_CDC_ReceivePacket
                0x0000000008009816       0x54 Middlewares/ST/STM32_USB_Device_Library/Class/CDC/Src/usbd_cdc.o
                0x0000000008009816                USBD_CDC_ReceivePacket
 .text.USBD_Init
                0x000000000800986a       0x56 Middlewares/ST/STM32_USB_Device_Library/Core/Src/usbd_core.o
                0x000000000800986a                USBD_Init
 .text.USBD_RegisterClass
                0x00000000080098c0       0x32 Middlewares/ST/STM32_USB_Device_Library/Core/Src/usbd_core.o
                0x00000000080098c0                USBD_RegisterClass
 .text.USBD_Start
                0x00000000080098f2       0x18 Middlewares/ST/STM32_USB_Device_Library/Core/Src/usbd_core.o
                0x00000000080098f2                USBD_Start
 .text.USBD_RunTestMode
                0x000000000800990a       0x14 Middlewares/ST/STM32_USB_Device_Library/Core/Src/usbd_core.o
                0x000000000800990a                USBD_RunTestMode
 .text.USBD_SetClassConfig
                0x000000000800991e       0x3e Middlewares/ST/STM32_USB_Device_Library/Core/Src/usbd_core.o
                0x000000000800991e                USBD_SetClassConfig
 .text.USBD_ClrClassConfig
                0x000000000800995c       0x26 Middlewares/ST/STM32_USB_Device_Library/Core/Src/usbd_core.o
                0x000000000800995c                USBD_ClrClassConfig
 .text.USBD_LL_SetupStage
                0x0000000008009982       0x96 Middlewares/ST/STM32_USB_Device_Library/Core/Src/usbd_core.o
                0x0000000008009982                USBD_LL_SetupStage
 .text.USBD_LL_DataOutStage
                0x0000000008009a18       0xe2 Middlewares/ST/STM32_USB_Device_Library/Core/Src/usbd_core.o
                0x0000000008009a18                USBD_LL_DataOutStage
 .text.USBD_LL_DataInStage
                0x0000000008009afa      0x14a Middlewares/ST/STM32_USB_Device_Library/Core/Src/usbd_core.o
                0x0000000008009afa                USBD_LL_DataInStage
 .text.USBD_LL_Reset
                0x0000000008009c44       0x82 Middlewares/ST/STM32_USB_Device_Library/Core/Src/usbd_core.o
                0x0000000008009c44                USBD_LL_Reset
 .text.USBD_LL_SetSpeed
                0x0000000008009cc6       0x1e Middlewares/ST/STM32_USB_Device_Library/Core/Src/usbd_core.o
                0x0000000008009cc6                USBD_LL_SetSpeed
 .text.USBD_LL_Suspend
                0x0000000008009ce4       0x28 Middlewares/ST/STM32_USB_Device_Library/Core/Src/usbd_core.o
                0x0000000008009ce4                USBD_LL_Suspend
 .text.USBD_LL_Resume
                0x0000000008009d0c       0x2a Middlewares/ST/STM32_USB_Device_Library/Core/Src/usbd_core.o
                0x0000000008009d0c                USBD_LL_Resume
 .text.USBD_LL_SOF
                0x0000000008009d36       0x34 Middlewares/ST/STM32_USB_Device_Library/Core/Src/usbd_core.o
                0x0000000008009d36                USBD_LL_SOF
 .text.USBD_LL_IsoINIncomplete
                0x0000000008009d6a       0x18 Middlewares/ST/STM32_USB_Device_Library/Core/Src/usbd_core.o
                0x0000000008009d6a                USBD_LL_IsoINIncomplete
 .text.USBD_LL_IsoOUTIncomplete
                0x0000000008009d82       0x18 Middlewares/ST/STM32_USB_Device_Library/Core/Src/usbd_core.o
                0x0000000008009d82                USBD_LL_IsoOUTIncomplete
 .text.USBD_LL_DevConnected
                0x0000000008009d9a       0x14 Middlewares/ST/STM32_USB_Device_Library/Core/Src/usbd_core.o
                0x0000000008009d9a                USBD_LL_DevConnected
 .text.USBD_LL_DevDisconnected
                0x0000000008009dae       0x2e Middlewares/ST/STM32_USB_Device_Library/Core/Src/usbd_core.o
                0x0000000008009dae                USBD_LL_DevDisconnected
 .text.USBD_StdDevReq
                0x0000000008009ddc       0xd4 Middlewares/ST/STM32_USB_Device_Library/Core/Src/usbd_ctlreq.o
                0x0000000008009ddc                USBD_StdDevReq
 .text.USBD_StdItfReq
                0x0000000008009eb0       0x8c Middlewares/ST/STM32_USB_Device_Library/Core/Src/usbd_ctlreq.o
                0x0000000008009eb0                USBD_StdItfReq
 .text.USBD_StdEPReq
                0x0000000008009f3c      0x2ba Middlewares/ST/STM32_USB_Device_Library/Core/Src/usbd_ctlreq.o
                0x0000000008009f3c                USBD_StdEPReq
 *fill*         0x000000000800a1f6        0x2 
 .text.USBD_GetDescriptor
                0x000000000800a1f8      0x2d0 Middlewares/ST/STM32_USB_Device_Library/Core/Src/usbd_ctlreq.o
 .text.USBD_SetAddress
                0x000000000800a4c8       0x84 Middlewares/ST/STM32_USB_Device_Library/Core/Src/usbd_ctlreq.o
 .text.USBD_SetConfig
                0x000000000800a54c      0x11c Middlewares/ST/STM32_USB_Device_Library/Core/Src/usbd_ctlreq.o
 .text.USBD_GetConfig
                0x000000000800a668       0x68 Middlewares/ST/STM32_USB_Device_Library/Core/Src/usbd_ctlreq.o
 .text.USBD_GetStatus
                0x000000000800a6d0       0x66 Middlewares/ST/STM32_USB_Device_Library/Core/Src/usbd_ctlreq.o
 .text.USBD_SetFeature
                0x000000000800a736       0x28 Middlewares/ST/STM32_USB_Device_Library/Core/Src/usbd_ctlreq.o
 .text.USBD_ClrFeature
                0x000000000800a75e       0x42 Middlewares/ST/STM32_USB_Device_Library/Core/Src/usbd_ctlreq.o
 .text.USBD_ParseSetupRequest
                0x000000000800a7a0       0x78 Middlewares/ST/STM32_USB_Device_Library/Core/Src/usbd_ctlreq.o
                0x000000000800a7a0                USBD_ParseSetupRequest
 .text.USBD_CtlError
                0x000000000800a818       0x22 Middlewares/ST/STM32_USB_Device_Library/Core/Src/usbd_ctlreq.o
                0x000000000800a818                USBD_CtlError
 .text.USBD_GetString
                0x000000000800a83a       0x84 Middlewares/ST/STM32_USB_Device_Library/Core/Src/usbd_ctlreq.o
                0x000000000800a83a                USBD_GetString
 .text.USBD_GetLen
                0x000000000800a8be       0x2e Middlewares/ST/STM32_USB_Device_Library/Core/Src/usbd_ctlreq.o
 .text.USBD_CtlSendData
                0x000000000800a8ec       0x38 Middlewares/ST/STM32_USB_Device_Library/Core/Src/usbd_ioreq.o
                0x000000000800a8ec                USBD_CtlSendData
 .text.USBD_CtlContinueSendData
                0x000000000800a924       0x24 Middlewares/ST/STM32_USB_Device_Library/Core/Src/usbd_ioreq.o
                0x000000000800a924                USBD_CtlContinueSendData
 .text.USBD_CtlPrepareRx
                0x000000000800a948       0x3c Middlewares/ST/STM32_USB_Device_Library/Core/Src/usbd_ioreq.o
                0x000000000800a948                USBD_CtlPrepareRx
 .text.USBD_CtlContinueRx
                0x000000000800a984       0x24 Middlewares/ST/STM32_USB_Device_Library/Core/Src/usbd_ioreq.o
                0x000000000800a984                USBD_CtlContinueRx
 .text.USBD_CtlSendStatus
                0x000000000800a9a8       0x26 Middlewares/ST/STM32_USB_Device_Library/Core/Src/usbd_ioreq.o
                0x000000000800a9a8                USBD_CtlSendStatus
 .text.USBD_CtlReceiveStatus
                0x000000000800a9ce       0x26 Middlewares/ST/STM32_USB_Device_Library/Core/Src/usbd_ioreq.o
                0x000000000800a9ce                USBD_CtlReceiveStatus
 .text.MX_USB_DEVICE_Init
                0x000000000800a9f4       0x60 USB_DEVICE/App/usb_device.o
                0x000000000800a9f4                MX_USB_DEVICE_Init
 .text.CDC_Init_FS
                0x000000000800aa54       0x28 USB_DEVICE/App/usbd_cdc_if.o
 .text.CDC_DeInit_FS
                0x000000000800aa7c        0xe USB_DEVICE/App/usbd_cdc_if.o
 *fill*         0x000000000800aa8a        0x2 
 .text.CDC_Control_FS
                0x000000000800aa8c       0xbc USB_DEVICE/App/usbd_cdc_if.o
 .text.CDC_Receive_FS
                0x000000000800ab48       0x54 USB_DEVICE/App/usbd_cdc_if.o
 .text.CDC_Transmit_FS
                0x000000000800ab9c       0x4c USB_DEVICE/App/usbd_cdc_if.o
                0x000000000800ab9c                CDC_Transmit_FS
 .text.USBD_FS_DeviceDescriptor
                0x000000000800abe8       0x24 USB_DEVICE/App/usbd_desc.o
                0x000000000800abe8                USBD_FS_DeviceDescriptor
 .text.USBD_FS_LangIDStrDescriptor
                0x000000000800ac0c       0x24 USB_DEVICE/App/usbd_desc.o
                0x000000000800ac0c                USBD_FS_LangIDStrDescriptor
 .text.USBD_FS_ProductStrDescriptor
                0x000000000800ac30       0x3c USB_DEVICE/App/usbd_desc.o
                0x000000000800ac30                USBD_FS_ProductStrDescriptor
 .text.USBD_FS_ManufacturerStrDescriptor
                0x000000000800ac6c       0x28 USB_DEVICE/App/usbd_desc.o
                0x000000000800ac6c                USBD_FS_ManufacturerStrDescriptor
 .text.USBD_FS_SerialStrDescriptor
                0x000000000800ac94       0x24 USB_DEVICE/App/usbd_desc.o
                0x000000000800ac94                USBD_FS_SerialStrDescriptor
 .text.USBD_FS_ConfigStrDescriptor
                0x000000000800acb8       0x3c USB_DEVICE/App/usbd_desc.o
                0x000000000800acb8                USBD_FS_ConfigStrDescriptor
 .text.USBD_FS_InterfaceStrDescriptor
                0x000000000800acf4       0x3c USB_DEVICE/App/usbd_desc.o
                0x000000000800acf4                USBD_FS_InterfaceStrDescriptor
 .text.Get_SerialNum
                0x000000000800ad30       0x58 USB_DEVICE/App/usbd_desc.o
 .text.IntToUnicode
                0x000000000800ad88       0x7a USB_DEVICE/App/usbd_desc.o
 *fill*         0x000000000800ae02        0x2 
 .text.HAL_PCD_MspInit
                0x000000000800ae04       0xa8 USB_DEVICE/Target/usbd_conf.o
                0x000000000800ae04                HAL_PCD_MspInit
 .text.HAL_PCD_SetupStageCallback
                0x000000000800aeac       0x24 USB_DEVICE/Target/usbd_conf.o
                0x000000000800aeac                HAL_PCD_SetupStageCallback
 .text.HAL_PCD_DataOutStageCallback
                0x000000000800aed0       0x36 USB_DEVICE/Target/usbd_conf.o
                0x000000000800aed0                HAL_PCD_DataOutStageCallback
 .text.HAL_PCD_DataInStageCallback
                0x000000000800af06       0x34 USB_DEVICE/Target/usbd_conf.o
                0x000000000800af06                HAL_PCD_DataInStageCallback
 .text.HAL_PCD_SOFCallback
                0x000000000800af3a       0x1c USB_DEVICE/Target/usbd_conf.o
                0x000000000800af3a                HAL_PCD_SOFCallback
 .text.HAL_PCD_ResetCallback
                0x000000000800af56       0x50 USB_DEVICE/Target/usbd_conf.o
                0x000000000800af56                HAL_PCD_ResetCallback
 *fill*         0x000000000800afa6        0x2 
 .text.HAL_PCD_SuspendCallback
                0x000000000800afa8       0x4c USB_DEVICE/Target/usbd_conf.o
                0x000000000800afa8                HAL_PCD_SuspendCallback
 .text.HAL_PCD_ResumeCallback
                0x000000000800aff4       0x1c USB_DEVICE/Target/usbd_conf.o
                0x000000000800aff4                HAL_PCD_ResumeCallback
 .text.HAL_PCD_ISOOUTIncompleteCallback
                0x000000000800b010       0x24 USB_DEVICE/Target/usbd_conf.o
                0x000000000800b010                HAL_PCD_ISOOUTIncompleteCallback
 .text.HAL_PCD_ISOINIncompleteCallback
                0x000000000800b034       0x24 USB_DEVICE/Target/usbd_conf.o
                0x000000000800b034                HAL_PCD_ISOINIncompleteCallback
 .text.HAL_PCD_ConnectCallback
                0x000000000800b058       0x1c USB_DEVICE/Target/usbd_conf.o
                0x000000000800b058                HAL_PCD_ConnectCallback
 .text.HAL_PCD_DisconnectCallback
                0x000000000800b074       0x1c USB_DEVICE/Target/usbd_conf.o
                0x000000000800b074                HAL_PCD_DisconnectCallback
 .text.USBD_LL_Init
                0x000000000800b090       0x94 USB_DEVICE/Target/usbd_conf.o
                0x000000000800b090                USBD_LL_Init
 .text.USBD_LL_Start
                0x000000000800b124       0x36 USB_DEVICE/Target/usbd_conf.o
                0x000000000800b124                USBD_LL_Start
 .text.USBD_LL_OpenEP
                0x000000000800b15a       0x4c USB_DEVICE/Target/usbd_conf.o
                0x000000000800b15a                USBD_LL_OpenEP
 .text.USBD_LL_CloseEP
                0x000000000800b1a6       0x3e USB_DEVICE/Target/usbd_conf.o
                0x000000000800b1a6                USBD_LL_CloseEP
 .text.USBD_LL_StallEP
                0x000000000800b1e4       0x3e USB_DEVICE/Target/usbd_conf.o
                0x000000000800b1e4                USBD_LL_StallEP
 .text.USBD_LL_ClearStallEP
                0x000000000800b222       0x3e USB_DEVICE/Target/usbd_conf.o
                0x000000000800b222                USBD_LL_ClearStallEP
 .text.USBD_LL_IsStallEP
                0x000000000800b260       0x56 USB_DEVICE/Target/usbd_conf.o
                0x000000000800b260                USBD_LL_IsStallEP
 .text.USBD_LL_SetUSBAddress
                0x000000000800b2b6       0x3e USB_DEVICE/Target/usbd_conf.o
                0x000000000800b2b6                USBD_LL_SetUSBAddress
 .text.USBD_LL_Transmit
                0x000000000800b2f4       0x46 USB_DEVICE/Target/usbd_conf.o
                0x000000000800b2f4                USBD_LL_Transmit
 .text.USBD_LL_PrepareReceive
                0x000000000800b33a       0x46 USB_DEVICE/Target/usbd_conf.o
                0x000000000800b33a                USBD_LL_PrepareReceive
 .text.USBD_LL_GetRxDataSize
                0x000000000800b380       0x26 USB_DEVICE/Target/usbd_conf.o
                0x000000000800b380                USBD_LL_GetRxDataSize
 *fill*         0x000000000800b3a6        0x2 
 .text.USBD_Get_USB_Status
                0x000000000800b3a8       0x58 USB_DEVICE/Target/usbd_conf.o
                0x000000000800b3a8                USBD_Get_USB_Status
 .text.__errno  0x000000000800b400        0xc c:/st/stm32cubeide_1.3.0/stm32cubeide/plugins/com.st.stm32cube.ide.mcu.externaltools.gnu-tools-for-stm32.7-2018-q2-update.win32_1.0.0.201904181610/tools/bin/../lib/gcc/arm-none-eabi/7.3.1/../../../../arm-none-eabi/lib/thumb/v7-m\libc_nano.a(lib_a-errno.o)
                0x000000000800b400                __errno
 .text.__libc_init_array
                0x000000000800b40c       0x48 c:/st/stm32cubeide_1.3.0/stm32cubeide/plugins/com.st.stm32cube.ide.mcu.externaltools.gnu-tools-for-stm32.7-2018-q2-update.win32_1.0.0.201904181610/tools/bin/../lib/gcc/arm-none-eabi/7.3.1/../../../../arm-none-eabi/lib/thumb/v7-m\libc_nano.a(lib_a-init.o)
                0x000000000800b40c                __libc_init_array
 .text.malloc   0x000000000800b454       0x10 c:/st/stm32cubeide_1.3.0/stm32cubeide/plugins/com.st.stm32cube.ide.mcu.externaltools.gnu-tools-for-stm32.7-2018-q2-update.win32_1.0.0.201904181610/tools/bin/../lib/gcc/arm-none-eabi/7.3.1/../../../../arm-none-eabi/lib/thumb/v7-m\libc_nano.a(lib_a-malloc.o)
                0x000000000800b454                malloc
 .text.free     0x000000000800b464       0x10 c:/st/stm32cubeide_1.3.0/stm32cubeide/plugins/com.st.stm32cube.ide.mcu.externaltools.gnu-tools-for-stm32.7-2018-q2-update.win32_1.0.0.201904181610/tools/bin/../lib/gcc/arm-none-eabi/7.3.1/../../../../arm-none-eabi/lib/thumb/v7-m\libc_nano.a(lib_a-malloc.o)
                0x000000000800b464                free
 .text.memcpy   0x000000000800b474       0x16 c:/st/stm32cubeide_1.3.0/stm32cubeide/plugins/com.st.stm32cube.ide.mcu.externaltools.gnu-tools-for-stm32.7-2018-q2-update.win32_1.0.0.201904181610/tools/bin/../lib/gcc/arm-none-eabi/7.3.1/../../../../arm-none-eabi/lib/thumb/v7-m\libc_nano.a(lib_a-memcpy-stub.o)
                0x000000000800b474                memcpy
 .text.memset   0x000000000800b48a       0x10 c:/st/stm32cubeide_1.3.0/stm32cubeide/plugins/com.st.stm32cube.ide.mcu.externaltools.gnu-tools-for-stm32.7-2018-q2-update.win32_1.0.0.201904181610/tools/bin/../lib/gcc/arm-none-eabi/7.3.1/../../../../arm-none-eabi/lib/thumb/v7-m\libc_nano.a(lib_a-memset.o)
                0x000000000800b48a                memset
 *fill*         0x000000000800b49a        0x2 
 .text._free_r  0x000000000800b49c       0x98 c:/st/stm32cubeide_1.3.0/stm32cubeide/plugins/com.st.stm32cube.ide.mcu.externaltools.gnu-tools-for-stm32.7-2018-q2-update.win32_1.0.0.201904181610/tools/bin/../lib/gcc/arm-none-eabi/7.3.1/../../../../arm-none-eabi/lib/thumb/v7-m\libc_nano.a(lib_a-nano-freer.o)
                0x000000000800b49c                _free_r
 .text._malloc_r
                0x000000000800b534       0xb4 c:/st/stm32cubeide_1.3.0/stm32cubeide/plugins/com.st.stm32cube.ide.mcu.externaltools.gnu-tools-for-stm32.7-2018-q2-update.win32_1.0.0.201904181610/tools/bin/../lib/gcc/arm-none-eabi/7.3.1/../../../../arm-none-eabi/lib/thumb/v7-m\libc_nano.a(lib_a-nano-mallocr.o)
                0x000000000800b534                _malloc_r
 .text._sbrk_r  0x000000000800b5e8       0x20 c:/st/stm32cubeide_1.3.0/stm32cubeide/plugins/com.st.stm32cube.ide.mcu.externaltools.gnu-tools-for-stm32.7-2018-q2-update.win32_1.0.0.201904181610/tools/bin/../lib/gcc/arm-none-eabi/7.3.1/../../../../arm-none-eabi/lib/thumb/v7-m\libc_nano.a(lib_a-sbrkr.o)
                0x000000000800b5e8                _sbrk_r
 .text.__malloc_lock
                0x000000000800b608        0x2 c:/st/stm32cubeide_1.3.0/stm32cubeide/plugins/com.st.stm32cube.ide.mcu.externaltools.gnu-tools-for-stm32.7-2018-q2-update.win32_1.0.0.201904181610/tools/bin/../lib/gcc/arm-none-eabi/7.3.1/../../../../arm-none-eabi/lib/thumb/v7-m\libc_nano.a(lib_a-mlock.o)
                0x000000000800b608                __malloc_lock
 .text.__malloc_unlock
                0x000000000800b60a        0x2 c:/st/stm32cubeide_1.3.0/stm32cubeide/plugins/com.st.stm32cube.ide.mcu.externaltools.gnu-tools-for-stm32.7-2018-q2-update.win32_1.0.0.201904181610/tools/bin/../lib/gcc/arm-none-eabi/7.3.1/../../../../arm-none-eabi/lib/thumb/v7-m\libc_nano.a(lib_a-mlock.o)
                0x000000000800b60a                __malloc_unlock
 *(.glue_7)
 .glue_7        0x000000000800b60c        0x0 linker stubs
 *(.glue_7t)
 .glue_7t       0x000000000800b60c        0x0 linker stubs
 *(.eh_frame)
 .eh_frame      0x000000000800b60c        0x0 c:/st/stm32cubeide_1.3.0/stm32cubeide/plugins/com.st.stm32cube.ide.mcu.externaltools.gnu-tools-for-stm32.7-2018-q2-update.win32_1.0.0.201904181610/tools/bin/../lib/gcc/arm-none-eabi/7.3.1/thumb/v7-m/crtbegin.o
 *(.init)
 .init          0x000000000800b60c        0x4 c:/st/stm32cubeide_1.3.0/stm32cubeide/plugins/com.st.stm32cube.ide.mcu.externaltools.gnu-tools-for-stm32.7-2018-q2-update.win32_1.0.0.201904181610/tools/bin/../lib/gcc/arm-none-eabi/7.3.1/thumb/v7-m/crti.o
                0x000000000800b60c                _init
 .init          0x000000000800b610        0x8 c:/st/stm32cubeide_1.3.0/stm32cubeide/plugins/com.st.stm32cube.ide.mcu.externaltools.gnu-tools-for-stm32.7-2018-q2-update.win32_1.0.0.201904181610/tools/bin/../lib/gcc/arm-none-eabi/7.3.1/thumb/v7-m/crtn.o
 *(.fini)
 .fini          0x000000000800b618        0x4 c:/st/stm32cubeide_1.3.0/stm32cubeide/plugins/com.st.stm32cube.ide.mcu.externaltools.gnu-tools-for-stm32.7-2018-q2-update.win32_1.0.0.201904181610/tools/bin/../lib/gcc/arm-none-eabi/7.3.1/thumb/v7-m/crti.o
                0x000000000800b618                _fini
 .fini          0x000000000800b61c        0x8 c:/st/stm32cubeide_1.3.0/stm32cubeide/plugins/com.st.stm32cube.ide.mcu.externaltools.gnu-tools-for-stm32.7-2018-q2-update.win32_1.0.0.201904181610/tools/bin/../lib/gcc/arm-none-eabi/7.3.1/thumb/v7-m/crtn.o
                0x000000000800b624                . = ALIGN (0x4)
                0x000000000800b624                _etext = .

.vfp11_veneer   0x000000000800b624        0x0
 .vfp11_veneer  0x000000000800b624        0x0 linker stubs

.v4_bx          0x000000000800b624        0x0
 .v4_bx         0x000000000800b624        0x0 linker stubs

.iplt           0x000000000800b624        0x0
 .iplt          0x000000000800b624        0x0 c:/st/stm32cubeide_1.3.0/stm32cubeide/plugins/com.st.stm32cube.ide.mcu.externaltools.gnu-tools-for-stm32.7-2018-q2-update.win32_1.0.0.201904181610/tools/bin/../lib/gcc/arm-none-eabi/7.3.1/thumb/v7-m/crtbegin.o

.rodata         0x000000000800b624     0x2e2c
                0x000000000800b624                . = ALIGN (0x4)
 *(.rodata)
 .rodata        0x000000000800b624      0x2af Core/Src/data.o
 *fill*         0x000000000800b8d3        0x1 
 .rodata        0x000000000800b8d4     0x1022 Core/Src/main.o
 *fill*         0x000000000800c8f6        0x2 
 .rodata        0x000000000800c8f8       0x26 Core/Src/ssd1306.o
 *fill*         0x000000000800c91e        0x2 
 .rodata        0x000000000800c920       0x46 USB_DEVICE/App/usbd_desc.o
 *(.rodata*)
 *fill*         0x000000000800c966        0x2 
 .rodata.Font7x10
                0x000000000800c968      0x76c Core/Src/fonts.o
 .rodata.Font16x26
                0x000000000800d0d4     0x134c Core/Src/fonts.o
 .rodata.pKeyCRYP
                0x000000000800e420       0x18 Core/Src/main.o
 .rodata.AHBPrescTable
                0x000000000800e438       0x10 Core/Src/system_stm32f2xx.o
                0x000000000800e438                AHBPrescTable
 .rodata.APBPrescTable
                0x000000000800e448        0x8 Core/Src/system_stm32f2xx.o
                0x000000000800e448                APBPrescTable
                0x000000000800e450                . = ALIGN (0x4)

.ARM.extab      0x000000000800e450        0x0
                0x000000000800e450                . = ALIGN (0x4)
 *(.ARM.extab* .gnu.linkonce.armextab.*)
                0x000000000800e450                . = ALIGN (0x4)

.ARM            0x000000000800e450        0x8
                0x000000000800e450                . = ALIGN (0x4)
                0x000000000800e450                __exidx_start = .
 *(.ARM.exidx*)
 .ARM.exidx     0x000000000800e450        0x8 c:/st/stm32cubeide_1.3.0/stm32cubeide/plugins/com.st.stm32cube.ide.mcu.externaltools.gnu-tools-for-stm32.7-2018-q2-update.win32_1.0.0.201904181610/tools/bin/../lib/gcc/arm-none-eabi/7.3.1/thumb/v7-m\libgcc.a(_udivmoddi4.o)
                0x000000000800e458                __exidx_end = .
                0x000000000800e458                . = ALIGN (0x4)

.rel.dyn        0x000000000800e458        0x0
 .rel.iplt      0x000000000800e458        0x0 c:/st/stm32cubeide_1.3.0/stm32cubeide/plugins/com.st.stm32cube.ide.mcu.externaltools.gnu-tools-for-stm32.7-2018-q2-update.win32_1.0.0.201904181610/tools/bin/../lib/gcc/arm-none-eabi/7.3.1/thumb/v7-m/crtbegin.o

.preinit_array  0x000000000800e458        0x0
                0x000000000800e458                . = ALIGN (0x4)
                0x000000000800e458                PROVIDE (__preinit_array_start = .)
 *(.preinit_array*)
                0x000000000800e458                PROVIDE (__preinit_array_end = .)
                0x000000000800e458                . = ALIGN (0x4)

.init_array     0x000000000800e458        0x4
                0x000000000800e458                . = ALIGN (0x4)
                0x000000000800e458                PROVIDE (__init_array_start = .)
 *(SORT_BY_NAME(.init_array.*))
 *(.init_array*)
 .init_array    0x000000000800e458        0x4 c:/st/stm32cubeide_1.3.0/stm32cubeide/plugins/com.st.stm32cube.ide.mcu.externaltools.gnu-tools-for-stm32.7-2018-q2-update.win32_1.0.0.201904181610/tools/bin/../lib/gcc/arm-none-eabi/7.3.1/thumb/v7-m/crtbegin.o
                0x000000000800e45c                PROVIDE (__init_array_end = .)
                0x000000000800e45c                . = ALIGN (0x4)

.fini_array     0x000000000800e45c        0x4
                0x000000000800e45c                . = ALIGN (0x4)
                [!provide]                        PROVIDE (__fini_array_start = .)
 *(SORT_BY_NAME(.fini_array.*))
 *(.fini_array*)
 .fini_array    0x000000000800e45c        0x4 c:/st/stm32cubeide_1.3.0/stm32cubeide/plugins/com.st.stm32cube.ide.mcu.externaltools.gnu-tools-for-stm32.7-2018-q2-update.win32_1.0.0.201904181610/tools/bin/../lib/gcc/arm-none-eabi/7.3.1/thumb/v7-m/crtbegin.o
                [!provide]                        PROVIDE (__fini_array_end = .)
                0x000000000800e460                . = ALIGN (0x4)
                0x000000000800e460                _sidata = LOADADDR (.data)

.data           0x0000000020000000      0xb08 load address 0x000000000800e460
                0x0000000020000000                . = ALIGN (0x4)
                0x0000000020000000                _sdata = .
 *(.data)
 *(.data*)
 .data.devAddr  0x0000000020000000        0x4 Core/Src/data.o
                0x0000000020000000                devAddr
 .data.startaddressfordata
                0x0000000020000004        0x4 Core/Src/data.o
                0x0000000020000004                startaddressfordata
 .data.cancel   0x0000000020000008        0x8 Core/Src/data.o
                0x0000000020000008                cancel
 .data.ok       0x0000000020000010        0x8 Core/Src/data.o
                0x0000000020000010                ok
 .data.line     0x0000000020000018        0x8 Core/Src/data.o
                0x0000000020000018                line
 .data.linebold
                0x0000000020000020        0x8 Core/Src/data.o
                0x0000000020000020                linebold
 .data.upwd     0x0000000020000028       0x10 Core/Src/data.o
                0x0000000020000028                upwd
 .data.downwd   0x0000000020000038       0x10 Core/Src/data.o
                0x0000000020000038                downwd
 .data.newDev   0x0000000020000048       0x40 Core/Src/data.o
                0x0000000020000048                newDev
 .data.restoreDev
                0x0000000020000088       0x40 Core/Src/data.o
                0x0000000020000088                restoreDev
 .data.gear     0x00000000200000c8       0x80 Core/Src/data.o
                0x00000000200000c8                gear
 .data.Font_7x10
                0x0000000020000148        0x8 Core/Src/fonts.o
                0x0000000020000148                Font_7x10
 .data.Font_16x26
                0x0000000020000150        0x8 Core/Src/fonts.o
                0x0000000020000150                Font_16x26
 .data.wordsForPassFrase
                0x0000000020000158      0x7d0 Core/Src/main.o
                0x0000000020000158                wordsForPassFrase
 .data.SystemCoreClock
                0x0000000020000928        0x4 Core/Src/system_stm32f2xx.o
                0x0000000020000928                SystemCoreClock
 .data.uwTickPrio
                0x000000002000092c        0x4 Drivers/STM32F2xx_HAL_Driver/Src/stm32f2xx_hal.o
                0x000000002000092c                uwTickPrio
 .data.uwTickFreq
                0x0000000020000930        0x1 Drivers/STM32F2xx_HAL_Driver/Src/stm32f2xx_hal.o
                0x0000000020000930                uwTickFreq
 *fill*         0x0000000020000931        0x3 
 .data.USBD_CDC_DeviceQualifierDesc
                0x0000000020000934        0xa Middlewares/ST/STM32_USB_Device_Library/Class/CDC/Src/usbd_cdc.o
 *fill*         0x000000002000093e        0x2 
 .data.USBD_CDC
                0x0000000020000940       0x38 Middlewares/ST/STM32_USB_Device_Library/Class/CDC/Src/usbd_cdc.o
                0x0000000020000940                USBD_CDC
 .data.USBD_CDC_CfgHSDesc
                0x0000000020000978       0x43 Middlewares/ST/STM32_USB_Device_Library/Class/CDC/Src/usbd_cdc.o
                0x0000000020000978                USBD_CDC_CfgHSDesc
 *fill*         0x00000000200009bb        0x1 
 .data.USBD_CDC_CfgFSDesc
                0x00000000200009bc       0x43 Middlewares/ST/STM32_USB_Device_Library/Class/CDC/Src/usbd_cdc.o
                0x00000000200009bc                USBD_CDC_CfgFSDesc
 *fill*         0x00000000200009ff        0x1 
 .data.USBD_CDC_OtherSpeedCfgDesc
                0x0000000020000a00       0x43 Middlewares/ST/STM32_USB_Device_Library/Class/CDC/Src/usbd_cdc.o
                0x0000000020000a00                USBD_CDC_OtherSpeedCfgDesc
 *fill*         0x0000000020000a43        0x1 
 .data.USBD_Interface_fops_FS
                0x0000000020000a44       0x10 USB_DEVICE/App/usbd_cdc_if.o
                0x0000000020000a44                USBD_Interface_fops_FS
 .data.FS_Desc  0x0000000020000a54       0x1c USB_DEVICE/App/usbd_desc.o
                0x0000000020000a54                FS_Desc
 .data.USBD_FS_DeviceDesc
                0x0000000020000a70       0x12 USB_DEVICE/App/usbd_desc.o
                0x0000000020000a70                USBD_FS_DeviceDesc
 *fill*         0x0000000020000a82        0x2 
 .data.USBD_LangIDDesc
                0x0000000020000a84        0x4 USB_DEVICE/App/usbd_desc.o
                0x0000000020000a84                USBD_LangIDDesc
 .data.USBD_StringSerial
                0x0000000020000a88       0x1a USB_DEVICE/App/usbd_desc.o
                0x0000000020000a88                USBD_StringSerial
 *fill*         0x0000000020000aa2        0x2 
 .data._impure_ptr
                0x0000000020000aa4        0x4 c:/st/stm32cubeide_1.3.0/stm32cubeide/plugins/com.st.stm32cube.ide.mcu.externaltools.gnu-tools-for-stm32.7-2018-q2-update.win32_1.0.0.201904181610/tools/bin/../lib/gcc/arm-none-eabi/7.3.1/../../../../arm-none-eabi/lib/thumb/v7-m\libc_nano.a(lib_a-impure.o)
                0x0000000020000aa4                _impure_ptr
 .data.impure_data
                0x0000000020000aa8       0x60 c:/st/stm32cubeide_1.3.0/stm32cubeide/plugins/com.st.stm32cube.ide.mcu.externaltools.gnu-tools-for-stm32.7-2018-q2-update.win32_1.0.0.201904181610/tools/bin/../lib/gcc/arm-none-eabi/7.3.1/../../../../arm-none-eabi/lib/thumb/v7-m\libc_nano.a(lib_a-impure.o)
                0x0000000020000b08                . = ALIGN (0x4)
                0x0000000020000b08                _edata = .

.igot.plt       0x0000000020000b08        0x0 load address 0x000000000800ef68
 .igot.plt      0x0000000020000b08        0x0 c:/st/stm32cubeide_1.3.0/stm32cubeide/plugins/com.st.stm32cube.ide.mcu.externaltools.gnu-tools-for-stm32.7-2018-q2-update.win32_1.0.0.201904181610/tools/bin/../lib/gcc/arm-none-eabi/7.3.1/thumb/v7-m/crtbegin.o
                0x0000000020000b08                . = ALIGN (0x4)

.bss            0x0000000020000b08     0x1ee4 load address 0x000000000800ef68
                0x0000000020000b08                _sbss = .
                0x0000000020000b08                __bss_start__ = _sbss
 *(.bss)
 .bss           0x0000000020000b08       0x1c c:/st/stm32cubeide_1.3.0/stm32cubeide/plugins/com.st.stm32cube.ide.mcu.externaltools.gnu-tools-for-stm32.7-2018-q2-update.win32_1.0.0.201904181610/tools/bin/../lib/gcc/arm-none-eabi/7.3.1/thumb/v7-m/crtbegin.o
 *(.bss*)
 .bss.SSD1306_Buffer
                0x0000000020000b24      0x410 Core/Src/ssd1306.o
 .bss.SSD1306   0x0000000020000f34        0x6 Core/Src/ssd1306.o
 *fill*         0x0000000020000f3a        0x2 
 .bss.heap_end.5149
                0x0000000020000f3c        0x4 Core/Src/sysmem.o
 .bss.cfgidx.9264
                0x0000000020000f40        0x1 Middlewares/ST/STM32_USB_Device_Library/Core/Src/usbd_ctlreq.o
 *fill*         0x0000000020000f41        0x3 
 .bss.__malloc_free_list
                0x0000000020000f44        0x4 c:/st/stm32cubeide_1.3.0/stm32cubeide/plugins/com.st.stm32cube.ide.mcu.externaltools.gnu-tools-for-stm32.7-2018-q2-update.win32_1.0.0.201904181610/tools/bin/../lib/gcc/arm-none-eabi/7.3.1/../../../../arm-none-eabi/lib/thumb/v7-m\libc_nano.a(lib_a-nano-mallocr.o)
                0x0000000020000f44                __malloc_free_list
 .bss.__malloc_sbrk_start
                0x0000000020000f48        0x4 c:/st/stm32cubeide_1.3.0/stm32cubeide/plugins/com.st.stm32cube.ide.mcu.externaltools.gnu-tools-for-stm32.7-2018-q2-update.win32_1.0.0.201904181610/tools/bin/../lib/gcc/arm-none-eabi/7.3.1/../../../../arm-none-eabi/lib/thumb/v7-m\libc_nano.a(lib_a-nano-mallocr.o)
                0x0000000020000f48                __malloc_sbrk_start
 *(COMMON)
 COMMON         0x0000000020000f4c      0x228 Core/Src/data.o
                0x0000000020000f4c                password
                0x0000000020000f54                PCIDbuf
                0x0000000020000f6c                setPasswordStep1
                0x0000000020000f70                datasettingsStatus
                0x0000000020000f74                isInit
                0x0000000020000f78                menu
                0x0000000020000f80                exportEnable
                0x0000000020000f84                setProtectTypeStep2
                0x0000000020000f88                M5PCIDdefaultIsGetted
                0x0000000020000f8c                passFrase
                0x0000000020000fbc                M5PPCIDCount
                0x0000000020000fc0                PCIDFour
                0x0000000020000fd8                setProtectTypeStep1
                0x0000000020000fdc                RNGNumbers
                0x0000000020000ff4                isUSBBusy
                0x0000000020000ff8                settingsStatus
                0x0000000020000ffc                initStatus
                0x0000000020001000                restoreStatusStep2
                0x0000000020001004                initStatusStep1
                0x0000000020001008                test
                0x0000000020001020                pointer
                0x0000000020001024                dataReciveBufer
                0x00000000200010a4                bothButtonStatus
                0x00000000200010a8                restoreStatus
                0x00000000200010ac                DataCount
                0x00000000200010b0                addDeviceEnable
                0x00000000200010b4                passwordInputStatus
                0x00000000200010b8                leftButtonStatus
                0x00000000200010bc                restoreStatusStep1
                0x00000000200010c0                dataControlMenuStatus
                0x00000000200010c4                setPasswordStep2
                0x00000000200010c8                devpreinitmenu
                0x00000000200010cc                cProtectComand
                0x00000000200010d0                rightButtonStatus
                0x00000000200010d4                PCIDThre
                0x00000000200010ec                updownpointer
                0x00000000200010f0                PubAndPrivKeys
                0x00000000200010fc                tim6_counter
                0x0000000020001100                PCIDOne
                0x0000000020001118                settingsMenuStatus
                0x000000002000111c                sconstants
                0x0000000020001124                ProtectType
                0x0000000020001128                chpassComand
                0x000000002000112c                setPasswordStatus
                0x0000000020001130                imputpassword
                0x0000000020001138                PCIDFive
                0x0000000020001150                PCIDTwo
                0x0000000020001168                menuStatus
                0x000000002000116c                ResetComand
                0x0000000020001170                initStatusStep2
 COMMON         0x0000000020001174      0x12c Core/Src/main.o
                0x0000000020001174                hhash
                0x00000000200011b4                hi2c1
                0x0000000020001208                hcrc
                0x0000000020001210                htim6
                0x0000000020001250                hrng
                0x0000000020001260                hcryp
 COMMON         0x00000000200012a0        0x4 Drivers/STM32F2xx_HAL_Driver/Src/stm32f2xx_hal.o
                0x00000000200012a0                uwTick
 COMMON         0x00000000200012a4      0x2c4 USB_DEVICE/App/usb_device.o
                0x00000000200012a4                hUsbDeviceFS
 COMMON         0x0000000020001568     0x1000 USB_DEVICE/App/usbd_cdc_if.o
                0x0000000020001568                UserRxBufferFS
                0x0000000020001d68                UserTxBufferFS
 COMMON         0x0000000020002568       0x80 USB_DEVICE/App/usbd_desc.o
                0x0000000020002568                USBD_StrDesc
 COMMON         0x00000000200025e8      0x400 USB_DEVICE/Target/usbd_conf.o
                0x00000000200025e8                hpcd_USB_OTG_FS
 COMMON         0x00000000200029e8        0x4 c:/st/stm32cubeide_1.3.0/stm32cubeide/plugins/com.st.stm32cube.ide.mcu.externaltools.gnu-tools-for-stm32.7-2018-q2-update.win32_1.0.0.201904181610/tools/bin/../lib/gcc/arm-none-eabi/7.3.1/../../../../arm-none-eabi/lib/thumb/v7-m\libc_nano.a(lib_a-reent.o)
                0x00000000200029e8                errno
                0x00000000200029ec                . = ALIGN (0x4)
                0x00000000200029ec                _ebss = .
                0x00000000200029ec                __bss_end__ = _ebss

._user_heap_stack
                0x00000000200029ec      0x604 load address 0x000000000800ef68
                0x00000000200029f0                . = ALIGN (0x8)
 *fill*         0x00000000200029ec        0x4 
                0x00000000200029f0                PROVIDE (end = .)
                [!provide]                        PROVIDE (_end = .)
                0x0000000020002bf0                . = (. + _Min_Heap_Size)
 *fill*         0x00000000200029f0      0x200 
                0x0000000020002ff0                . = (. + _Min_Stack_Size)
 *fill*         0x0000000020002bf0      0x400 
                0x0000000020002ff0                . = ALIGN (0x8)

/DISCARD/
 libc.a(*)
 libm.a(*)
 libgcc.a(*)

.ARM.attributes
                0x0000000000000000       0x29
 *(.ARM.attributes)
 .ARM.attributes
                0x0000000000000000       0x1d c:/st/stm32cubeide_1.3.0/stm32cubeide/plugins/com.st.stm32cube.ide.mcu.externaltools.gnu-tools-for-stm32.7-2018-q2-update.win32_1.0.0.201904181610/tools/bin/../lib/gcc/arm-none-eabi/7.3.1/thumb/v7-m/crti.o
 .ARM.attributes
                0x000000000000001d       0x2d c:/st/stm32cubeide_1.3.0/stm32cubeide/plugins/com.st.stm32cube.ide.mcu.externaltools.gnu-tools-for-stm32.7-2018-q2-update.win32_1.0.0.201904181610/tools/bin/../lib/gcc/arm-none-eabi/7.3.1/thumb/v7-m/crtbegin.o
 .ARM.attributes
                0x000000000000004a       0x33 Core/Src/data.o
 .ARM.attributes
                0x000000000000007d       0x33 Core/Src/fonts.o
 .ARM.attributes
                0x00000000000000b0       0x33 Core/Src/main.o
 .ARM.attributes
                0x00000000000000e3       0x33 Core/Src/ssd1306.o
 .ARM.attributes
                0x0000000000000116       0x33 Core/Src/stm32f2xx_hal_msp.o
 .ARM.attributes
                0x0000000000000149       0x33 Core/Src/stm32f2xx_it.o
 .ARM.attributes
                0x000000000000017c       0x33 Core/Src/sysmem.o
 .ARM.attributes
                0x00000000000001af       0x33 Core/Src/system_stm32f2xx.o
 .ARM.attributes
                0x00000000000001e2       0x21 Core/Startup/startup_stm32f215retx.o
 .ARM.attributes
                0x0000000000000203       0x33 Drivers/STM32F2xx_HAL_Driver/Src/stm32f2xx_hal.o
 .ARM.attributes
                0x0000000000000236       0x33 Drivers/STM32F2xx_HAL_Driver/Src/stm32f2xx_hal_cortex.o
 .ARM.attributes
                0x0000000000000269       0x33 Drivers/STM32F2xx_HAL_Driver/Src/stm32f2xx_hal_crc.o
 .ARM.attributes
                0x000000000000029c       0x33 Drivers/STM32F2xx_HAL_Driver/Src/stm32f2xx_hal_cryp.o
 .ARM.attributes
                0x00000000000002cf       0x33 Drivers/STM32F2xx_HAL_Driver/Src/stm32f2xx_hal_gpio.o
 .ARM.attributes
                0x0000000000000302       0x33 Drivers/STM32F2xx_HAL_Driver/Src/stm32f2xx_hal_hash.o
 .ARM.attributes
                0x0000000000000335       0x33 Drivers/STM32F2xx_HAL_Driver/Src/stm32f2xx_hal_i2c.o
 .ARM.attributes
                0x0000000000000368       0x33 Drivers/STM32F2xx_HAL_Driver/Src/stm32f2xx_hal_pcd.o
 .ARM.attributes
                0x000000000000039b       0x33 Drivers/STM32F2xx_HAL_Driver/Src/stm32f2xx_hal_pcd_ex.o
 .ARM.attributes
                0x00000000000003ce       0x33 Drivers/STM32F2xx_HAL_Driver/Src/stm32f2xx_hal_rcc.o
 .ARM.attributes
                0x0000000000000401       0x33 Drivers/STM32F2xx_HAL_Driver/Src/stm32f2xx_hal_rng.o
 .ARM.attributes
                0x0000000000000434       0x33 Drivers/STM32F2xx_HAL_Driver/Src/stm32f2xx_hal_tim.o
 .ARM.attributes
                0x0000000000000467       0x33 Drivers/STM32F2xx_HAL_Driver/Src/stm32f2xx_hal_tim_ex.o
 .ARM.attributes
                0x000000000000049a       0x33 Drivers/STM32F2xx_HAL_Driver/Src/stm32f2xx_ll_usb.o
 .ARM.attributes
                0x00000000000004cd       0x33 Middlewares/ST/STM32_USB_Device_Library/Class/CDC/Src/usbd_cdc.o
 .ARM.attributes
                0x0000000000000500       0x33 Middlewares/ST/STM32_USB_Device_Library/Core/Src/usbd_core.o
 .ARM.attributes
                0x0000000000000533       0x33 Middlewares/ST/STM32_USB_Device_Library/Core/Src/usbd_ctlreq.o
 .ARM.attributes
                0x0000000000000566       0x33 Middlewares/ST/STM32_USB_Device_Library/Core/Src/usbd_ioreq.o
 .ARM.attributes
                0x0000000000000599       0x33 USB_DEVICE/App/usb_device.o
 .ARM.attributes
                0x00000000000005cc       0x33 USB_DEVICE/App/usbd_cdc_if.o
 .ARM.attributes
                0x00000000000005ff       0x33 USB_DEVICE/App/usbd_desc.o
 .ARM.attributes
                0x0000000000000632       0x33 USB_DEVICE/Target/usbd_conf.o
 .ARM.attributes
                0x0000000000000665       0x2d c:/st/stm32cubeide_1.3.0/stm32cubeide/plugins/com.st.stm32cube.ide.mcu.externaltools.gnu-tools-for-stm32.7-2018-q2-update.win32_1.0.0.201904181610/tools/bin/../lib/gcc/arm-none-eabi/7.3.1/../../../../arm-none-eabi/lib/thumb/v7-m\libc_nano.a(lib_a-errno.o)
 .ARM.attributes
                0x0000000000000692       0x2d c:/st/stm32cubeide_1.3.0/stm32cubeide/plugins/com.st.stm32cube.ide.mcu.externaltools.gnu-tools-for-stm32.7-2018-q2-update.win32_1.0.0.201904181610/tools/bin/../lib/gcc/arm-none-eabi/7.3.1/../../../../arm-none-eabi/lib/thumb/v7-m\libc_nano.a(lib_a-impure.o)
 .ARM.attributes