Archive member included to satisfy reference by file (symbol)

c:/st/stm32cubeide_1.3.0/stm32cubeide/plugins/com.st.stm32cube.ide.mcu.externaltools.gnu-tools-for-stm32.7-2018-q2-update.win32_1.0.0.201904181610/tools/bin/../lib/gcc/arm-none-eabi/7.3.1/../../../../arm-none-eabi/lib/thumb/v7-m\libc_nano.a(lib_a-errno.o)
                              Core/Src/syscalls.o (__errno)
c:/st/stm32cubeide_1.3.0/stm32cubeide/plugins/com.st.stm32cube.ide.mcu.externaltools.gnu-tools-for-stm32.7-2018-q2-update.win32_1.0.0.201904181610/tools/bin/../lib/gcc/arm-none-eabi/7.3.1/../../../../arm-none-eabi/lib/thumb/v7-m\libc_nano.a(lib_a-exit.o)
                              c:/st/stm32cubeide_1.3.0/stm32cubeide/plugins/com.st.stm32cube.ide.mcu.externaltools.gnu-tools-for-stm32.7-2018-q2-update.win32_1.0.0.201904181610/tools/bin/../lib/gcc/arm-none-eabi/7.3.1/../../../../arm-none-eabi/lib/thumb/v7-m/crt0.o (exit)
c:/st/stm32cubeide_1.3.0/stm32cubeide/plugins/com.st.stm32cube.ide.mcu.externaltools.gnu-tools-for-stm32.7-2018-q2-update.win32_1.0.0.201904181610/tools/bin/../lib/gcc/arm-none-eabi/7.3.1/../../../../arm-none-eabi/lib/thumb/v7-m\libc_nano.a(lib_a-impure.o)
                              c:/st/stm32cubeide_1.3.0/stm32cubeide/plugins/com.st.stm32cube.ide.mcu.externaltools.gnu-tools-for-stm32.7-2018-q2-update.win32_1.0.0.201904181610/tools/bin/../lib/gcc/arm-none-eabi/7.3.1/../../../../arm-none-eabi/lib/thumb/v7-m\libc_nano.a(lib_a-exit.o) (_global_impure_ptr)
c:/st/stm32cubeide_1.3.0/stm32cubeide/plugins/com.st.stm32cube.ide.mcu.externaltools.gnu-tools-for-stm32.7-2018-q2-update.win32_1.0.0.201904181610/tools/bin/../lib/gcc/arm-none-eabi/7.3.1/../../../../arm-none-eabi/lib/thumb/v7-m\libc_nano.a(lib_a-init.o)
                              c:/st/stm32cubeide_1.3.0/stm32cubeide/plugins/com.st.stm32cube.ide.mcu.externaltools.gnu-tools-for-stm32.7-2018-q2-update.win32_1.0.0.201904181610/tools/bin/../lib/gcc/arm-none-eabi/7.3.1/../../../../arm-none-eabi/lib/thumb/v7-m/crt0.o (__libc_init_array)
c:/st/stm32cubeide_1.3.0/stm32cubeide/plugins/com.st.stm32cube.ide.mcu.externaltools.gnu-tools-for-stm32.7-2018-q2-update.win32_1.0.0.201904181610/tools/bin/../lib/gcc/arm-none-eabi/7.3.1/../../../../arm-none-eabi/lib/thumb/v7-m\libc_nano.a(lib_a-malloc.o)
                              Middlewares/ST/STM32_USB_Device_Library/Class/CDC/Src/usbd_cdc.o (malloc)
c:/st/stm32cubeide_1.3.0/stm32cubeide/plugins/com.st.stm32cube.ide.mcu.externaltools.gnu-tools-for-stm32.7-2018-q2-update.win32_1.0.0.201904181610/tools/bin/../lib/gcc/arm-none-eabi/7.3.1/../../../../arm-none-eabi/lib/thumb/v7-m\libc_nano.a(lib_a-memset.o)
                              c:/st/stm32cubeide_1.3.0/stm32cubeide/plugins/com.st.stm32cube.ide.mcu.externaltools.gnu-tools-for-stm32.7-2018-q2-update.win32_1.0.0.201904181610/tools/bin/../lib/gcc/arm-none-eabi/7.3.1/../../../../arm-none-eabi/lib/thumb/v7-m/crt0.o (memset)
c:/st/stm32cubeide_1.3.0/stm32cubeide/plugins/com.st.stm32cube.ide.mcu.externaltools.gnu-tools-for-stm32.7-2018-q2-update.win32_1.0.0.201904181610/tools/bin/../lib/gcc/arm-none-eabi/7.3.1/../../../../arm-none-eabi/lib/thumb/v7-m\libc_nano.a(lib_a-nano-freer.o)
                              c:/st/stm32cubeide_1.3.0/stm32cubeide/plugins/com.st.stm32cube.ide.mcu.externaltools.gnu-tools-for-stm32.7-2018-q2-update.win32_1.0.0.201904181610/tools/bin/../lib/gcc/arm-none-eabi/7.3.1/../../../../arm-none-eabi/lib/thumb/v7-m\libc_nano.a(lib_a-malloc.o) (_free_r)
c:/st/stm32cubeide_1.3.0/stm32cubeide/plugins/com.st.stm32cube.ide.mcu.externaltools.gnu-tools-for-stm32.7-2018-q2-update.win32_1.0.0.201904181610/tools/bin/../lib/gcc/arm-none-eabi/7.3.1/../../../../arm-none-eabi/lib/thumb/v7-m\libc_nano.a(lib_a-nano-mallocr.o)
                              c:/st/stm32cubeide_1.3.0/stm32cubeide/plugins/com.st.stm32cube.ide.mcu.externaltools.gnu-tools-for-stm32.7-2018-q2-update.win32_1.0.0.201904181610/tools/bin/../lib/gcc/arm-none-eabi/7.3.1/../../../../arm-none-eabi/lib/thumb/v7-m\libc_nano.a(lib_a-malloc.o) (_malloc_r)
c:/st/stm32cubeide_1.3.0/stm32cubeide/plugins/com.st.stm32cube.ide.mcu.externaltools.gnu-tools-for-stm32.7-2018-q2-update.win32_1.0.0.201904181610/tools/bin/../lib/gcc/arm-none-eabi/7.3.1/../../../../arm-none-eabi/lib/thumb/v7-m\libc_nano.a(lib_a-sbrkr.o)
                              c:/st/stm32cubeide_1.3.0/stm32cubeide/plugins/com.st.stm32cube.ide.mcu.externaltools.gnu-tools-for-stm32.7-2018-q2-update.win32_1.0.0.201904181610/tools/bin/../lib/gcc/arm-none-eabi/7.3.1/../../../../arm-none-eabi/lib/thumb/v7-m\libc_nano.a(lib_a-nano-mallocr.o) (_sbrk_r)
c:/st/stm32cubeide_1.3.0/stm32cubeide/plugins/com.st.stm32cube.ide.mcu.externaltools.gnu-tools-for-stm32.7-2018-q2-update.win32_1.0.0.201904181610/tools/bin/../lib/gcc/arm-none-eabi/7.3.1/../../../../arm-none-eabi/lib/thumb/v7-m\libc_nano.a(lib_a-mlock.o)
[...]
Memory Configuration

Name             Origin             Length             Attributes
RAM              0x0000000020000000 0x0000000000020000 xrw
FLASH            0x0000000008000000 0x0000000000080000 xr
*default*        0x0000000000000000 0xffffffffffffffff

Linker script and memory map

LOAD c:/st/stm32cubeide_1.3.0/stm32cubeide/plugins/com.st.stm32cube.ide.mcu.externaltools.gnu-tools-for-stm32.7-2018-q2-update.win32_1.0.0.201904181610/tools/bin/../lib/gcc/arm-none-eabi/7.3.1/thumb/v7-m/crti.o
LOAD c:/st/stm32cubeide_1.3.0/stm32cubeide/plugins/com.st.stm32cube.ide.mcu.externaltools.gnu-tools-for-stm32.7-2018-q2-update.win32_1.0.0.201904181610/tools/bin/../lib/gcc/arm-none-eabi/7.3.1/thumb/v7-m/crtbegin.o
LOAD c:/st/stm32cubeide_1.3.0/stm32cubeide/plugins/com.st.stm32cube.ide.mcu.externaltools.gnu-tools-for-stm32.7-2018-q2-update.win32_1.0.0.201904181610/tools/bin/../lib/gcc/arm-none-eabi/7.3.1/../../../../arm-none-eabi/lib/thumb/v7-m/crt0.o
LOAD Core/Src/fonts.o
LOAD Core/Src/main.o
LOAD Core/Src/ssd1306.o
LOAD Core/Src/stm32f2xx_hal_msp.o
LOAD Core/Src/stm32f2xx_it.o
LOAD Core/Src/syscalls.o
LOAD Core/Src/sysmem.o
LOAD Core/Src/system_stm32f2xx.o
LOAD Core/Startup/startup_stm32f215retx.o
LOAD Drivers/STM32F2xx_HAL_Driver/Src/stm32f2xx_hal.o
LOAD Drivers/STM32F2xx_HAL_Driver/Src/stm32f2xx_hal_cortex.o
LOAD Drivers/STM32F2xx_HAL_Driver/Src/stm32f2xx_hal_crc.o
LOAD Drivers/STM32F2xx_HAL_Driver/Src/stm32f2xx_hal_cryp.o
LOAD Drivers/STM32F2xx_HAL_Driver/Src/stm32f2xx_hal_dma.o
LOAD Drivers/STM32F2xx_HAL_Driver/Src/stm32f2xx_hal_dma_ex.o
LOAD Drivers/STM32F2xx_HAL_Driver/Src/stm32f2xx_hal_exti.o
LOAD Drivers/STM32F2xx_HAL_Driver/Src/stm32f2xx_hal_flash.o
LOAD Drivers/STM32F2xx_HAL_Driver/Src/stm32f2xx_hal_flash_ex.o
LOAD Drivers/STM32F2xx_HAL_Driver/Src/stm32f2xx_hal_gpio.o
LOAD Drivers/STM32F2xx_HAL_Driver/Src/stm32f2xx_hal_hash.o
LOAD Drivers/STM32F2xx_HAL_Driver/Src/stm32f2xx_hal_i2c.o
LOAD Drivers/STM32F2xx_HAL_Driver/Src/stm32f2xx_hal_pcd.o
LOAD Drivers/STM32F2xx_HAL_Driver/Src/stm32f2xx_hal_pcd_ex.o
LOAD Drivers/STM32F2xx_HAL_Driver/Src/stm32f2xx_hal_pwr.o
LOAD Drivers/STM32F2xx_HAL_Driver/Src/stm32f2xx_hal_pwr_ex.o
LOAD Drivers/STM32F2xx_HAL_Driver/Src/stm32f2xx_hal_rcc.o
LOAD Drivers/STM32F2xx_HAL_Driver/Src/stm32f2xx_hal_rcc_ex.o
LOAD Drivers/STM32F2xx_HAL_Driver/Src/stm32f2xx_hal_rng.o
LOAD Drivers/STM32F2xx_HAL_Driver/Src/stm32f2xx_hal_tim.o
LOAD Drivers/STM32F2xx_HAL_Driver/Src/stm32f2xx_hal_tim_ex.o
LOAD Drivers/STM32F2xx_HAL_Driver/Src/stm32f2xx_ll_usb.o
LOAD Middlewares/ST/STM32_USB_Device_Library/Class/CDC/Src/usbd_cdc.o
LOAD Middlewares/ST/STM32_USB_Device_Library/Core/Src/usbd_core.o
LOAD Middlewares/ST/STM32_USB_Device_Library/Core/Src/usbd_ctlreq.o
LOAD Middlewares/ST/STM32_USB_Device_Library/Core/Src/usbd_ioreq.o
LOAD USB_DEVICE/App/usb_device.o
LOAD USB_DEVICE/App/usbd_cdc_if.o
LOAD USB_DEVICE/App/usbd_desc.o
LOAD USB_DEVICE/Target/usbd_conf.o
START GROUP
LOAD c:/st/stm32cubeide_1.3.0/stm32cubeide/plugins/com.st.stm32cube.ide.mcu.externaltools.gnu-tools-for-stm32.7-2018-q2-update.win32_1.0.0.201904181610/tools/bin/../lib/gcc/arm-none-eabi/7.3.1/../../../../arm-none-eabi/lib/thumb/v7-m\libstdc++_nano.a
LOAD c:/st/stm32cubeide_1.3.0/stm32cubeide/plugins/com.st.stm32cube.ide.mcu.externaltools.gnu-tools-for-stm32.7-2018-q2-update.win32_1.0.0.201904181610/tools/bin/../lib/gcc/arm-none-eabi/7.3.1/../../../../arm-none-eabi/lib/thumb/v7-m\libsupc++_nano.a
END GROUP
LOAD c:/st/stm32cubeide_1.3.0/stm32cubeide/plugins/com.st.stm32cube.ide.mcu.externaltools.gnu-tools-for-stm32.7-2018-q2-update.win32_1.0.0.201904181610/tools/bin/../lib/gcc/arm-none-eabi/7.3.1/../../../../arm-none-eabi/lib/thumb/v7-m\libstdc++_nano.a
LOAD c:/st/stm32cubeide_1.3.0/stm32cubeide/plugins/com.st.stm32cube.ide.mcu.externaltools.gnu-tools-for-stm32.7-2018-q2-update.win32_1.0.0.201904181610/tools/bin/../lib/gcc/arm-none-eabi/7.3.1/../../../../arm-none-eabi/lib/thumb/v7-m\libm.a
LOAD c:/st/stm32cubeide_1.3.0/stm32cubeide/plugins/com.st.stm32cube.ide.mcu.externaltools.gnu-tools-for-stm32.7-2018-q2-update.win32_1.0.0.201904181610/tools/bin/../lib/gcc/arm-none-eabi/7.3.1/../../../../arm-none-eabi/lib/thumb/v7-m\libc_nano.a
START GROUP
LOAD c:/st/stm32cubeide_1.3.0/stm32cubeide/plugins/com.st.stm32cube.ide.mcu.externaltools.gnu-tools-for-stm32.7-2018-q2-update.win32_1.0.0.201904181610/tools/bin/../lib/gcc/arm-none-eabi/7.3.1/thumb/v7-m\libgcc.a
LOAD c:/st/stm32cubeide_1.3.0/stm32cubeide/plugins/com.st.stm32cube.ide.mcu.externaltools.gnu-tools-for-stm32.7-2018-q2-update.win32_1.0.0.201904181610/tools/bin/../lib/gcc/arm-none-eabi/7.3.1/../../../../arm-none-eabi/lib/thumb/v7-m\libc_nano.a
END GROUP
START GROUP
LOAD c:/st/stm32cubeide_1.3.0/stm32cubeide/plugins/com.st.stm32cube.ide.mcu.externaltools.gnu-tools-for-stm32.7-2018-q2-update.win32_1.0.0.201904181610/tools/bin/../lib/gcc/arm-none-eabi/7.3.1/thumb/v7-m\libgcc.a
LOAD c:/st/stm32cubeide_1.3.0/stm32cubeide/plugins/com.st.stm32cube.ide.mcu.externaltools.gnu-tools-for-stm32.7-2018-q2-update.win32_1.0.0.201904181610/tools/bin/../lib/gcc/arm-none-eabi/7.3.1/../../../../arm-none-eabi/lib/thumb/v7-m\libc_nano.a
LOAD c:/st/stm32cubeide_1.3.0/stm32cubeide/plugins/com.st.stm32cube.ide.mcu.externaltools.gnu-tools-for-stm32.7-2018-q2-update.win32_1.0.0.201904181610/tools/bin/../lib/gcc/arm-none-eabi/7.3.1/../../../../arm-none-eabi/lib/thumb/v7-m\libnosys.a
END GROUP
START GROUP
LOAD c:/st/stm32cubeide_1.3.0/stm32cubeide/plugins/com.st.stm32cube.ide.mcu.externaltools.gnu-tools-for-stm32.7-2018-q2-update.win32_1.0.0.201904181610/tools/bin/../lib/gcc/arm-none-eabi/7.3.1/thumb/v7-m\libgcc.a
LOAD c:/st/stm32cubeide_1.3.0/stm32cubeide/plugins/com.st.stm32cube.ide.mcu.externaltools.gnu-tools-for-stm32.7-2018-q2-update.win32_1.0.0.201904181610/tools/bin/../lib/gcc/arm-none-eabi/7.3.1/../../../../arm-none-eabi/lib/thumb/v7-m\libc_nano.a
LOAD c:/st/stm32cubeide_1.3.0/stm32cubeide/plugins/com.st.stm32cube.ide.mcu.externaltools.gnu-tools-for-stm32.7-2018-q2-update.win32_1.0.0.201904181610/tools/bin/../lib/gcc/arm-none-eabi/7.3.1/../../../../arm-none-eabi/lib/thumb/v7-m\libnosys.a
END GROUP
LOAD c:/st/stm32cubeide_1.3.0/stm32cubeide/plugins/com.st.stm32cube.ide.mcu.externaltools.gnu-tools-for-stm32.7-2018-q2-update.win32_1.0.0.201904181610/tools/bin/../lib/gcc/arm-none-eabi/7.3.1/thumb/v7-m/crtend.o
LOAD c:/st/stm32cubeide_1.3.0/stm32cubeide/plugins/com.st.stm32cube.ide.mcu.externaltools.gnu-tools-for-stm32.7-2018-q2-update.win32_1.0.0.201904181610/tools/bin/../lib/gcc/arm-none-eabi/7.3.1/thumb/v7-m/crtn.o
                0x0000000020020000                _estack = (ORIGIN (RAM) + LENGTH (RAM))
                0x0000000000000200                _Min_Heap_Size = 0x200
                0x0000000000000400                _Min_Stack_Size = 0x400

.isr_vector     0x0000000008000000      0x184
                0x0000000008000000                . = ALIGN (0x4)
 *(.isr_vector)
 .isr_vector    0x0000000008000000      0x184 Core/Startup/startup_stm32f215retx.o
                0x0000000008000000                g_pfnVectors
                0x0000000008000184                . = ALIGN (0x4)

.text           0x0000000008000184     0x84e8
                0x0000000008000184                . = ALIGN (0x4)
 *(.text)
 .text          0x0000000008000184       0x40 c:/st/stm32cubeide_1.3.0/stm32cubeide/plugins/com.st.stm32cube.ide.mcu.externaltools.gnu-tools-for-stm32.7-2018-q2-update.win32_1.0.0.201904181610/tools/bin/../lib/gcc/arm-none-eabi/7.3.1/thumb/v7-m/crtbegin.o
 .text          0x00000000080001c4       0x30 c:/st/stm32cubeide_1.3.0/stm32cubeide/plugins/com.st.stm32cube.ide.mcu.externaltools.gnu-tools-for-stm32.7-2018-q2-update.win32_1.0.0.201904181610/tools/bin/../lib/gcc/arm-none-eabi/7.3.1/thumb/v7-m\libgcc.a(_aeabi_uldivmod.o)
                0x00000000080001c4                __aeabi_uldivmod
 .text          0x00000000080001f4      0x2d0 c:/st/stm32cubeide_1.3.0/stm32cubeide/plugins/com.st.stm32cube.ide.mcu.externaltools.gnu-tools-for-stm32.7-2018-q2-update.win32_1.0.0.201904181610/tools/bin/../lib/gcc/arm-none-eabi/7.3.1/thumb/v7-m\libgcc.a(_udivmoddi4.o)
                0x00000000080001f4                __udivmoddi4
 .text          0x00000000080004c4        0x4 c:/st/stm32cubeide_1.3.0/stm32cubeide/plugins/com.st.stm32cube.ide.mcu.externaltools.gnu-tools-for-stm32.7-2018-q2-update.win32_1.0.0.201904181610/tools/bin/../lib/gcc/arm-none-eabi/7.3.1/thumb/v7-m\libgcc.a(_dvmd_tls.o)
                0x00000000080004c4                __aeabi_idiv0
                0x00000000080004c4                __aeabi_ldiv0
 *(.text*)
 .text.main     0x00000000080004c8      0x128 Core/Src/main.o
                0x00000000080004c8                main
 .text.SystemClock_Config
                0x00000000080005f0       0x8a Core/Src/main.o
                0x00000000080005f0                SystemClock_Config
 *fill*         0x000000000800067a        0x2 
 .text.MX_CRC_Init
                0x000000000800067c       0x28 Core/Src/main.o
 .text.MX_CRYP_Init
                0x00000000080006a4       0x4c Core/Src/main.o
 .text.MX_HASH_Init
                0x00000000080006f0       0x24 Core/Src/main.o
 .text.MX_I2C1_Init
                0x0000000008000714       0x5c Core/Src/main.o
 .text.MX_RNG_Init
                0x0000000008000770       0x28 Core/Src/main.o
 .text.MX_TIM6_Init
                0x0000000008000798       0x6c Core/Src/main.o
 .text.MX_GPIO_Init
                0x0000000008000804       0xc4 Core/Src/main.o
 .text.HAL_GPIO_EXTI_Callback
                0x00000000080008c8       0xa4 Core/Src/main.o
                0x00000000080008c8                HAL_GPIO_EXTI_Callback
 .text.leftButtonActions
                0x000000000800096c       0x28 Core/Src/main.o
                0x000000000800096c                leftButtonActions
 .text.rightButtonActions
                0x0000000008000994       0x28 Core/Src/main.o
                0x0000000008000994                rightButtonActions
 .text.bothButtonActions
                0x00000000080009bc       0x28 Core/Src/main.o
                0x00000000080009bc                bothButtonActions
 .text.writeToEeprom
                0x00000000080009e4       0x84 Core/Src/main.o
                0x00000000080009e4                writeToEeprom
 .text.readFromEeprom
                0x0000000008000a68       0x84 Core/Src/main.o
                0x0000000008000a68                readFromEeprom
 .text.Error_Handler
                0x0000000008000aec        0xc Core/Src/main.o
                0x0000000008000aec                Error_Handler
 .text.ssd1306_WriteCommand
                0x0000000008000af8       0x30 Core/Src/ssd1306.o
 .text.ssd1306_Init
                0x0000000008000b28       0xd8 Core/Src/ssd1306.o
                0x0000000008000b28                ssd1306_Init
 .text.ssd1306_Fill
                0x0000000008000c00       0x44 Core/Src/ssd1306.o
                0x0000000008000c00                ssd1306_Fill
 .text.ssd1306_UpdateScreen
                0x0000000008000c44       0x68 Core/Src/ssd1306.o
                0x0000000008000c44                ssd1306_UpdateScreen
 .text.ssd1306_DrawPixel
                0x0000000008000cac       0xd4 Core/Src/ssd1306.o
                0x0000000008000cac                ssd1306_DrawPixel
 .text.ssd1306_WriteChar
                0x0000000008000d80      0x100 Core/Src/ssd1306.o
                0x0000000008000d80                ssd1306_WriteChar
 .text.ssd1306_WriteString
                0x0000000008000e80       0x4c Core/Src/ssd1306.o
                0x0000000008000e80                ssd1306_WriteString
 .text.ssd1306_SetCursor
                0x0000000008000ecc       0x30 Core/Src/ssd1306.o
                0x0000000008000ecc                ssd1306_SetCursor
 .text.HAL_MspInit
                0x0000000008000efc       0x4c Core/Src/stm32f2xx_hal_msp.o
                0x0000000008000efc                HAL_MspInit
 .text.HAL_CRC_MspInit
                0x0000000008000f48       0x40 Core/Src/stm32f2xx_hal_msp.o
                0x0000000008000f48                HAL_CRC_MspInit
 .text.HAL_CRYP_MspInit
                0x0000000008000f88       0x40 Core/Src/stm32f2xx_hal_msp.o
                0x0000000008000f88                HAL_CRYP_MspInit
 .text.HAL_HASH_MspInit
                0x0000000008000fc8       0x34 Core/Src/stm32f2xx_hal_msp.o
                0x0000000008000fc8                HAL_HASH_MspInit
 .text.HAL_I2C_MspInit
                0x0000000008000ffc       0x90 Core/Src/stm32f2xx_hal_msp.o
                0x0000000008000ffc                HAL_I2C_MspInit
 .text.HAL_RNG_MspInit
                0x000000000800108c       0x40 Core/Src/stm32f2xx_hal_msp.o
                0x000000000800108c                HAL_RNG_MspInit
 .text.HAL_TIM_Base_MspInit
                0x00000000080010cc       0x50 Core/Src/stm32f2xx_hal_msp.o
                0x00000000080010cc                HAL_TIM_Base_MspInit
 .text.NMI_Handler
                0x000000000800111c        0xc Core/Src/stm32f2xx_it.o
                0x000000000800111c                NMI_Handler
 .text.HardFault_Handler
                0x0000000008001128        0x6 Core/Src/stm32f2xx_it.o
                0x0000000008001128                HardFault_Handler
 .text.MemManage_Handler
                0x000000000800112e        0x6 Core/Src/stm32f2xx_it.o
                0x000000000800112e                MemManage_Handler
 .text.BusFault_Handler
                0x0000000008001134        0x6 Core/Src/stm32f2xx_it.o
                0x0000000008001134                BusFault_Handler
 .text.UsageFault_Handler
                0x000000000800113a        0x6 Core/Src/stm32f2xx_it.o
                0x000000000800113a                UsageFault_Handler
 .text.SVC_Handler
                0x0000000008001140        0xc Core/Src/stm32f2xx_it.o
                0x0000000008001140                SVC_Handler
 .text.DebugMon_Handler
                0x000000000800114c        0xc Core/Src/stm32f2xx_it.o
                0x000000000800114c                DebugMon_Handler
 .text.PendSV_Handler
                0x0000000008001158        0xc Core/Src/stm32f2xx_it.o
                0x0000000008001158                PendSV_Handler
 .text.SysTick_Handler
                0x0000000008001164        0xc Core/Src/stm32f2xx_it.o
                0x0000000008001164                SysTick_Handler
 .text.EXTI9_5_IRQHandler
                0x0000000008001170       0x18 Core/Src/stm32f2xx_it.o
                0x0000000008001170                EXTI9_5_IRQHandler
 .text.TIM6_DAC_IRQHandler
                0x0000000008001188       0x80 Core/Src/stm32f2xx_it.o
                0x0000000008001188                TIM6_DAC_IRQHandler
 .text.OTG_FS_IRQHandler
                0x0000000008001208       0x14 Core/Src/stm32f2xx_it.o
                0x0000000008001208                OTG_FS_IRQHandler
 .text._sbrk    0x000000000800121c       0x58 Core/Src/sysmem.o
                0x000000000800121c                _sbrk
 .text.SystemInit
                0x0000000008001274       0x5c Core/Src/system_stm32f2xx.o
                0x0000000008001274                SystemInit
 .text.Reset_Handler
                0x00000000080012d0       0x50 Core/Startup/startup_stm32f215retx.o
                0x00000000080012d0                Reset_Handler
 .text.Default_Handler
                0x0000000008001320        0x2 Core/Startup/startup_stm32f215retx.o
                0x0000000008001320                RTC_Alarm_IRQHandler
                0x0000000008001320                HASH_RNG_IRQHandler
                0x0000000008001320                EXTI2_IRQHandler
                0x0000000008001320                TIM8_CC_IRQHandler
                0x0000000008001320                TIM1_CC_IRQHandler
                0x0000000008001320                DMA2_Stream5_IRQHandler
                0x0000000008001320                DMA1_Stream5_IRQHandler
                0x0000000008001320                PVD_IRQHandler
                0x0000000008001320                SDIO_IRQHandler
                0x0000000008001320                TAMP_STAMP_IRQHandler
                0x0000000008001320                CAN2_RX1_IRQHandler
                0x0000000008001320                EXTI3_IRQHandler
                0x0000000008001320                TIM8_TRG_COM_TIM14_IRQHandler
                0x0000000008001320                TIM1_UP_TIM10_IRQHandler
                0x0000000008001320                TIM8_UP_TIM13_IRQHandler
                0x0000000008001320                I2C3_ER_IRQHandler
                0x0000000008001320                EXTI0_IRQHandler
                0x0000000008001320                I2C2_EV_IRQHandler
                0x0000000008001320                DMA1_Stream2_IRQHandler
                0x0000000008001320                CAN1_RX0_IRQHandler
                0x0000000008001320                OTG_HS_WKUP_IRQHandler
                0x0000000008001320                CAN2_SCE_IRQHandler
                0x0000000008001320                DMA2_Stream2_IRQHandler
                0x0000000008001320                SPI1_IRQHandler
                0x0000000008001320                TIM1_BRK_TIM9_IRQHandler
                0x0000000008001320                CAN2_RX0_IRQHandler
                0x0000000008001320                DMA2_Stream3_IRQHandler
                0x0000000008001320                USART6_IRQHandler
                0x0000000008001320                USART3_IRQHandler
                0x0000000008001320                CRYP_IRQHandler
                0x0000000008001320                CAN1_RX1_IRQHandler
                0x0000000008001320                UART5_IRQHandler
                0x0000000008001320                DMA2_Stream0_IRQHandler
                0x0000000008001320                TIM4_IRQHandler
                0x0000000008001320                I2C1_EV_IRQHandler
                0x0000000008001320                DMA1_Stream6_IRQHandler
                0x0000000008001320                DMA1_Stream1_IRQHandler
                0x0000000008001320                UART4_IRQHandler
                0x0000000008001320                TIM3_IRQHandler
                0x0000000008001320                RCC_IRQHandler
                0x0000000008001320                TIM8_BRK_TIM12_IRQHandler
                0x0000000008001320                Default_Handler
                0x0000000008001320                EXTI15_10_IRQHandler
                0x0000000008001320                ADC_IRQHandler
                0x0000000008001320                DMA1_Stream7_IRQHandler
                0x0000000008001320                TIM7_IRQHandler
                0x0000000008001320                CAN2_TX_IRQHandler
                0x0000000008001320                TIM5_IRQHandler
                0x0000000008001320                DMA2_Stream7_IRQHandler
                0x0000000008001320                I2C3_EV_IRQHandler
                0x0000000008001320                RTC_WKUP_IRQHandler
                0x0000000008001320                SPI2_IRQHandler
                0x0000000008001320                OTG_HS_EP1_IN_IRQHandler
                0x0000000008001320                DMA1_Stream0_IRQHandler
                0x0000000008001320                CAN1_TX_IRQHandler
                0x0000000008001320                EXTI4_IRQHandler
                0x0000000008001320                FSMC_IRQHandler
                0x0000000008001320                OTG_HS_EP1_OUT_IRQHandler
                0x0000000008001320                WWDG_IRQHandler
                0x0000000008001320                TIM2_IRQHandler
                0x0000000008001320                OTG_FS_WKUP_IRQHandler
                0x0000000008001320                TIM1_TRG_COM_TIM11_IRQHandler
                0x0000000008001320                OTG_HS_IRQHandler
                0x0000000008001320                EXTI1_IRQHandler
                0x0000000008001320                USART2_IRQHandler
                0x0000000008001320                I2C2_ER_IRQHandler
                0x0000000008001320                DMA2_Stream1_IRQHandler
                0x0000000008001320                CAN1_SCE_IRQHandler
                0x0000000008001320                FLASH_IRQHandler
                0x0000000008001320                DMA2_Stream4_IRQHandler
                0x0000000008001320                USART1_IRQHandler
                0x0000000008001320                SPI3_IRQHandler
                0x0000000008001320                DMA1_Stream4_IRQHandler
                0x0000000008001320                I2C1_ER_IRQHandler
                0x0000000008001320                DMA2_Stream6_IRQHandler
                0x0000000008001320                DMA1_Stream3_IRQHandler
 *fill*         0x0000000008001322        0x2 
 .text.HAL_Init
                0x0000000008001324       0x44 Drivers/STM32F2xx_HAL_Driver/Src/stm32f2xx_hal.o
                0x0000000008001324                HAL_Init
 .text.HAL_InitTick
                0x0000000008001368       0x60 Drivers/STM32F2xx_HAL_Driver/Src/stm32f2xx_hal.o
                0x0000000008001368                HAL_InitTick
 .text.HAL_IncTick
                0x00000000080013c8       0x24 Drivers/STM32F2xx_HAL_Driver/Src/stm32f2xx_hal.o
                0x00000000080013c8                HAL_IncTick
 .text.HAL_GetTick
                0x00000000080013ec       0x14 Drivers/STM32F2xx_HAL_Driver/Src/stm32f2xx_hal.o
                0x00000000080013ec                HAL_GetTick
 .text.HAL_Delay
                0x0000000008001400       0x44 Drivers/STM32F2xx_HAL_Driver/Src/stm32f2xx_hal.o
                0x0000000008001400                HAL_Delay
 .text.__NVIC_SetPriorityGrouping
                0x0000000008001444       0x48 Drivers/STM32F2xx_HAL_Driver/Src/stm32f2xx_hal_cortex.o
 .text.__NVIC_GetPriorityGrouping
                0x000000000800148c       0x1c Drivers/STM32F2xx_HAL_Driver/Src/stm32f2xx_hal_cortex.o
 .text.__NVIC_EnableIRQ
                0x00000000080014a8       0x38 Drivers/STM32F2xx_HAL_Driver/Src/stm32f2xx_hal_cortex.o
 .text.__NVIC_SetPriority
                0x00000000080014e0       0x54 Drivers/STM32F2xx_HAL_Driver/Src/stm32f2xx_hal_cortex.o
 .text.NVIC_EncodePriority
                0x0000000008001534       0x64 Drivers/STM32F2xx_HAL_Driver/Src/stm32f2xx_hal_cortex.o
 .text.SysTick_Config
                0x0000000008001598       0x44 Drivers/STM32F2xx_HAL_Driver/Src/stm32f2xx_hal_cortex.o
 .text.HAL_NVIC_SetPriorityGrouping
                0x00000000080015dc       0x16 Drivers/STM32F2xx_HAL_Driver/Src/stm32f2xx_hal_cortex.o
                0x00000000080015dc                HAL_NVIC_SetPriorityGrouping
 .text.HAL_NVIC_SetPriority
                0x00000000080015f2       0x38 Drivers/STM32F2xx_HAL_Driver/Src/stm32f2xx_hal_cortex.o
                0x00000000080015f2                HAL_NVIC_SetPriority
 .text.HAL_NVIC_EnableIRQ
                0x000000000800162a       0x1c Drivers/STM32F2xx_HAL_Driver/Src/stm32f2xx_hal_cortex.o
                0x000000000800162a                HAL_NVIC_EnableIRQ
 .text.HAL_SYSTICK_Config
                0x0000000008001646       0x18 Drivers/STM32F2xx_HAL_Driver/Src/stm32f2xx_hal_cortex.o
                0x0000000008001646                HAL_SYSTICK_Config
 .text.HAL_CRC_Init
                0x000000000800165e       0x38 Drivers/STM32F2xx_HAL_Driver/Src/stm32f2xx_hal_crc.o
                0x000000000800165e                HAL_CRC_Init
 .text.HAL_CRYP_Init
                0x0000000008001696       0x6c Drivers/STM32F2xx_HAL_Driver/Src/stm32f2xx_hal_cryp.o
                0x0000000008001696                HAL_CRYP_Init
 *fill*         0x0000000008001702        0x2 
 .text.HAL_GPIO_Init
                0x0000000008001704      0x33c Drivers/STM32F2xx_HAL_Driver/Src/stm32f2xx_hal_gpio.o
                0x0000000008001704                HAL_GPIO_Init
 .text.HAL_GPIO_EXTI_IRQHandler
                0x0000000008001a40       0x30 Drivers/STM32F2xx_HAL_Driver/Src/stm32f2xx_hal_gpio.o
                0x0000000008001a40                HAL_GPIO_EXTI_IRQHandler
 .text.HAL_HASH_Init
                0x0000000008001a70       0x94 Drivers/STM32F2xx_HAL_Driver/Src/stm32f2xx_hal_hash.o
                0x0000000008001a70                HAL_HASH_Init
 .text.HAL_I2C_Init
                0x0000000008001b04      0x270 Drivers/STM32F2xx_HAL_Driver/Src/stm32f2xx_hal_i2c.o
                0x0000000008001b04                HAL_I2C_Init
 .text.HAL_I2C_Mem_Write
                0x0000000008001d74      0x1f4 Drivers/STM32F2xx_HAL_Driver/Src/stm32f2xx_hal_i2c.o
                0x0000000008001d74                HAL_I2C_Mem_Write
 .text.HAL_I2C_Mem_Read
                0x0000000008001f68      0x44c Drivers/STM32F2xx_HAL_Driver/Src/stm32f2xx_hal_i2c.o
                0x0000000008001f68                HAL_I2C_Mem_Read
 .text.HAL_I2C_IsDeviceReady
                0x00000000080023b4      0x25c Drivers/STM32F2xx_HAL_Driver/Src/stm32f2xx_hal_i2c.o
                0x00000000080023b4                HAL_I2C_IsDeviceReady
 .text.I2C_RequestMemoryWrite
                0x0000000008002610      0x128 Drivers/STM32F2xx_HAL_Driver/Src/stm32f2xx_hal_i2c.o
 .text.I2C_RequestMemoryRead
                0x0000000008002738      0x1cc Drivers/STM32F2xx_HAL_Driver/Src/stm32f2xx_hal_i2c.o
 .text.I2C_WaitOnFlagUntilTimeout
                0x0000000008002904       0xae Drivers/STM32F2xx_HAL_Driver/Src/stm32f2xx_hal_i2c.o
 .text.I2C_WaitOnMasterAddressFlagUntilTimeout
                0x00000000080029b2       0xfe Drivers/STM32F2xx_HAL_Driver/Src/stm32f2xx_hal_i2c.o
 .text.I2C_WaitOnTXEFlagUntilTimeout
                0x0000000008002ab0       0x82 Drivers/STM32F2xx_HAL_Driver/Src/stm32f2xx_hal_i2c.o
 .text.I2C_WaitOnBTFFlagUntilTimeout
                0x0000000008002b32       0x82 Drivers/STM32F2xx_HAL_Driver/Src/stm32f2xx_hal_i2c.o
 .text.I2C_WaitOnRXNEFlagUntilTimeout
                0x0000000008002bb4       0xac Drivers/STM32F2xx_HAL_Driver/Src/stm32f2xx_hal_i2c.o
 .text.I2C_IsAcknowledgeFailed
                0x0000000008002c60       0x5c Drivers/STM32F2xx_HAL_Driver/Src/stm32f2xx_hal_i2c.o
 .text.HAL_PCD_Init
                0x0000000008002cbc      0x23a Drivers/STM32F2xx_HAL_Driver/Src/stm32f2xx_hal_pcd.o
                0x0000000008002cbc                HAL_PCD_Init
 .text.HAL_PCD_Start
                0x0000000008002ef6       0x44 Drivers/STM32F2xx_HAL_Driver/Src/stm32f2xx_hal_pcd.o
                0x0000000008002ef6                HAL_PCD_Start
 .text.HAL_PCD_IRQHandler
                0x0000000008002f3a      0x72a Drivers/STM32F2xx_HAL_Driver/Src/stm32f2xx_hal_pcd.o
                0x0000000008002f3a                HAL_PCD_IRQHandler
 .text.HAL_PCD_SetAddress
                0x0000000008003664       0x4a Drivers/STM32F2xx_HAL_Driver/Src/stm32f2xx_hal_pcd.o
                0x0000000008003664                HAL_PCD_SetAddress
 .text.HAL_PCD_EP_Open
                0x00000000080036ae       0xd0 Drivers/STM32F2xx_HAL_Driver/Src/stm32f2xx_hal_pcd.o
                0x00000000080036ae                HAL_PCD_EP_Open
 .text.HAL_PCD_EP_Close
                0x000000000800377e       0x94 Drivers/STM32F2xx_HAL_Driver/Src/stm32f2xx_hal_pcd.o
                0x000000000800377e                HAL_PCD_EP_Close
 .text.HAL_PCD_EP_Receive
                0x0000000008003812       0x96 Drivers/STM32F2xx_HAL_Driver/Src/stm32f2xx_hal_pcd.o
                0x0000000008003812                HAL_PCD_EP_Receive
 .text.HAL_PCD_EP_GetRxCount
                0x00000000080038a8       0x2e Drivers/STM32F2xx_HAL_Driver/Src/stm32f2xx_hal_pcd.o
                0x00000000080038a8                HAL_PCD_EP_GetRxCount
 .text.HAL_PCD_EP_Transmit
                0x00000000080038d6       0x94 Drivers/STM32F2xx_HAL_Driver/Src/stm32f2xx_hal_pcd.o
                0x00000000080038d6                HAL_PCD_EP_Transmit
 .text.HAL_PCD_EP_SetStall
                0x000000000800396a       0xc8 Drivers/STM32F2xx_HAL_Driver/Src/stm32f2xx_hal_pcd.o
                0x000000000800396a                HAL_PCD_EP_SetStall
 .text.HAL_PCD_EP_ClrStall
                0x0000000008003a32       0xac Drivers/STM32F2xx_HAL_Driver/Src/stm32f2xx_hal_pcd.o
                0x0000000008003a32                HAL_PCD_EP_ClrStall
 .text.PCD_WriteEmptyTxFifo
                0x0000000008003ade      0x11a Drivers/STM32F2xx_HAL_Driver/Src/stm32f2xx_hal_pcd.o
 .text.PCD_EP_OutXfrComplete_int
                0x0000000008003bf8      0x210 Drivers/STM32F2xx_HAL_Driver/Src/stm32f2xx_hal_pcd.o
 .text.PCD_EP_OutSetupPacket_int
                0x0000000008003e08       0xc0 Drivers/STM32F2xx_HAL_Driver/Src/stm32f2xx_hal_pcd.o
 .text.HAL_PCDEx_SetTxFiFo
                0x0000000008003ec8       0x8c Drivers/STM32F2xx_HAL_Driver/Src/stm32f2xx_hal_pcd_ex.o
                0x0000000008003ec8                HAL_PCDEx_SetTxFiFo
 .text.HAL_PCDEx_SetRxFiFo
                0x0000000008003f54       0x20 Drivers/STM32F2xx_HAL_Driver/Src/stm32f2xx_hal_pcd_ex.o
                0x0000000008003f54                HAL_PCDEx_SetRxFiFo
 .text.HAL_RCC_OscConfig
                0x0000000008003f74      0x4d4 Drivers/STM32F2xx_HAL_Driver/Src/stm32f2xx_hal_rcc.o
                0x0000000008003f74                HAL_RCC_OscConfig
 .text.HAL_RCC_ClockConfig
                0x0000000008004448      0x1d8 Drivers/STM32F2xx_HAL_Driver/Src/stm32f2xx_hal_rcc.o
                0x0000000008004448                HAL_RCC_ClockConfig
 .text.HAL_RCC_GetSysClockFreq
                0x0000000008004620      0x164 Drivers/STM32F2xx_HAL_Driver/Src/stm32f2xx_hal_rcc.o
                0x0000000008004620                HAL_RCC_GetSysClockFreq
 .text.HAL_RCC_GetHCLKFreq
                0x0000000008004784       0x14 Drivers/STM32F2xx_HAL_Driver/Src/stm32f2xx_hal_rcc.o
                0x0000000008004784                HAL_RCC_GetHCLKFreq
 .text.HAL_RCC_GetPCLK1Freq
                0x0000000008004798       0x44 Drivers/STM32F2xx_HAL_Driver/Src/stm32f2xx_hal_rcc.o
                0x0000000008004798                HAL_RCC_GetPCLK1Freq
 .text.HAL_RNG_Init
                0x00000000080047dc       0x54 Drivers/STM32F2xx_HAL_Driver/Src/stm32f2xx_hal_rng.o
                0x00000000080047dc                HAL_RNG_Init
 .text.HAL_TIM_Base_Init
                0x0000000008004830       0x56 Drivers/STM32F2xx_HAL_Driver/Src/stm32f2xx_hal_tim.o
                0x0000000008004830                HAL_TIM_Base_Init
 .text.HAL_TIM_Base_Start
                0x0000000008004886       0x46 Drivers/STM32F2xx_HAL_Driver/Src/stm32f2xx_hal_tim.o
                0x0000000008004886                HAL_TIM_Base_Start
 .text.HAL_TIM_Base_Stop
                0x00000000080048cc       0x54 Drivers/STM32F2xx_HAL_Driver/Src/stm32f2xx_hal_tim.o
                0x00000000080048cc                HAL_TIM_Base_Stop
 .text.HAL_TIM_Base_Start_IT
                0x0000000008004920       0x46 Drivers/STM32F2xx_HAL_Driver/Src/stm32f2xx_hal_tim.o
                0x0000000008004920                HAL_TIM_Base_Start_IT
 .text.HAL_TIM_IRQHandler
                0x0000000008004966      0x210 Drivers/STM32F2xx_HAL_Driver/Src/stm32f2xx_hal_tim.o
                0x0000000008004966                HAL_TIM_IRQHandler
 .text.HAL_TIM_PeriodElapsedCallback
                0x0000000008004b76       0x12 Drivers/STM32F2xx_HAL_Driver/Src/stm32f2xx_hal_tim.o
                0x0000000008004b76                HAL_TIM_PeriodElapsedCallback
 .text.HAL_TIM_OC_DelayElapsedCallback
                0x0000000008004b88       0x12 Drivers/STM32F2xx_HAL_Driver/Src/stm32f2xx_hal_tim.o
                0x0000000008004b88                HAL_TIM_OC_DelayElapsedCallback
 .text.HAL_TIM_IC_CaptureCallback
                0x0000000008004b9a       0x12 Drivers/STM32F2xx_HAL_Driver/Src/stm32f2xx_hal_tim.o
                0x0000000008004b9a                HAL_TIM_IC_CaptureCallback
 .text.HAL_TIM_PWM_PulseFinishedCallback
                0x0000000008004bac       0x12 Drivers/STM32F2xx_HAL_Driver/Src/stm32f2xx_hal_tim.o
                0x0000000008004bac                HAL_TIM_PWM_PulseFinishedCallback
 .text.HAL_TIM_TriggerCallback
                0x0000000008004bbe       0x12 Drivers/STM32F2xx_HAL_Driver/Src/stm32f2xx_hal_tim.o
                0x0000000008004bbe                HAL_TIM_TriggerCallback
 .text.TIM_Base_SetConfig
                0x0000000008004bd0      0x13c Drivers/STM32F2xx_HAL_Driver/Src/stm32f2xx_hal_tim.o
                0x0000000008004bd0                TIM_Base_SetConfig
 .text.HAL_TIMEx_MasterConfigSynchronization
                0x0000000008004d0c       0x88 Drivers/STM32F2xx_HAL_Driver/Src/stm32f2xx_hal_tim_ex.o
                0x0000000008004d0c                HAL_TIMEx_MasterConfigSynchronization
 .text.HAL_TIMEx_CommutCallback
                0x0000000008004d94       0x12 Drivers/STM32F2xx_HAL_Driver/Src/stm32f2xx_hal_tim_ex.o
                0x0000000008004d94                HAL_TIMEx_CommutCallback
 .text.HAL_TIMEx_BreakCallback
                0x0000000008004da6       0x12 Drivers/STM32F2xx_HAL_Driver/Src/stm32f2xx_hal_tim_ex.o
                0x0000000008004da6                HAL_TIMEx_BreakCallback
 .text.USB_CoreInit
                0x0000000008004db8       0xae Drivers/STM32F2xx_HAL_Driver/Src/stm32f2xx_ll_usb.o
                0x0000000008004db8                USB_CoreInit
 *fill*         0x0000000008004e66        0x2 
 .text.USB_SetTurnaroundTime
                0x0000000008004e68      0x144 Drivers/STM32F2xx_HAL_Driver/Src/stm32f2xx_ll_usb.o
                0x0000000008004e68                USB_SetTurnaroundTime
 .text.USB_EnableGlobalInt
                0x0000000008004fac       0x20 Drivers/STM32F2xx_HAL_Driver/Src/stm32f2xx_ll_usb.o
                0x0000000008004fac                USB_EnableGlobalInt
 .text.USB_DisableGlobalInt
                0x0000000008004fcc       0x20 Drivers/STM32F2xx_HAL_Driver/Src/stm32f2xx_ll_usb.o
                0x0000000008004fcc                USB_DisableGlobalInt
 .text.USB_SetCurrentMode
                0x0000000008004fec       0x54 Drivers/STM32F2xx_HAL_Driver/Src/stm32f2xx_ll_usb.o
                0x0000000008004fec                USB_SetCurrentMode
 .text.USB_DevInit
                0x0000000008005040      0x2e4 Drivers/STM32F2xx_HAL_Driver/Src/stm32f2xx_ll_usb.o
                0x0000000008005040                USB_DevInit
 .text.USB_FlushTxFifo
                0x0000000008005324       0x48 Drivers/STM32F2xx_HAL_Driver/Src/stm32f2xx_ll_usb.o
                0x0000000008005324                USB_FlushTxFifo
 .text.USB_FlushRxFifo
                0x000000000800536c       0x40 Drivers/STM32F2xx_HAL_Driver/Src/stm32f2xx_ll_usb.o
                0x000000000800536c                USB_FlushRxFifo
 .text.USB_SetDevSpeed
                0x00000000080053ac       0x30 Drivers/STM32F2xx_HAL_Driver/Src/stm32f2xx_ll_usb.o
                0x00000000080053ac                USB_SetDevSpeed
 .text.USB_GetDevSpeed
                0x00000000080053dc       0x48 Drivers/STM32F2xx_HAL_Driver/Src/stm32f2xx_ll_usb.o
                0x00000000080053dc                USB_GetDevSpeed
 .text.USB_ActivateEndpoint
                0x0000000008005424      0x10c Drivers/STM32F2xx_HAL_Driver/Src/stm32f2xx_ll_usb.o
                0x0000000008005424                USB_ActivateEndpoint
 .text.USB_DeactivateEndpoint
                0x0000000008005530      0x108 Drivers/STM32F2xx_HAL_Driver/Src/stm32f2xx_ll_usb.o
                0x0000000008005530                USB_DeactivateEndpoint
 .text.USB_EPStartXfer
                0x0000000008005638      0x488 Drivers/STM32F2xx_HAL_Driver/Src/stm32f2xx_ll_usb.o
                0x0000000008005638                USB_EPStartXfer
 .text.USB_EP0StartXfer
                0x0000000008005ac0      0x2a4 Drivers/STM32F2xx_HAL_Driver/Src/stm32f2xx_ll_usb.o
                0x0000000008005ac0                USB_EP0StartXfer
 .text.USB_WritePacket
                0x0000000008005d64       0x68 Drivers/STM32F2xx_HAL_Driver/Src/stm32f2xx_ll_usb.o
                0x0000000008005d64                USB_WritePacket
 .text.USB_ReadPacket
                0x0000000008005dcc       0x50 Drivers/STM32F2xx_HAL_Driver/Src/stm32f2xx_ll_usb.o
                0x0000000008005dcc                USB_ReadPacket
 .text.USB_EPSetStall
                0x0000000008005e1c       0xda Drivers/STM32F2xx_HAL_Driver/Src/stm32f2xx_ll_usb.o
                0x0000000008005e1c                USB_EPSetStall
 .text.USB_EPClearStall
                0x0000000008005ef6       0xca Drivers/STM32F2xx_HAL_Driver/Src/stm32f2xx_ll_usb.o
                0x0000000008005ef6                USB_EPClearStall
 .text.USB_SetDevAddress
                0x0000000008005fc0       0x4a Drivers/STM32F2xx_HAL_Driver/Src/stm32f2xx_ll_usb.o
                0x0000000008005fc0                USB_SetDevAddress
 .text.USB_DevConnect
                0x000000000800600a       0x30 Drivers/STM32F2xx_HAL_Driver/Src/stm32f2xx_ll_usb.o
                0x000000000800600a                USB_DevConnect
 .text.USB_DevDisconnect
                0x000000000800603a       0x30 Drivers/STM32F2xx_HAL_Driver/Src/stm32f2xx_ll_usb.o
                0x000000000800603a                USB_DevDisconnect
 .text.USB_ReadInterrupts
                0x000000000800606a       0x24 Drivers/STM32F2xx_HAL_Driver/Src/stm32f2xx_ll_usb.o
                0x000000000800606a                USB_ReadInterrupts
 .text.USB_ReadDevAllOutEpInterrupt
                0x000000000800608e       0x32 Drivers/STM32F2xx_HAL_Driver/Src/stm32f2xx_ll_usb.o
                0x000000000800608e                USB_ReadDevAllOutEpInterrupt
 .text.USB_ReadDevAllInEpInterrupt
                0x00000000080060c0       0x32 Drivers/STM32F2xx_HAL_Driver/Src/stm32f2xx_ll_usb.o
                0x00000000080060c0                USB_ReadDevAllInEpInterrupt
 .text.USB_ReadDevOutEPInterrupt
                0x00000000080060f2       0x3a Drivers/STM32F2xx_HAL_Driver/Src/stm32f2xx_ll_usb.o
                0x00000000080060f2                USB_ReadDevOutEPInterrupt
 .text.USB_ReadDevInEPInterrupt
                0x000000000800612c       0x5a Drivers/STM32F2xx_HAL_Driver/Src/stm32f2xx_ll_usb.o
                0x000000000800612c                USB_ReadDevInEPInterrupt
 .text.USB_GetMode
                0x0000000008006186       0x1a Drivers/STM32F2xx_HAL_Driver/Src/stm32f2xx_ll_usb.o
                0x0000000008006186                USB_GetMode
 .text.USB_ActivateSetup
                0x00000000080061a0       0x68 Drivers/STM32F2xx_HAL_Driver/Src/stm32f2xx_ll_usb.o
                0x00000000080061a0                USB_ActivateSetup
 .text.USB_EP0_OutStart
                0x0000000008006208       0xb8 Drivers/STM32F2xx_HAL_Driver/Src/stm32f2xx_ll_usb.o
                0x0000000008006208                USB_EP0_OutStart
 .text.USB_CoreReset
                0x00000000080062c0       0x64 Drivers/STM32F2xx_HAL_Driver/Src/stm32f2xx_ll_usb.o
 .text.USBD_CDC_Init
                0x0000000008006324       0xf6 Middlewares/ST/STM32_USB_Device_Library/Class/CDC/Src/usbd_cdc.o
 .text.USBD_CDC_DeInit
                0x000000000800641a       0x6e Middlewares/ST/STM32_USB_Device_Library/Class/CDC/Src/usbd_cdc.o
 .text.USBD_CDC_Setup
                0x0000000008006488      0x140 Middlewares/ST/STM32_USB_Device_Library/Class/CDC/Src/usbd_cdc.o
 .text.USBD_CDC_DataIn
                0x00000000080065c8       0xa6 Middlewares/ST/STM32_USB_Device_Library/Class/CDC/Src/usbd_cdc.o
 .text.USBD_CDC_DataOut
                0x000000000800666e       0x56 Middlewares/ST/STM32_USB_Device_Library/Class/CDC/Src/usbd_cdc.o
 .text.USBD_CDC_EP0_RxReady
                0x00000000080066c4       0x50 Middlewares/ST/STM32_USB_Device_Library/Class/CDC/Src/usbd_cdc.o
 .text.USBD_CDC_GetFSCfgDesc
                0x0000000008006714       0x20 Middlewares/ST/STM32_USB_Device_Library/Class/CDC/Src/usbd_cdc.o
 .text.USBD_CDC_GetHSCfgDesc
                0x0000000008006734       0x20 Middlewares/ST/STM32_USB_Device_Library/Class/CDC/Src/usbd_cdc.o
 .text.USBD_CDC_GetOtherSpeedCfgDesc
                0x0000000008006754       0x20 Middlewares/ST/STM32_USB_Device_Library/Class/CDC/Src/usbd_cdc.o
 .text.USBD_CDC_GetDeviceQualifierDescriptor
                0x0000000008006774       0x20 Middlewares/ST/STM32_USB_Device_Library/Class/CDC/Src/usbd_cdc.o
                0x0000000008006774                USBD_CDC_GetDeviceQualifierDescriptor
 .text.USBD_CDC_RegisterInterface
                0x0000000008006794       0x2c Middlewares/ST/STM32_USB_Device_Library/Class/CDC/Src/usbd_cdc.o
                0x0000000008006794                USBD_CDC_RegisterInterface
 .text.USBD_CDC_SetTxBuffer
                0x00000000080067c0       0x32 Middlewares/ST/STM32_USB_Device_Library/Class/CDC/Src/usbd_cdc.o
                0x00000000080067c0                USBD_CDC_SetTxBuffer
 .text.USBD_CDC_SetRxBuffer
                0x00000000080067f2       0x26 Middlewares/ST/STM32_USB_Device_Library/Class/CDC/Src/usbd_cdc.o
                0x00000000080067f2                USBD_CDC_SetRxBuffer
 .text.USBD_CDC_TransmitPacket
                0x0000000008006818       0x5e Middlewares/ST/STM32_USB_Device_Library/Class/CDC/Src/usbd_cdc.o
                0x0000000008006818                USBD_CDC_TransmitPacket
 .text.USBD_CDC_ReceivePacket
                0x0000000008006876       0x54 Middlewares/ST/STM32_USB_Device_Library/Class/CDC/Src/usbd_cdc.o
                0x0000000008006876                USBD_CDC_ReceivePacket
 .text.USBD_Init
                0x00000000080068ca       0x56 Middlewares/ST/STM32_USB_Device_Library/Core/Src/usbd_core.o
                0x00000000080068ca                USBD_Init
 .text.USBD_RegisterClass
                0x0000000008006920       0x32 Middlewares/ST/STM32_USB_Device_Library/Core/Src/usbd_core.o
                0x0000000008006920                USBD_RegisterClass
 .text.USBD_Start
                0x0000000008006952       0x18 Middlewares/ST/STM32_USB_Device_Library/Core/Src/usbd_core.o
                0x0000000008006952                USBD_Start
 .text.USBD_RunTestMode
                0x000000000800696a       0x14 Middlewares/ST/STM32_USB_Device_Library/Core/Src/usbd_core.o
                0x000000000800696a                USBD_RunTestMode
 .text.USBD_SetClassConfig
                0x000000000800697e       0x3e Middlewares/ST/STM32_USB_Device_Library/Core/Src/usbd_core.o
                0x000000000800697e                USBD_SetClassConfig
 .text.USBD_ClrClassConfig
                0x00000000080069bc       0x26 Middlewares/ST/STM32_USB_Device_Library/Core/Src/usbd_core.o
                0x00000000080069bc                USBD_ClrClassConfig
 .text.USBD_LL_SetupStage
                0x00000000080069e2       0x96 Middlewares/ST/STM32_USB_Device_Library/Core/Src/usbd_core.o
                0x00000000080069e2                USBD_LL_SetupStage
 .text.USBD_LL_DataOutStage
                0x0000000008006a78       0xe2 Middlewares/ST/STM32_USB_Device_Library/Core/Src/usbd_core.o
                0x0000000008006a78                USBD_LL_DataOutStage
 .text.USBD_LL_DataInStage
                0x0000000008006b5a      0x14a Middlewares/ST/STM32_USB_Device_Library/Core/Src/usbd_core.o
                0x0000000008006b5a                USBD_LL_DataInStage
 .text.USBD_LL_Reset
                0x0000000008006ca4       0x82 Middlewares/ST/STM32_USB_Device_Library/Core/Src/usbd_core.o
                0x0000000008006ca4                USBD_LL_Reset
 .text.USBD_LL_SetSpeed
                0x0000000008006d26       0x1e Middlewares/ST/STM32_USB_Device_Library/Core/Src/usbd_core.o
                0x0000000008006d26                USBD_LL_SetSpeed
 .text.USBD_LL_Suspend
                0x0000000008006d44       0x28 Middlewares/ST/STM32_USB_Device_Library/Core/Src/usbd_core.o
                0x0000000008006d44                USBD_LL_Suspend
 .text.USBD_LL_Resume
                0x0000000008006d6c       0x2a Middlewares/ST/STM32_USB_Device_Library/Core/Src/usbd_core.o
                0x0000000008006d6c                USBD_LL_Resume
 .text.USBD_LL_SOF
                0x0000000008006d96       0x34 Middlewares/ST/STM32_USB_Device_Library/Core/Src/usbd_core.o
                0x0000000008006d96                USBD_LL_SOF
 .text.USBD_LL_IsoINIncomplete
                0x0000000008006dca       0x18 Middlewares/ST/STM32_USB_Device_Library/Core/Src/usbd_core.o
                0x0000000008006dca                USBD_LL_IsoINIncomplete
 .text.USBD_LL_IsoOUTIncomplete
                0x0000000008006de2       0x18 Middlewares/ST/STM32_USB_Device_Library/Core/Src/usbd_core.o
                0x0000000008006de2                USBD_LL_IsoOUTIncomplete
 .text.USBD_LL_DevConnected
                0x0000000008006dfa       0x14 Middlewares/ST/STM32_USB_Device_Library/Core/Src/usbd_core.o
                0x0000000008006dfa                USBD_LL_DevConnected
 .text.USBD_LL_DevDisconnected
                0x0000000008006e0e       0x2e Middlewares/ST/STM32_USB_Device_Library/Core/Src/usbd_core.o
                0x0000000008006e0e                USBD_LL_DevDisconnected
 .text.USBD_StdDevReq
                0x0000000008006e3c       0xd4 Middlewares/ST/STM32_USB_Device_Library/Core/Src/usbd_ctlreq.o
                0x0000000008006e3c                USBD_StdDevReq
 .text.USBD_StdItfReq
                0x0000000008006f10       0x8c Middlewares/ST/STM32_USB_Device_Library/Core/Src/usbd_ctlreq.o
                0x0000000008006f10                USBD_StdItfReq
 .text.USBD_StdEPReq
                0x0000000008006f9c      0x2ba Middlewares/ST/STM32_USB_Device_Library/Core/Src/usbd_ctlreq.o
                0x0000000008006f9c                USBD_StdEPReq
 *fill*         0x0000000008007256        0x2 
 .text.USBD_GetDescriptor
                0x0000000008007258      0x2d0 Middlewares/ST/STM32_USB_Device_Library/Core/Src/usbd_ctlreq.o
 .text.USBD_SetAddress
                0x0000000008007528       0x84 Middlewares/ST/STM32_USB_Device_Library/Core/Src/usbd_ctlreq.o
 .text.USBD_SetConfig
                0x00000000080075ac      0x11c Middlewares/ST/STM32_USB_Device_Library/Core/Src/usbd_ctlreq.o
 .text.USBD_GetConfig
                0x00000000080076c8       0x68 Middlewares/ST/STM32_USB_Device_Library/Core/Src/usbd_ctlreq.o
 .text.USBD_GetStatus
                0x0000000008007730       0x66 Middlewares/ST/STM32_USB_Device_Library/Core/Src/usbd_ctlreq.o
 .text.USBD_SetFeature
                0x0000000008007796       0x28 Middlewares/ST/STM32_USB_Device_Library/Core/Src/usbd_ctlreq.o
 .text.USBD_ClrFeature
                0x00000000080077be       0x42 Middlewares/ST/STM32_USB_Device_Library/Core/Src/usbd_ctlreq.o
 .text.USBD_ParseSetupRequest
                0x0000000008007800       0x78 Middlewares/ST/STM32_USB_Device_Library/Core/Src/usbd_ctlreq.o
                0x0000000008007800                USBD_ParseSetupRequest
 .text.USBD_CtlError
                0x0000000008007878       0x22 Middlewares/ST/STM32_USB_Device_Library/Core/Src/usbd_ctlreq.o
                0x0000000008007878                USBD_CtlError
 .text.USBD_GetString
                0x000000000800789a       0x84 Middlewares/ST/STM32_USB_Device_Library/Core/Src/usbd_ctlreq.o
                0x000000000800789a                USBD_GetString
 .text.USBD_GetLen
                0x000000000800791e       0x2e Middlewares/ST/STM32_USB_Device_Library/Core/Src/usbd_ctlreq.o
 .text.USBD_CtlSendData
                0x000000000800794c       0x38 Middlewares/ST/STM32_USB_Device_Library/Core/Src/usbd_ioreq.o
                0x000000000800794c                USBD_CtlSendData
 .text.USBD_CtlContinueSendData
                0x0000000008007984       0x24 Middlewares/ST/STM32_USB_Device_Library/Core/Src/usbd_ioreq.o
                0x0000000008007984                USBD_CtlContinueSendData
 .text.USBD_CtlPrepareRx
                0x00000000080079a8       0x3c Middlewares/ST/STM32_USB_Device_Library/Core/Src/usbd_ioreq.o
                0x00000000080079a8                USBD_CtlPrepareRx
 .text.USBD_CtlContinueRx
                0x00000000080079e4       0x24 Middlewares/ST/STM32_USB_Device_Library/Core/Src/usbd_ioreq.o
                0x00000000080079e4                USBD_CtlContinueRx
 .text.USBD_CtlSendStatus
                0x0000000008007a08       0x26 Middlewares/ST/STM32_USB_Device_Library/Core/Src/usbd_ioreq.o
                0x0000000008007a08                USBD_CtlSendStatus
 .text.USBD_CtlReceiveStatus
                0x0000000008007a2e       0x26 Middlewares/ST/STM32_USB_Device_Library/Core/Src/usbd_ioreq.o
                0x0000000008007a2e                USBD_CtlReceiveStatus
 .text.MX_USB_DEVICE_Init
                0x0000000008007a54       0x60 USB_DEVICE/App/usb_device.o
                0x0000000008007a54                MX_USB_DEVICE_Init
 .text.CDC_Init_FS
                0x0000000008007ab4       0x28 USB_DEVICE/App/usbd_cdc_if.o
 .text.CDC_DeInit_FS
                0x0000000008007adc        0xe USB_DEVICE/App/usbd_cdc_if.o
 *fill*         0x0000000008007aea        0x2 
 .text.CDC_Control_FS
                0x0000000008007aec       0xbc USB_DEVICE/App/usbd_cdc_if.o
 .text.CDC_Receive_FS
                0x0000000008007ba8       0x54 USB_DEVICE/App/usbd_cdc_if.o
 .text.CDC_Transmit_FS
                0x0000000008007bfc       0x4c USB_DEVICE/App/usbd_cdc_if.o
                0x0000000008007bfc                CDC_Transmit_FS
 .text.USBD_FS_DeviceDescriptor
                0x0000000008007c48       0x24 USB_DEVICE/App/usbd_desc.o
                0x0000000008007c48                USBD_FS_DeviceDescriptor
 .text.USBD_FS_LangIDStrDescriptor
                0x0000000008007c6c       0x24 USB_DEVICE/App/usbd_desc.o
                0x0000000008007c6c                USBD_FS_LangIDStrDescriptor
 .text.USBD_FS_ProductStrDescriptor
                0x0000000008007c90       0x3c USB_DEVICE/App/usbd_desc.o
                0x0000000008007c90                USBD_FS_ProductStrDescriptor
 .text.USBD_FS_ManufacturerStrDescriptor
                0x0000000008007ccc       0x28 USB_DEVICE/App/usbd_desc.o
                0x0000000008007ccc                USBD_FS_ManufacturerStrDescriptor
 .text.USBD_FS_SerialStrDescriptor
                0x0000000008007cf4       0x24 USB_DEVICE/App/usbd_desc.o
                0x0000000008007cf4                USBD_FS_SerialStrDescriptor
 .text.USBD_FS_ConfigStrDescriptor
                0x0000000008007d18       0x3c USB_DEVICE/App/usbd_desc.o
                0x0000000008007d18                USBD_FS_ConfigStrDescriptor
 .text.USBD_FS_InterfaceStrDescriptor
                0x0000000008007d54       0x3c USB_DEVICE/App/usbd_desc.o
                0x0000000008007d54                USBD_FS_InterfaceStrDescriptor
 .text.Get_SerialNum
                0x0000000008007d90       0x58 USB_DEVICE/App/usbd_desc.o
 .text.IntToUnicode
                0x0000000008007de8       0x7a USB_DEVICE/App/usbd_desc.o
 *fill*         0x0000000008007e62        0x2 
 .text.HAL_PCD_MspInit
                0x0000000008007e64       0xa8 USB_DEVICE/Target/usbd_conf.o
                0x0000000008007e64                HAL_PCD_MspInit
 .text.HAL_PCD_SetupStageCallback
                0x0000000008007f0c       0x24 USB_DEVICE/Target/usbd_conf.o
                0x0000000008007f0c                HAL_PCD_SetupStageCallback
 .text.HAL_PCD_DataOutStageCallback
                0x0000000008007f30       0x36 USB_DEVICE/Target/usbd_conf.o
                0x0000000008007f30                HAL_PCD_DataOutStageCallback
 .text.HAL_PCD_DataInStageCallback
                0x0000000008007f66       0x34 USB_DEVICE/Target/usbd_conf.o
                0x0000000008007f66                HAL_PCD_DataInStageCallback
 .text.HAL_PCD_SOFCallback
                0x0000000008007f9a       0x1c USB_DEVICE/Target/usbd_conf.o
                0x0000000008007f9a                HAL_PCD_SOFCallback
 .text.HAL_PCD_ResetCallback
                0x0000000008007fb6       0x50 USB_DEVICE/Target/usbd_conf.o
                0x0000000008007fb6                HAL_PCD_ResetCallback
 *fill*         0x0000000008008006        0x2 
 .text.HAL_PCD_SuspendCallback
                0x0000000008008008       0x4c USB_DEVICE/Target/usbd_conf.o
                0x0000000008008008                HAL_PCD_SuspendCallback
 .text.HAL_PCD_ResumeCallback
                0x0000000008008054       0x1c USB_DEVICE/Target/usbd_conf.o
                0x0000000008008054                HAL_PCD_ResumeCallback
 .text.HAL_PCD_ISOOUTIncompleteCallback
                0x0000000008008070       0x24 USB_DEVICE/Target/usbd_conf.o
                0x0000000008008070                HAL_PCD_ISOOUTIncompleteCallback
 .text.HAL_PCD_ISOINIncompleteCallback
                0x0000000008008094       0x24 USB_DEVICE/Target/usbd_conf.o
                0x0000000008008094                HAL_PCD_ISOINIncompleteCallback
 .text.HAL_PCD_ConnectCallback
                0x00000000080080b8       0x1c USB_DEVICE/Target/usbd_conf.o
                0x00000000080080b8                HAL_PCD_ConnectCallback
 .text.HAL_PCD_DisconnectCallback
                0x00000000080080d4       0x1c USB_DEVICE/Target/usbd_conf.o
                0x00000000080080d4                HAL_PCD_DisconnectCallback
 .text.USBD_LL_Init
                0x00000000080080f0       0x94 USB_DEVICE/Target/usbd_conf.o
                0x00000000080080f0                USBD_LL_Init
 .text.USBD_LL_Start
                0x0000000008008184       0x36 USB_DEVICE/Target/usbd_conf.o
                0x0000000008008184                USBD_LL_Start
 .text.USBD_LL_OpenEP
                0x00000000080081ba       0x4c USB_DEVICE/Target/usbd_conf.o
                0x00000000080081ba                USBD_LL_OpenEP
 .text.USBD_LL_CloseEP
                0x0000000008008206       0x3e USB_DEVICE/Target/usbd_conf.o
                0x0000000008008206                USBD_LL_CloseEP
 .text.USBD_LL_StallEP
                0x0000000008008244       0x3e USB_DEVICE/Target/usbd_conf.o
                0x0000000008008244                USBD_LL_StallEP
 .text.USBD_LL_ClearStallEP
                0x0000000008008282       0x3e USB_DEVICE/Target/usbd_conf.o
                0x0000000008008282                USBD_LL_ClearStallEP
 .text.USBD_LL_IsStallEP
                0x00000000080082c0       0x56 USB_DEVICE/Target/usbd_conf.o
                0x00000000080082c0                USBD_LL_IsStallEP
 .text.USBD_LL_SetUSBAddress
                0x0000000008008316       0x3e USB_DEVICE/Target/usbd_conf.o
                0x0000000008008316                USBD_LL_SetUSBAddress
 .text.USBD_LL_Transmit
                0x0000000008008354       0x46 USB_DEVICE/Target/usbd_conf.o
                0x0000000008008354                USBD_LL_Transmit
 .text.USBD_LL_PrepareReceive
                0x000000000800839a       0x46 USB_DEVICE/Target/usbd_conf.o
                0x000000000800839a                USBD_LL_PrepareReceive
 .text.USBD_LL_GetRxDataSize
                0x00000000080083e0       0x26 USB_DEVICE/Target/usbd_conf.o
                0x00000000080083e0                USBD_LL_GetRxDataSize
 *fill*         0x0000000008008406        0x2 
 .text.USBD_Get_USB_Status
                0x0000000008008408       0x58 USB_DEVICE/Target/usbd_conf.o
                0x0000000008008408                USBD_Get_USB_Status
 .text.__errno  0x0000000008008460        0xc c:/st/stm32cubeide_1.3.0/stm32cubeide/plugins/com.st.stm32cube.ide.mcu.externaltools.gnu-tools-for-stm32.7-2018-q2-update.win32_1.0.0.201904181610/tools/bin/../lib/gcc/arm-none-eabi/7.3.1/../../../../arm-none-eabi/lib/thumb/v7-m\libc_nano.a(lib_a-errno.o)
                0x0000000008008460                __errno
 .text.__libc_init_array
                0x000000000800846c       0x48 c:/st/stm32cubeide_1.3.0/stm32cubeide/plugins/com.st.stm32cube.ide.mcu.externaltools.gnu-tools-for-stm32.7-2018-q2-update.win32_1.0.0.201904181610/tools/bin/../lib/gcc/arm-none-eabi/7.3.1/../../../../arm-none-eabi/lib/thumb/v7-m\libc_nano.a(lib_a-init.o)
                0x000000000800846c                __libc_init_array
 .text.malloc   0x00000000080084b4       0x10 c:/st/stm32cubeide_1.3.0/stm32cubeide/plugins/com.st.stm32cube.ide.mcu.externaltools.gnu-tools-for-stm32.7-2018-q2-update.win32_1.0.0.201904181610/tools/bin/../lib/gcc/arm-none-eabi/7.3.1/../../../../arm-none-eabi/lib/thumb/v7-m\libc_nano.a(lib_a-malloc.o)
                0x00000000080084b4                malloc
 .text.free     0x00000000080084c4       0x10 c:/st/stm32cubeide_1.3.0/stm32cubeide/plugins/com.st.stm32cube.ide.mcu.externaltools.gnu-tools-for-stm32.7-2018-q2-update.win32_1.0.0.201904181610/tools/bin/../lib/gcc/arm-none-eabi/7.3.1/../../../../arm-none-eabi/lib/thumb/v7-m\libc_nano.a(lib_a-malloc.o)
                0x00000000080084c4                free
 .text.memset   0x00000000080084d4       0x10 c:/st/stm32cubeide_1.3.0/stm32cubeide/plugins/com.st.stm32cube.ide.mcu.externaltools.gnu-tools-for-stm32.7-2018-q2-update.win32_1.0.0.201904181610/tools/bin/../lib/gcc/arm-none-eabi/7.3.1/../../../../arm-none-eabi/lib/thumb/v7-m\libc_nano.a(lib_a-memset.o)
                0x00000000080084d4                memset
 .text._free_r  0x00000000080084e4       0x98 c:/st/stm32cubeide_1.3.0/stm32cubeide/plugins/com.st.stm32cube.ide.mcu.externaltools.gnu-tools-for-stm32.7-2018-q2-update.win32_1.0.0.201904181610/tools/bin/../lib/gcc/arm-none-eabi/7.3.1/../../../../arm-none-eabi/lib/thumb/v7-m\libc_nano.a(lib_a-nano-freer.o)
                0x00000000080084e4                _free_r
 .text._malloc_r
                0x000000000800857c       0xb4 c:/st/stm32cubeide_1.3.0/stm32cubeide/plugins/com.st.stm32cube.ide.mcu.externaltools.gnu-tools-for-stm32.7-2018-q2-update.win32_1.0.0.201904181610/tools/bin/../lib/gcc/arm-none-eabi/7.3.1/../../../../arm-none-eabi/lib/thumb/v7-m\libc_nano.a(lib_a-nano-mallocr.o)
                0x000000000800857c                _malloc_r
 .text._sbrk_r  0x0000000008008630       0x20 c:/st/stm32cubeide_1.3.0/stm32cubeide/plugins/com.st.stm32cube.ide.mcu.externaltools.gnu-tools-for-stm32.7-2018-q2-update.win32_1.0.0.201904181610/tools/bin/../lib/gcc/arm-none-eabi/7.3.1/../../../../arm-none-eabi/lib/thumb/v7-m\libc_nano.a(lib_a-sbrkr.o)
                0x0000000008008630                _sbrk_r
 .text.__malloc_lock
                0x0000000008008650        0x2 c:/st/stm32cubeide_1.3.0/stm32cubeide/plugins/com.st.stm32cube.ide.mcu.externaltools.gnu-tools-for-stm32.7-2018-q2-update.win32_1.0.0.201904181610/tools/bin/../lib/gcc/arm-none-eabi/7.3.1/../../../../arm-none-eabi/lib/thumb/v7-m\libc_nano.a(lib_a-mlock.o)
                0x0000000008008650                __malloc_lock
 .text.__malloc_unlock
                0x0000000008008652        0x2 c:/st/stm32cubeide_1.3.0/stm32cubeide/plugins/com.st.stm32cube.ide.mcu.externaltools.gnu-tools-for-stm32.7-2018-q2-update.win32_1.0.0.201904181610/tools/bin/../lib/gcc/arm-none-eabi/7.3.1/../../../../arm-none-eabi/lib/thumb/v7-m\libc_nano.a(lib_a-mlock.o)
                0x0000000008008652                __malloc_unlock
 *(.glue_7)
 .glue_7        0x0000000008008654        0x0 linker stubs
 *(.glue_7t)
 .glue_7t       0x0000000008008654        0x0 linker stubs
 *(.eh_frame)
 .eh_frame      0x0000000008008654        0x0 c:/st/stm32cubeide_1.3.0/stm32cubeide/plugins/com.st.stm32cube.ide.mcu.externaltools.gnu-tools-for-stm32.7-2018-q2-update.win32_1.0.0.201904181610/tools/bin/../lib/gcc/arm-none-eabi/7.3.1/thumb/v7-m/crtbegin.o
 *(.init)
 .init          0x0000000008008654        0x4 c:/st/stm32cubeide_1.3.0/stm32cubeide/plugins/com.st.stm32cube.ide.mcu.externaltools.gnu-tools-for-stm32.7-2018-q2-update.win32_1.0.0.201904181610/tools/bin/../lib/gcc/arm-none-eabi/7.3.1/thumb/v7-m/crti.o
                0x0000000008008654                _init
 .init          0x0000000008008658        0x8 c:/st/stm32cubeide_1.3.0/stm32cubeide/plugins/com.st.stm32cube.ide.mcu.externaltools.gnu-tools-for-stm32.7-2018-q2-update.win32_1.0.0.201904181610/tools/bin/../lib/gcc/arm-none-eabi/7.3.1/thumb/v7-m/crtn.o
 *(.fini)
 .fini          0x0000000008008660        0x4 c:/st/stm32cubeide_1.3.0/stm32cubeide/plugins/com.st.stm32cube.ide.mcu.externaltools.gnu-tools-for-stm32.7-2018-q2-update.win32_1.0.0.201904181610/tools/bin/../lib/gcc/arm-none-eabi/7.3.1/thumb/v7-m/crti.o
                0x0000000008008660                _fini
 .fini          0x0000000008008664        0x8 c:/st/stm32cubeide_1.3.0/stm32cubeide/plugins/com.st.stm32cube.ide.mcu.externaltools.gnu-tools-for-stm32.7-2018-q2-update.win32_1.0.0.201904181610/tools/bin/../lib/gcc/arm-none-eabi/7.3.1/thumb/v7-m/crtn.o
                0x000000000800866c                . = ALIGN (0x4)
                0x000000000800866c                _etext = .

.vfp11_veneer   0x000000000800866c        0x0
 .vfp11_veneer  0x000000000800866c        0x0 linker stubs

.v4_bx          0x000000000800866c        0x0
 .v4_bx         0x000000000800866c        0x0 linker stubs

.iplt           0x000000000800866c        0x0
 .iplt          0x000000000800866c        0x0 c:/st/stm32cubeide_1.3.0/stm32cubeide/plugins/com.st.stm32cube.ide.mcu.externaltools.gnu-tools-for-stm32.7-2018-q2-update.win32_1.0.0.201904181610/tools/bin/../lib/gcc/arm-none-eabi/7.3.1/thumb/v7-m/crtbegin.o

.rodata         0x000000000800866c      0x82c
                0x000000000800866c                . = ALIGN (0x4)
 *(.rodata)
 .rodata        0x000000000800866c       0x46 Core/Src/main.o
 *fill*         0x00000000080086b2        0x2 
 .rodata        0x00000000080086b4       0x46 USB_DEVICE/App/usbd_desc.o
 *(.rodata*)
 *fill*         0x00000000080086fa        0x2 
 .rodata.Font7x10
                0x00000000080086fc      0x76c Core/Src/fonts.o
 .rodata.pKeyCRYP
                0x0000000008008e68       0x18 Core/Src/main.o
 .rodata.AHBPrescTable
                0x0000000008008e80       0x10 Core/Src/system_stm32f2xx.o
                0x0000000008008e80                AHBPrescTable
 .rodata.APBPrescTable
                0x0000000008008e90        0x8 Core/Src/system_stm32f2xx.o
                0x0000000008008e90                APBPrescTable
                0x0000000008008e98                . = ALIGN (0x4)

.ARM.extab      0x0000000008008e98        0x0
                0x0000000008008e98                . = ALIGN (0x4)
 *(.ARM.extab* .gnu.linkonce.armextab.*)
                0x0000000008008e98                . = ALIGN (0x4)

.ARM            0x0000000008008e98        0x8
                0x0000000008008e98                . = ALIGN (0x4)
                0x0000000008008e98                __exidx_start = .
 *(.ARM.exidx*)
 .ARM.exidx     0x0000000008008e98        0x8 c:/st/stm32cubeide_1.3.0/stm32cubeide/plugins/com.st.stm32cube.ide.mcu.externaltools.gnu-tools-for-stm32.7-2018-q2-update.win32_1.0.0.201904181610/tools/bin/../lib/gcc/arm-none-eabi/7.3.1/thumb/v7-m\libgcc.a(_udivmoddi4.o)
                0x0000000008008ea0                __exidx_end = .
                0x0000000008008ea0                . = ALIGN (0x4)

.rel.dyn        0x0000000008008ea0        0x0
 .rel.iplt      0x0000000008008ea0        0x0 c:/st/stm32cubeide_1.3.0/stm32cubeide/plugins/com.st.stm32cube.ide.mcu.externaltools.gnu-tools-for-stm32.7-2018-q2-update.win32_1.0.0.201904181610/tools/bin/../lib/gcc/arm-none-eabi/7.3.1/thumb/v7-m/crtbegin.o

.preinit_array  0x0000000008008ea0        0x0
                0x0000000008008ea0                . = ALIGN (0x4)
                0x0000000008008ea0                PROVIDE (__preinit_array_start = .)
 *(.preinit_array*)
                0x0000000008008ea0                PROVIDE (__preinit_array_end = .)
                0x0000000008008ea0                . = ALIGN (0x4)

.init_array     0x0000000008008ea0        0x4
                0x0000000008008ea0                . = ALIGN (0x4)
                0x0000000008008ea0                PROVIDE (__init_array_start = .)
 *(SORT_BY_NAME(.init_array.*))
 *(.init_array*)
 .init_array    0x0000000008008ea0        0x4 c:/st/stm32cubeide_1.3.0/stm32cubeide/plugins/com.st.stm32cube.ide.mcu.externaltools.gnu-tools-for-stm32.7-2018-q2-update.win32_1.0.0.201904181610/tools/bin/../lib/gcc/arm-none-eabi/7.3.1/thumb/v7-m/crtbegin.o
                0x0000000008008ea4                PROVIDE (__init_array_end = .)
                0x0000000008008ea4                . = ALIGN (0x4)

.fini_array     0x0000000008008ea4        0x4
                0x0000000008008ea4                . = ALIGN (0x4)
                [!provide]                        PROVIDE (__fini_array_start = .)
 *(SORT_BY_NAME(.fini_array.*))
 *(.fini_array*)
 .fini_array    0x0000000008008ea4        0x4 c:/st/stm32cubeide_1.3.0/stm32cubeide/plugins/com.st.stm32cube.ide.mcu.externaltools.gnu-tools-for-stm32.7-2018-q2-update.win32_1.0.0.201904181610/tools/bin/../lib/gcc/arm-none-eabi/7.3.1/thumb/v7-m/crtbegin.o
                [!provide]                        PROVIDE (__fini_array_end = .)
                0x0000000008008ea8                . = ALIGN (0x4)
                0x0000000008008ea8                _sidata = LOADADDR (.data)

.data           0x0000000020000000      0x1ec load address 0x0000000008008ea8
                0x0000000020000000                . = ALIGN (0x4)
                0x0000000020000000                _sdata = .
 *(.data)
 *(.data*)
 .data.Font_7x10
                0x0000000020000000        0x8 Core/Src/fonts.o
                0x0000000020000000                Font_7x10
 .data.devAddr  0x0000000020000008        0x2 Core/Src/main.o
                0x0000000020000008                devAddr
 *fill*         0x000000002000000a        0x2 
 .data.SystemCoreClock
                0x000000002000000c        0x4 Core/Src/system_stm32f2xx.o
                0x000000002000000c                SystemCoreClock
 .data.uwTickPrio
                0x0000000020000010        0x4 Drivers/STM32F2xx_HAL_Driver/Src/stm32f2xx_hal.o
                0x0000000020000010                uwTickPrio
 .data.uwTickFreq
                0x0000000020000014        0x1 Drivers/STM32F2xx_HAL_Driver/Src/stm32f2xx_hal.o
                0x0000000020000014                uwTickFreq
 *fill*         0x0000000020000015        0x3 
 .data.USBD_CDC_DeviceQualifierDesc
                0x0000000020000018        0xa Middlewares/ST/STM32_USB_Device_Library/Class/CDC/Src/usbd_cdc.o
 *fill*         0x0000000020000022        0x2 
 .data.USBD_CDC
                0x0000000020000024       0x38 Middlewares/ST/STM32_USB_Device_Library/Class/CDC/Src/usbd_cdc.o
                0x0000000020000024                USBD_CDC
 .data.USBD_CDC_CfgHSDesc
                0x000000002000005c       0x43 Middlewares/ST/STM32_USB_Device_Library/Class/CDC/Src/usbd_cdc.o
                0x000000002000005c                USBD_CDC_CfgHSDesc
 *fill*         0x000000002000009f        0x1 
 .data.USBD_CDC_CfgFSDesc
                0x00000000200000a0       0x43 Middlewares/ST/STM32_USB_Device_Library/Class/CDC/Src/usbd_cdc.o
                0x00000000200000a0                USBD_CDC_CfgFSDesc
 *fill*         0x00000000200000e3        0x1 
 .data.USBD_CDC_OtherSpeedCfgDesc
                0x00000000200000e4       0x43 Middlewares/ST/STM32_USB_Device_Library/Class/CDC/Src/usbd_cdc.o
                0x00000000200000e4                USBD_CDC_OtherSpeedCfgDesc
 *fill*         0x0000000020000127        0x1 
 .data.USBD_Interface_fops_FS
                0x0000000020000128       0x10 USB_DEVICE/App/usbd_cdc_if.o
                0x0000000020000128                USBD_Interface_fops_FS
 .data.FS_Desc  0x0000000020000138       0x1c USB_DEVICE/App/usbd_desc.o
                0x0000000020000138                FS_Desc
 .data.USBD_FS_DeviceDesc
                0x0000000020000154       0x12 USB_DEVICE/App/usbd_desc.o
                0x0000000020000154                USBD_FS_DeviceDesc
 *fill*         0x0000000020000166        0x2 
 .data.USBD_LangIDDesc
                0x0000000020000168        0x4 USB_DEVICE/App/usbd_desc.o
                0x0000000020000168                USBD_LangIDDesc
 .data.USBD_StringSerial
                0x000000002000016c       0x1a USB_DEVICE/App/usbd_desc.o
                0x000000002000016c                USBD_StringSerial
 *fill*         0x0000000020000186        0x2 
 .data._impure_ptr
                0x0000000020000188        0x4 c:/st/stm32cubeide_1.3.0/stm32cubeide/plugins/com.st.stm32cube.ide.mcu.externaltools.gnu-tools-for-stm32.7-2018-q2-update.win32_1.0.0.201904181610/tools/bin/../lib/gcc/arm-none-eabi/7.3.1/../../../../arm-none-eabi/lib/thumb/v7-m\libc_nano.a(lib_a-impure.o)
                0x0000000020000188                _impure_ptr
 .data.impure_data
                0x000000002000018c       0x60 c:/st/stm32cubeide_1.3.0/stm32cubeide/plugins/com.st.stm32cube.ide.mcu.externaltools.gnu-tools-for-stm32.7-2018-q2-update.win32_1.0.0.201904181610/tools/bin/../lib/gcc/arm-none-eabi/7.3.1/../../../../arm-none-eabi/lib/thumb/v7-m\libc_nano.a(lib_a-impure.o)
                0x00000000200001ec                . = ALIGN (0x4)
                0x00000000200001ec                _edata = .

.igot.plt       0x00000000200001ec        0x0 load address 0x0000000008009094
 .igot.plt      0x00000000200001ec        0x0 c:/st/stm32cubeide_1.3.0/stm32cubeide/plugins/com.st.stm32cube.ide.mcu.externaltools.gnu-tools-for-stm32.7-2018-q2-update.win32_1.0.0.201904181610/tools/bin/../lib/gcc/arm-none-eabi/7.3.1/thumb/v7-m/crtbegin.o
                0x00000000200001ec                . = ALIGN (0x4)

.bss            0x00000000200001ec     0x1dc4 load address 0x0000000008009094
                0x00000000200001ec                _sbss = .
                0x00000000200001ec                __bss_start__ = _sbss
 *(.bss)
 .bss           0x00000000200001ec       0x1c c:/st/stm32cubeide_1.3.0/stm32cubeide/plugins/com.st.stm32cube.ide.mcu.externaltools.gnu-tools-for-stm32.7-2018-q2-update.win32_1.0.0.201904181610/tools/bin/../lib/gcc/arm-none-eabi/7.3.1/thumb/v7-m/crtbegin.o
 *(.bss*)
 .bss.SSD1306_Buffer
                0x0000000020000208      0x410 Core/Src/ssd1306.o
 .bss.SSD1306   0x0000000020000618        0x6 Core/Src/ssd1306.o
 *fill*         0x000000002000061e        0x2 
 .bss.heap_end.5149
                0x0000000020000620        0x4 Core/Src/sysmem.o
 .bss.cfgidx.9223
                0x0000000020000624        0x1 Middlewares/ST/STM32_USB_Device_Library/Core/Src/usbd_ctlreq.o
 *fill*         0x0000000020000625        0x3 
 .bss.__malloc_free_list
                0x0000000020000628        0x4 c:/st/stm32cubeide_1.3.0/stm32cubeide/plugins/com.st.stm32cube.ide.mcu.externaltools.gnu-tools-for-stm32.7-2018-q2-update.win32_1.0.0.201904181610/tools/bin/../lib/gcc/arm-none-eabi/7.3.1/../../../../arm-none-eabi/lib/thumb/v7-m\libc_nano.a(lib_a-nano-mallocr.o)
                0x0000000020000628                __malloc_free_list
 .bss.__malloc_sbrk_start
                0x000000002000062c        0x4 c:/st/stm32cubeide_1.3.0/stm32cubeide/plugins/com.st.stm32cube.ide.mcu.externaltools.gnu-tools-for-stm32.7-2018-q2-update.win32_1.0.0.201904181610/tools/bin/../lib/gcc/arm-none-eabi/7.3.1/../../../../arm-none-eabi/lib/thumb/v7-m\libc_nano.a(lib_a-nano-mallocr.o)
                0x000000002000062c                __malloc_sbrk_start
 *(COMMON)
 COMMON         0x0000000020000630      0x1b4 Core/Src/main.o
                0x0000000020000630                hhash
                0x0000000020000670                hi2c1
                0x00000000200006c4                hcrc
                0x00000000200006cc                dataReciveBufer
                0x000000002000074c                bothButtonStatus
                0x000000002000074d                leftButtonStatus
                0x0000000020000750                htim6
                0x0000000020000790                hrng
                0x00000000200007a0                rightButtonStatus
                0x00000000200007a2                tim6_counter
                0x00000000200007a4                hcryp
 COMMON         0x00000000200007e4        0x4 Drivers/STM32F2xx_HAL_Driver/Src/stm32f2xx_hal.o
                0x00000000200007e4                uwTick
 COMMON         0x00000000200007e8      0x2c4 USB_DEVICE/App/usb_device.o
                0x00000000200007e8                hUsbDeviceFS
 COMMON         0x0000000020000aac     0x1000 USB_DEVICE/App/usbd_cdc_if.o
                0x0000000020000aac                UserRxBufferFS
                0x00000000200012ac                UserTxBufferFS
 COMMON         0x0000000020001aac      0x100 USB_DEVICE/App/usbd_desc.o
                0x0000000020001aac                USBD_StrDesc
 COMMON         0x0000000020001bac      0x400 USB_DEVICE/Target/usbd_conf.o
                0x0000000020001bac                hpcd_USB_OTG_FS
 COMMON         0x0000000020001fac        0x4 c:/st/stm32cubeide_1.3.0/stm32cubeide/plugins/com.st.stm32cube.ide.mcu.externaltools.gnu-tools-for-stm32.7-2018-q2-update.win32_1.0.0.201904181610/tools/bin/../lib/gcc/arm-none-eabi/7.3.1/../../../../arm-none-eabi/lib/thumb/v7-m\libc_nano.a(lib_a-reent.o)
                0x0000000020001fac                errno
                0x0000000020001fb0                . = ALIGN (0x4)
                0x0000000020001fb0                _ebss = .
                0x0000000020001fb0                __bss_end__ = _ebss

._user_heap_stack
                0x0000000020001fb0      0x600 load address 0x0000000008009094
                0x0000000020001fb0                . = ALIGN (0x8)
                0x0000000020001fb0                PROVIDE (end = .)
                [!provide]                        PROVIDE (_end = .)
                0x00000000200021b0                . = (. + _Min_Heap_Size)
 *fill*         0x0000000020001fb0      0x200 
                0x00000000200025b0                . = (. + _Min_Stack_Size)
 *fill*         0x00000000200021b0      0x400 
                0x00000000200025b0                . = ALIGN (0x8)

/DISCARD/
 libc.a(*)
 libm.a(*)
 libgcc.a(*)

.ARM.attributes
                0x0000000000000000       0x29
 *(.ARM.attributes)
 .ARM.attributes
                0x0000000000000000       0x1d c:/st/stm32cubeide_1.3.0/stm32cubeide/plugins/com.st.stm32cube.ide.mcu.externaltools.gnu-tools-for-stm32.7-2018-q2-update.win32_1.0.0.201904181610/tools/bin/../lib/gcc/arm-none-eabi/7.3.1/thumb/v7-m/crti.o
 .ARM.attributes
                0x000000000000001d       0x2d c:/st/stm32cubeide_1.3.0/stm32cubeide/plugins/com.st.stm32cube.ide.mcu.externaltools.gnu-tools-for-stm32.7-2018-q2-update.win32_1.0.0.201904181610/tools/bin/../lib/gcc/arm-none-eabi/7.3.1/thumb/v7-m/crtbegin.o
 .ARM.attributes
                0x000000000000004a       0x33 Core/Src/fonts.o
 .ARM.attributes
                0x000000000000007d       0x33 Core/Src/main.o
 .ARM.attributes
                0x00000000000000b0       0x33 Core/Src/ssd1306.o
 .ARM.attributes
                0x00000000000000e3       0x33 Core/Src/stm32f2xx_hal_msp.o
 .ARM.attributes
                0x0000000000000116       0x33 Core/Src/stm32f2xx_it.o
 .ARM.attributes
                0x0000000000000149       0x33 Core/Src/sysmem.o
 .ARM.attributes
                0x000000000000017c       0x33 Core/Src/system_stm32f2xx.o
 .ARM.attributes
                0x00000000000001af       0x21 Core/Startup/startup_stm32f215retx.o
 .ARM.attributes
                0x00000000000001d0       0x33 Drivers/STM32F2xx_HAL_Driver/Src/stm32f2xx_hal.o
 .ARM.attributes
                0x0000000000000203       0x33 Drivers/STM32F2xx_HAL_Driver/Src/stm32f2xx_hal_cortex.o
 .ARM.attributes
                0x0000000000000236       0x33 Drivers/STM32F2xx_HAL_Driver/Src/stm32f2xx_hal_crc.o
 .ARM.attributes
                0x0000000000000269       0x33 Drivers/STM32F2xx_HAL_Driver/Src/stm32f2xx_hal_cryp.o
 .ARM.attributes
                0x000000000000029c       0x33 Drivers/STM32F2xx_HAL_Driver/Src/stm32f2xx_hal_gpio.o
 .ARM.attributes
                0x00000000000002cf       0x33 Drivers/STM32F2xx_HAL_Driver/Src/stm32f2xx_hal_hash.o
 .ARM.attributes
                0x0000000000000302       0x33 Drivers/STM32F2xx_HAL_Driver/Src/stm32f2xx_hal_i2c.o
 .ARM.attributes
                0x0000000000000335       0x33 Drivers/STM32F2xx_HAL_Driver/Src/stm32f2xx_hal_pcd.o
 .ARM.attributes
                0x0000000000000368       0x33 Drivers/STM32F2xx_HAL_Driver/Src/stm32f2xx_hal_pcd_ex.o
 .ARM.attributes
                0x000000000000039b       0x33 Drivers/STM32F2xx_HAL_Driver/Src/stm32f2xx_hal_rcc.o
 .ARM.attributes
                0x00000000000003ce       0x33 Drivers/STM32F2xx_HAL_Driver/Src/stm32f2xx_hal_rng.o
 .ARM.attributes
                0x0000000000000401       0x33 Drivers/STM32F2xx_HAL_Driver/Src/stm32f2xx_hal_tim.o
 .ARM.attributes
                0x0000000000000434       0x33 Drivers/STM32F2xx_HAL_Driver/Src/stm32f2xx_hal_tim_ex.o
 .ARM.attributes
                0x0000000000000467       0x33 Drivers/STM32F2xx_HAL_Driver/Src/stm32f2xx_ll_usb.o
 .ARM.attributes
                0x000000000000049a       0x33 Middlewares/ST/STM32_USB_Device_Library/Class/CDC/Src/usbd_cdc.o
 .ARM.attributes
                0x00000000000004cd       0x33 Middlewares/ST/STM32_USB_Device_Library/Core/Src/usbd_core.o
 .ARM.attributes
                0x0000000000000500       0x33 Middlewares/ST/STM32_USB_Device_Library/Core/Src/usbd_ctlreq.o
 .ARM.attributes
                0x0000000000000533       0x33 Middlewares/ST/STM32_USB_Device_Library/Core/Src/usbd_ioreq.o
 .ARM.attributes
                0x0000000000000566       0x33 USB_DEVICE/App/usb_device.o
 .ARM.attributes
                0x0000000000000599       0x33 USB_DEVICE/App/usbd_cdc_if.o
 .ARM.attributes
                0x00000000000005cc       0x33 USB_DEVICE/App/usbd_desc.o
 .ARM.attributes
                0x00000000000005ff       0x33 USB_DEVICE/Target/usbd_conf.o
 .ARM.attributes
                0x0000000000000632       0x2d c:/st/stm32cubeide_1.3.0/stm32cubeide/plugins/com.st.stm32cube.ide.mcu.externaltools.gnu-tools-for-stm32.7-2018-q2-update.win32_1.0.0.201904181610/tools/bin/../lib/gcc/arm-none-eabi/7.3.1/../../../../arm-none-eabi/lib/thumb/v7-m\libc_nano.a(lib_a-errno.o)
 .ARM.attributes
                0x000000000000065f       0x2d c:/st/stm32cubeide_1.3.0/stm32cubeide/plugins/com.st.stm32cube.ide.mcu.externaltools.gnu-tools-for-stm32.7-2018-q2-update.win32_1.0.0.201904181610/tools/bin/../lib/gcc/arm-none-eabi/7.3.1/../../../../arm-none-eabi/lib/thumb/v7-m\libc_nano.a(lib_a-impure.o)
 .ARM.attributes
                0x000000000000068c       0x2d c:/st/stm32cubeide_1.3.0/stm32cubeide/plugins/com.st.stm32cube.ide.mcu.externaltools.gnu-tools-for-stm32.7-2018-q2-update.win32_1.0.0.201904181610/tools/bin/../lib/gcc/arm-none-eabi/7.3.1/../../../../arm-none-eabi/lib/thumb/v7-m\libc_nano.a(lib_a-init.o)
 .ARM.attributes
                0x00000000000006b9       0x2d c:/st/stm32cubeide_1.3.0/stm32cubeide/plugins/com.st.stm32cube.ide.mcu.externaltools.gnu-tools-for-stm32.7-2018-q2-update.win32_1.0.0.201904181610/tools/bin/../lib/gcc/arm-none-eabi/7.3.1/../../../../arm-none-eabi/lib/thumb/v7-m\libc_nano.a(lib_a-malloc.o)
 .ARM.attributes
                0x00000000000006e6       0x2d c:/st/stm32cubeide_1.3.0/stm32cubeide/plugins/com.st.stm32cube.ide.mcu.externaltools.gnu-tools-for-stm32.7-2018-q2-update.win32_1.0.0.201904181610/tools/bin/../lib/gcc/arm-none-eabi/7.3.1/../../../../arm-none-eabi/lib/thumb/v7-m\libc_nano.a(lib_a-memset.o)
 .ARM.attributes
                0x0000000000000713       0x2d c:/st/stm32cubeide_1.3.0/stm32cubeide/plugins/com.st.stm32cube.ide.mcu.externaltools.gnu-tools-for-stm32.7-2018-q2-update.win32_1.0.0.201904181610/tools/bin/../lib/gcc/arm-none-eabi/7.3.1/../../../../arm-none-eabi/lib/thumb/v7-m\libc_nano.a(lib_a-nano-freer.o)
 .ARM.attributes
                0x0000000000000740       0x2d c:/st/stm32cubeide_1.3.0/stm32cubeide/plugins/com.st.stm32cube.ide.mcu.externaltools.gnu-tools-for-stm32.7-2018-q2-update.win32_1.0.0.201904181610/tools/bin/../lib/gcc/arm-none-eabi/7.3.1/../../../../arm-none-eabi/lib/thumb/v7-m\libc_nano.a(lib_a-nano-mallocr.o)
 .ARM.attributes
                0x000000000000076d       0x2d c:/st/stm32cubeide_1.3.0/stm32cubeide/plugins/com.st.stm32cube.ide.mcu.externaltools.gnu-tools-for-stm32.7-2018-q2-update.win32_1.0.0.201904181610/tools/bin/../lib/gcc/arm-none-eabi/7.3.1/../../../../arm-none-eabi/lib/thumb/v7-m\libc_nano.a(lib_a-sbrkr.o)
 .ARM.attributes
                0x000000000000079a       0x2d c:/st/stm32cubeide_1.3.0/stm32cubeide/plugins/com.st.stm32cube.ide.mcu.externaltools.gnu-tools-for-stm32.7-2018-q2-update.win32_1.0.0.201904181610/tools/bin/../lib/gcc/arm-none-eabi/7.3.1/../../../../arm-none-eabi/lib/thumb/v7-m\libc_nano.a(lib_a-mlock.o)
 .ARM.attributes
                0x00000000000007c7       0x2d c:/st/stm32cubeide_1.3.0/stm32cubeide/plugins/com.st.stm32cube.ide.mcu.externaltools.gnu-tools-for-stm32.7-2018-q2-update.win32_1.0.0.201904181610/tools/bin/../lib/gcc/arm-none-eabi/7.3.1/../../../../arm-none-eabi/lib/thumb/v7-m\libc_nano.a(lib_a-reent.o)
 .ARM.attributes
                0x00000000000007f4       0x1d c:/st/stm32cubeide_1.3.0/stm32cubeide/plugins/com.st.stm32cube.ide.mcu.externaltools.gnu-tools-for-stm32.7-2018-q2-update.win32_1.0.0.201904181610/tools/bin/../lib/gcc/arm-none-eabi/7.3.1/thumb/v7-m\libgcc.a(_aeabi_uldivmod.o)
 .ARM.attributes
                0x0000000000000811       0x2d c:/st/stm32cubeide_1.3.0/stm32cubeide/plugins/com.st.stm32cube.ide.mcu.externaltools.gnu-tools-for-stm32.7-2018-q2-update.win32_1.0.0.201904181610/tools/bin/../lib/gcc/arm-none-eabi/7.3.1/thumb/v7-m\libgcc.a(_udivmoddi4.o)
 .ARM.attributes
                0x000000000000083e       0x1d c:/st/stm32cubeide_1.3.0/stm32cubeide/plugins/com.st.stm32cube.ide.mcu.externaltools.gnu-tools-for-stm32.7-2018-q2-update.win32_1.0.0.201904181610/tools/bin/../lib/gcc/arm-none-eabi/7.3.1/thumb/v7-m\libgcc.a(_dvmd_tls.o)
 .ARM.attributes
                0x000000000000085b       0x1d c:/st/stm32cubeide_1.3.0/stm32cubeide/plugins/com.st.stm32cube.ide.mcu.externaltools.gnu-tools-for-stm32.7-2018-q2-update.win32_1.0.0.201904181610/tools/bin/../lib/gcc/arm-none-eabi/7.3.1/thumb/v7-m/crtn.o
OUTPUT(IDM.elf elf32-littlearm)

.debug_info     0x0000000000000000    0x20a09
 .debug_info    0x0000000000000000      0x282 Core/Src/fonts.o
 .debug_info    0x0000000000000282     0x22cd Core/Src/main.o
 .debug_info    0x000000000000254f      0x917 Core/Src/ssd1306.o
 .debug_info    0x0000000000002e66     0x175d Core/Src/stm32f2xx_hal_msp.o
 .debug_info    0x00000000000045c3      0xe85 Core/Src/stm32f2xx_it.o
 .debug_info    0x0000000000005448      0x91c Core/Src/sysmem.o
 .debug_info    0x0000000000005d64      0x554 Core/Src/system_stm32f2xx.o
 .debug_info    0x00000000000062b8       0x22 Core/Startup/startup_stm32f215retx.o
 .debug_info    0x00000000000062da      0x9a3 Drivers/STM32F2xx_HAL_Driver/Src/stm32f2xx_hal.o
 .debug_info    0x0000000000006c7d      0xe1c Drivers/STM32F2xx_HAL_Driver/Src/stm32f2xx_hal_cortex.o
 .debug_info    0x0000000000007a99      0x441 Drivers/STM32F2xx_HAL_Driver/Src/stm32f2xx_hal_crc.o
 .debug_info    0x0000000000007eda      0xf94 Drivers/STM32F2xx_HAL_Driver/Src/stm32f2xx_hal_cryp.o
 .debug_info    0x0000000000008e6e      0x77e Drivers/STM32F2xx_HAL_Driver/Src/stm32f2xx_hal_gpio.o
 .debug_info    0x00000000000095ec     0x1652 Drivers/STM32F2xx_HAL_Driver/Src/stm32f2xx_hal_hash.o
 .debug_info    0x000000000000ac3e     0x23b5 Drivers/STM32F2xx_HAL_Driver/Src/stm32f2xx_hal_i2c.o
 .debug_info    0x000000000000cff3     0x10c2 Drivers/STM32F2xx_HAL_Driver/Src/stm32f2xx_hal_pcd.o
 .debug_info    0x000000000000e0b5      0x733 Drivers/STM32F2xx_HAL_Driver/Src/stm32f2xx_hal_pcd_ex.o
 .debug_info    0x000000000000e7e8      0xb71 Drivers/STM32F2xx_HAL_Driver/Src/stm32f2xx_hal_rcc.o
 .debug_info    0x000000000000f359      0x552 Drivers/STM32F2xx_HAL_Driver/Src/stm32f2xx_hal_rng.o
 .debug_info    0x000000000000f8ab     0x24a9 Drivers/STM32F2xx_HAL_Driver/Src/stm32f2xx_hal_tim.o
 .debug_info    0x0000000000011d54     0x1157 Drivers/STM32F2xx_HAL_Driver/Src/stm32f2xx_hal_tim_ex.o
 .debug_info    0x0000000000012eab     0x18dd Drivers/STM32F2xx_HAL_Driver/Src/stm32f2xx_ll_usb.o
 .debug_info    0x0000000000014788     0x1cf5 Middlewares/ST/STM32_USB_Device_Library/Class/CDC/Src/usbd_cdc.o
 .debug_info    0x000000000001647d     0x1781 Middlewares/ST/STM32_USB_Device_Library/Core/Src/usbd_core.o
 .debug_info    0x0000000000017bfe     0x16f1 Middlewares/ST/STM32_USB_Device_Library/Core/Src/usbd_ctlreq.o
 .debug_info    0x00000000000192ef     0x14e2 Middlewares/ST/STM32_USB_Device_Library/Core/Src/usbd_ioreq.o
 .debug_info    0x000000000001a7d1     0x142a USB_DEVICE/App/usb_device.o
 .debug_info    0x000000000001bbfb     0x160d USB_DEVICE/App/usbd_cdc_if.o
 .debug_info    0x000000000001d208     0x12c5 USB_DEVICE/App/usbd_desc.o
 .debug_info    0x000000000001e4cd     0x253c USB_DEVICE/Target/usbd_conf.o

.debug_abbrev   0x0000000000000000     0x3f36
 .debug_abbrev  0x0000000000000000       0xdc Core/Src/fonts.o
 .debug_abbrev  0x00000000000000dc      0x333 Core/Src/main.o
 .debug_abbrev  0x000000000000040f      0x1de Core/Src/ssd1306.o
 .debug_abbrev  0x00000000000005ed      0x22c Core/Src/stm32f2xx_hal_msp.o
 .debug_abbrev  0x0000000000000819      0x1ca Core/Src/stm32f2xx_it.o
 .debug_abbrev  0x00000000000009e3      0x1bb Core/Src/sysmem.o
 .debug_abbrev  0x0000000000000b9e      0x12b Core/Src/system_stm32f2xx.o
 .debug_abbrev  0x0000000000000cc9       0x12 Core/Startup/startup_stm32f215retx.o
 .debug_abbrev  0x0000000000000cdb      0x236 Drivers/STM32F2xx_HAL_Driver/Src/stm32f2xx_hal.o
 .debug_abbrev  0x0000000000000f11      0x2fa Drivers/STM32F2xx_HAL_Driver/Src/stm32f2xx_hal_cortex.o
 .debug_abbrev  0x000000000000120b      0x1b7 Drivers/STM32F2xx_HAL_Driver/Src/stm32f2xx_hal_crc.o
 .debug_abbrev  0x00000000000013c2      0x207 Drivers/STM32F2xx_HAL_Driver/Src/stm32f2xx_hal_cryp.o
 .debug_abbrev  0x00000000000015c9      0x1c0 Drivers/STM32F2xx_HAL_Driver/Src/stm32f2xx_hal_gpio.o
 .debug_abbrev  0x0000000000001789      0x273 Drivers/STM32F2xx_HAL_Driver/Src/stm32f2xx_hal_hash.o
 .debug_abbrev  0x00000000000019fc      0x254 Drivers/STM32F2xx_HAL_Driver/Src/stm32f2xx_hal_i2c.o
 .debug_abbrev  0x0000000000001c50      0x266 Drivers/STM32F2xx_HAL_Driver/Src/stm32f2xx_hal_pcd.o
 .debug_abbrev  0x0000000000001eb6      0x1c0 Drivers/STM32F2xx_HAL_Driver/Src/stm32f2xx_hal_pcd_ex.o
 .debug_abbrev  0x0000000000002076      0x25f Drivers/STM32F2xx_HAL_Driver/Src/stm32f2xx_hal_rcc.o
 .debug_abbrev  0x00000000000022d5      0x1bc Drivers/STM32F2xx_HAL_Driver/Src/stm32f2xx_hal_rng.o
 .debug_abbrev  0x0000000000002491      0x230 Drivers/STM32F2xx_HAL_Driver/Src/stm32f2xx_hal_tim.o
 .debug_abbrev  0x00000000000026c1      0x21e Drivers/STM32F2xx_HAL_Driver/Src/stm32f2xx_hal_tim_ex.o
 .debug_abbrev  0x00000000000028df      0x26d Drivers/STM32F2xx_HAL_Driver/Src/stm32f2xx_ll_usb.o
 .debug_abbrev  0x0000000000002b4c      0x2d4 Middlewares/ST/STM32_USB_Device_Library/Class/CDC/Src/usbd_cdc.o
 .debug_abbrev  0x0000000000002e20      0x28e Middlewares/ST/STM32_USB_Device_Library/Core/Src/usbd_core.o
 .debug_abbrev  0x00000000000030ae      0x2be Middlewares/ST/STM32_USB_Device_Library/Core/Src/usbd_ctlreq.o
 .debug_abbrev  0x000000000000336c      0x1fe Middlewares/ST/STM32_USB_Device_Library/Core/Src/usbd_ioreq.o
 .debug_abbrev  0x000000000000356a      0x1cb USB_DEVICE/App/usb_device.o
 .debug_abbrev  0x0000000000003735      0x2bb USB_DEVICE/App/usbd_cdc_if.o
 .debug_abbrev  0x00000000000039f0      0x2a5 USB_DEVICE/App/usbd_desc.o
 .debug_abbrev  0x0000000000003c95      0x2a1 USB_DEVICE/Target/usbd_conf.o

.debug_aranges  0x0000000000000000     0x1790
 .debug_aranges
                0x0000000000000000       0x18 Core/Src/fonts.o
 .debug_aranges
                0x0000000000000018       0xd0 Core/Src/main.o
 .debug_aranges
                0x00000000000000e8       0x58 Core/Src/ssd1306.o
 .debug_aranges
                0x0000000000000140       0x80 Core/Src/stm32f2xx_hal_msp.o
 .debug_aranges
                0x00000000000001c0       0x78 Core/Src/stm32f2xx_it.o
 .debug_aranges
                0x0000000000000238       0x20 Core/Src/sysmem.o
 .debug_aranges
                0x0000000000000258       0x28 Core/Src/system_stm32f2xx.o
 .debug_aranges
                0x0000000000000280       0x28 Core/Startup/startup_stm32f215retx.o
 .debug_aranges
                0x00000000000002a8       0xf0 Drivers/STM32F2xx_HAL_Driver/Src/stm32f2xx_hal.o
 .debug_aranges
                0x0000000000000398      0x118 Drivers/STM32F2xx_HAL_Driver/Src/stm32f2xx_hal_cortex.o
 .debug_aranges
                0x00000000000004b0       0x50 Drivers/STM32F2xx_HAL_Driver/Src/stm32f2xx_hal_crc.o
 .debug_aranges
                0x0000000000000500      0x128 Drivers/STM32F2xx_HAL_Driver/Src/stm32f2xx_hal_cryp.o
 .debug_aranges
                0x0000000000000628       0x58 Drivers/STM32F2xx_HAL_Driver/Src/stm32f2xx_hal_gpio.o
 .debug_aranges
                0x0000000000000680      0x190 Drivers/STM32F2xx_HAL_Driver/Src/stm32f2xx_hal_hash.o
 .debug_aranges
                0x0000000000000810      0x298 Drivers/STM32F2xx_HAL_Driver/Src/stm32f2xx_hal_i2c.o
 .debug_aranges
                0x0000000000000aa8      0x130 Drivers/STM32F2xx_HAL_Driver/Src/stm32f2xx_hal_pcd.o
 .debug_aranges
                0x0000000000000bd8       0x38 Drivers/STM32F2xx_HAL_Driver/Src/stm32f2xx_hal_pcd_ex.o
 .debug_aranges
                0x0000000000000c10       0x88 Drivers/STM32F2xx_HAL_Driver/Src/stm32f2xx_hal_rcc.o
 .debug_aranges
                0x0000000000000c98       0x88 Drivers/STM32F2xx_HAL_Driver/Src/stm32f2xx_hal_rng.o
 .debug_aranges
                0x0000000000000d20      0x3a8 Drivers/STM32F2xx_HAL_Driver/Src/stm32f2xx_hal_tim.o
 .debug_aranges
                0x00000000000010c8      0x150 Drivers/STM32F2xx_HAL_Driver/Src/stm32f2xx_hal_tim_ex.o
 .debug_aranges
                0x0000000000001218      0x198 Drivers/STM32F2xx_HAL_Driver/Src/stm32f2xx_ll_usb.o
 .debug_aranges
                0x00000000000013b0       0x90 Middlewares/ST/STM32_USB_Device_Library/Class/CDC/Src/usbd_cdc.o
 .debug_aranges
                0x0000000000001440       0xb8 Middlewares/ST/STM32_USB_Device_Library/Core/Src/usbd_core.o
 .debug_aranges
                0x00000000000014f8       0x88 Middlewares/ST/STM32_USB_Device_Library/Core/Src/usbd_ctlreq.o
 .debug_aranges
                0x0000000000001580       0x50 Middlewares/ST/STM32_USB_Device_Library/Core/Src/usbd_ioreq.o
 .debug_aranges
                0x00000000000015d0       0x20 USB_DEVICE/App/usb_device.o
 .debug_aranges
                0x00000000000015f0       0x40 USB_DEVICE/App/usbd_cdc_if.o
 .debug_aranges
                0x0000000000001630       0x60 USB_DEVICE/App/usbd_desc.o
 .debug_aranges
                0x0000000000001690      0x100 USB_DEVICE/Target/usbd_conf.o

.debug_macro    0x0000000000000000    0x22ad8
 .debug_macro   0x0000000000000000      0x21d Core/Src/fonts.o
 .debug_macro   0x000000000000021d      0xa5a Core/Src/fonts.o
 .debug_macro   0x0000000000000c77      0x255 Core/Src/fonts.o
 .debug_macro   0x0000000000000ecc       0x2e Core/Src/fonts.o
 .debug_macro   0x0000000000000efa       0x22 Core/Src/fonts.o
 .debug_macro   0x0000000000000f1c       0x22 Core/Src/fonts.o
 .debug_macro   0x0000000000000f3e       0x8e Core/Src/fonts.o
 .debug_macro   0x0000000000000fcc       0x51 Core/Src/fonts.o
 .debug_macro   0x000000000000101d       0xef Core/Src/fonts.o
 .debug_macro   0x000000000000110c       0x6a Core/Src/fonts.o
 .debug_macro   0x0000000000001176      0x1df Core/Src/fonts.o
 .debug_macro   0x0000000000001355       0x1c Core/Src/fonts.o
 .debug_macro   0x0000000000001371       0x22 Core/Src/fonts.o
 .debug_macro   0x0000000000001393       0xc3 Core/Src/fonts.o
 .debug_macro   0x0000000000001456      0xe49 Core/Src/fonts.o
 .debug_macro   0x000000000000229f      0x11f Core/Src/fonts.o
 .debug_macro   0x00000000000023be    0x138d4 Core/Src/fonts.o
 .debug_macro   0x0000000000015c92       0x43 Core/Src/fonts.o
 .debug_macro   0x0000000000015cd5     0x3510 Core/Src/fonts.o
 .debug_macro   0x00000000000191e5      0x174 Core/Src/fonts.o
 .debug_macro   0x0000000000019359       0x53 Core/Src/fonts.o
 .debug_macro   0x00000000000193ac     0x103b Core/Src/fonts.o
 .debug_macro   0x000000000001a3e7       0xba Core/Src/fonts.o
 .debug_macro   0x000000000001a4a1      0x170 Core/Src/fonts.o
 .debug_macro   0x000000000001a611      0x117 Core/Src/fonts.o
 .debug_macro   0x000000000001a728       0xfa Core/Src/fonts.o
 .debug_macro   0x000000000001a822       0x27 Core/Src/fonts.o
 .debug_macro   0x000000000001a849      0x16a Core/Src/fonts.o
 .debug_macro   0x000000000001a9b3      0x287 Core/Src/fonts.o
 .debug_macro   0x000000000001ac3a       0x5f Core/Src/fonts.o
 .debug_macro   0x000000000001ac99      0x236 Core/Src/fonts.o
 .debug_macro   0x000000000001aecf       0x22 Core/Src/fonts.o
 .debug_macro   0x000000000001aef1      0x13e Core/Src/fonts.o
 .debug_macro   0x000000000001b02f      0x126 Core/Src/fonts.o
 .debug_macro   0x000000000001b155      0x216 Core/Src/fonts.o
 .debug_macro   0x000000000001b36b       0x2e Core/Src/fonts.o
 .debug_macro   0x000000000001b399       0xff Core/Src/fonts.o
 .debug_macro   0x000000000001b498      0x287 Core/Src/fonts.o
 .debug_macro   0x000000000001b71f      0x113 Core/Src/fonts.o
 .debug_macro   0x000000000001b832       0x22 Core/Src/fonts.o
 .debug_macro   0x000000000001b854       0x82 Core/Src/fonts.o
 .debug_macro   0x000000000001b8d6       0xa4 Core/Src/fonts.o
 .debug_macro   0x000000000001b97a      0x88b Core/Src/fonts.o
 .debug_macro   0x000000000001c205       0x4c Core/Src/fonts.o
 .debug_macro   0x000000000001c251      0x225 Core/Src/fonts.o
 .debug_macro   0x000000000001c476       0xe4 Core/Src/fonts.o
 .debug_macro   0x000000000001c55a      0x12d Core/Src/fonts.o
 .debug_macro   0x000000000001c687      0x436 Core/Src/main.o
 .debug_macro   0x000000000001cabd       0x22 Core/Src/main.o
 .debug_macro   0x000000000001cadf       0x46 Core/Src/main.o